../Drivers/BSP/STM32746G-Discovery/stm32746g_discovery_sdram.c:139:9:BSP_SDRAM_Init	8	static
../Drivers/BSP/STM32746G-Discovery/stm32746g_discovery_sdram.c:188:9:BSP_SDRAM_DeInit	8	static
../Drivers/BSP/STM32746G-Discovery/stm32746g_discovery_sdram.c:214:6:BSP_SDRAM_Initialization_sequence	24	static
../Drivers/BSP/STM32746G-Discovery/stm32746g_discovery_sdram.c:276:9:BSP_SDRAM_ReadData	24	static
../Drivers/BSP/STM32746G-Discovery/stm32746g_discovery_sdram.c:295:9:BSP_SDRAM_ReadData_DMA	24	static
../Drivers/BSP/STM32746G-Discovery/stm32746g_discovery_sdram.c:314:9:BSP_SDRAM_WriteData	24	static
../Drivers/BSP/STM32746G-Discovery/stm32746g_discovery_sdram.c:333:9:BSP_SDRAM_WriteData_DMA	24	static
../Drivers/BSP/STM32746G-Discovery/stm32746g_discovery_sdram.c:350:9:BSP_SDRAM_Sendcmd	16	static
../Drivers/BSP/STM32746G-Discovery/stm32746g_discovery_sdram.c:368:13:BSP_SDRAM_MspInit	72	static
../Drivers/BSP/STM32746G-Discovery/stm32746g_discovery_sdram.c:459:13:BSP_SDRAM_MspDeInit	16	static
