../Drivers/BSP/STM32746G-Discovery/stm32746g_discovery_lcd.c:148:9:BSP_LCD_Init	8	static
../Drivers/BSP/STM32746G-Discovery/stm32746g_discovery_lcd.c:210:9:BSP_LCD_DeInit	8	static
../Drivers/BSP/STM32746G-Discovery/stm32746g_discovery_lcd.c:231:10:BSP_LCD_GetXSize	4	static
../Drivers/BSP/STM32746G-Discovery/stm32746g_discovery_lcd.c:240:10:BSP_LCD_GetYSize	4	static
../Drivers/BSP/STM32746G-Discovery/stm32746g_discovery_lcd.c:250:6:BSP_LCD_SetXSize	16	static
../Drivers/BSP/STM32746G-Discovery/stm32746g_discovery_lcd.c:260:6:BSP_LCD_SetYSize	16	static
../Drivers/BSP/STM32746G-Discovery/stm32746g_discovery_lcd.c:271:6:BSP_LCD_LayerDefaultInit	16	static
../Drivers/BSP/STM32746G-Discovery/stm32746g_discovery_lcd.c:305:6:BSP_LCD_LayerRgb565Init	16	static
../Drivers/BSP/STM32746G-Discovery/stm32746g_discovery_lcd.c:338:6:BSP_LCD_SelectLayer	16	static
../Drivers/BSP/STM32746G-Discovery/stm32746g_discovery_lcd.c:352:6:BSP_LCD_SetLayerVisible	16	static
../Drivers/BSP/STM32746G-Discovery/stm32746g_discovery_lcd.c:374:6:BSP_LCD_SetLayerVisible_NoReload	16	static
../Drivers/BSP/STM32746G-Discovery/stm32746g_discovery_lcd.c:394:6:BSP_LCD_SetTransparency	16	static
../Drivers/BSP/STM32746G-Discovery/stm32746g_discovery_lcd.c:406:6:BSP_LCD_SetTransparency_NoReload	16	static
../Drivers/BSP/STM32746G-Discovery/stm32746g_discovery_lcd.c:417:6:BSP_LCD_SetLayerAddress	16	static
../Drivers/BSP/STM32746G-Discovery/stm32746g_discovery_lcd.c:428:6:BSP_LCD_SetLayerAddress_NoReload	16	static
../Drivers/BSP/STM32746G-Discovery/stm32746g_discovery_lcd.c:442:6:BSP_LCD_SetLayerWindow	24	static
../Drivers/BSP/STM32746G-Discovery/stm32746g_discovery_lcd.c:460:6:BSP_LCD_SetLayerWindow_NoReload	24	static
../Drivers/BSP/STM32746G-Discovery/stm32746g_discovery_lcd.c:475:6:BSP_LCD_SetColorKeying	16	static
../Drivers/BSP/STM32746G-Discovery/stm32746g_discovery_lcd.c:488:6:BSP_LCD_SetColorKeying_NoReload	16	static
../Drivers/BSP/STM32746G-Discovery/stm32746g_discovery_lcd.c:500:6:BSP_LCD_ResetColorKeying	16	static
../Drivers/BSP/STM32746G-Discovery/stm32746g_discovery_lcd.c:511:6:BSP_LCD_ResetColorKeying_NoReload	16	static
../Drivers/BSP/STM32746G-Discovery/stm32746g_discovery_lcd.c:524:6:BSP_LCD_Reload	16	static
../Drivers/BSP/STM32746G-Discovery/stm32746g_discovery_lcd.c:534:6:BSP_LCD_SetTextColor	16	static
../Drivers/BSP/STM32746G-Discovery/stm32746g_discovery_lcd.c:543:10:BSP_LCD_GetTextColor	4	static
../Drivers/BSP/STM32746G-Discovery/stm32746g_discovery_lcd.c:553:6:BSP_LCD_SetBackColor	16	static
../Drivers/BSP/STM32746G-Discovery/stm32746g_discovery_lcd.c:562:10:BSP_LCD_GetBackColor	4	static
../Drivers/BSP/STM32746G-Discovery/stm32746g_discovery_lcd.c:572:6:BSP_LCD_SetFont	16	static
../Drivers/BSP/STM32746G-Discovery/stm32746g_discovery_lcd.c:581:8:BSP_LCD_GetFont	4	static
../Drivers/BSP/STM32746G-Discovery/stm32746g_discovery_lcd.c:592:10:BSP_LCD_ReadPixel	32	static
../Drivers/BSP/STM32746G-Discovery/stm32746g_discovery_lcd.c:627:6:BSP_LCD_Clear	40	static
../Drivers/BSP/STM32746G-Discovery/stm32746g_discovery_lcd.c:638:6:BSP_LCD_ClearStringLine	32	static
../Drivers/BSP/STM32746G-Discovery/stm32746g_discovery_lcd.c:658:6:BSP_LCD_DisplayChar	24	static
../Drivers/BSP/STM32746G-Discovery/stm32746g_discovery_lcd.c:678:6:BSP_LCD_DisplayStringAt	48	static
../Drivers/BSP/STM32746G-Discovery/stm32746g_discovery_lcd.c:739:6:BSP_LCD_DisplayStringAtLine	16	static
../Drivers/BSP/STM32746G-Discovery/stm32746g_discovery_lcd.c:751:6:BSP_LCD_DrawHLine	40	static
../Drivers/BSP/STM32746G-Discovery/stm32746g_discovery_lcd.c:776:6:BSP_LCD_DrawVLine	48	static
../Drivers/BSP/STM32746G-Discovery/stm32746g_discovery_lcd.c:802:6:BSP_LCD_DrawLine	56	static
../Drivers/BSP/STM32746G-Discovery/stm32746g_discovery_lcd.c:877:6:BSP_LCD_DrawRect	24	static
../Drivers/BSP/STM32746G-Discovery/stm32746g_discovery_lcd.c:895:6:BSP_LCD_DrawCircle	40	static
../Drivers/BSP/STM32746G-Discovery/stm32746g_discovery_lcd.c:942:6:BSP_LCD_DrawPolygon	32	static
../Drivers/BSP/STM32746G-Discovery/stm32746g_discovery_lcd.c:970:6:BSP_LCD_DrawEllipse	64	static
../Drivers/BSP/STM32746G-Discovery/stm32746g_discovery_lcd.c:1003:6:BSP_LCD_DrawPixel	24	static
../Drivers/BSP/STM32746G-Discovery/stm32746g_discovery_lcd.c:1028:6:BSP_LCD_DrawBitmap	56	static
../Drivers/BSP/STM32746G-Discovery/stm32746g_discovery_lcd.c:1089:6:BSP_LCD_FillRect	48	static
../Drivers/BSP/STM32746G-Discovery/stm32746g_discovery_lcd.c:1116:6:BSP_LCD_FillCircle	32	static
../Drivers/BSP/STM32746G-Discovery/stm32746g_discovery_lcd.c:1164:6:BSP_LCD_FillPolygon	64	static
../Drivers/BSP/STM32746G-Discovery/stm32746g_discovery_lcd.c:1232:6:BSP_LCD_FillEllipse	56	static
../Drivers/BSP/STM32746G-Discovery/stm32746g_discovery_lcd.c:1262:6:BSP_LCD_DisplayOn	8	static
../Drivers/BSP/STM32746G-Discovery/stm32746g_discovery_lcd.c:1274:6:BSP_LCD_DisplayOff	8	static
../Drivers/BSP/STM32746G-Discovery/stm32746g_discovery_lcd.c:1288:13:BSP_LCD_MspInit	72	static
../Drivers/BSP/STM32746G-Discovery/stm32746g_discovery_lcd.c:1360:13:BSP_LCD_MspDeInit	40	static
../Drivers/BSP/STM32746G-Discovery/stm32746g_discovery_lcd.c:1409:13:BSP_LCD_ClockConfig	16	static
../Drivers/BSP/STM32746G-Discovery/stm32746g_discovery_lcd.c:1437:13:DrawChar	40	static
../Drivers/BSP/STM32746G-Discovery/stm32746g_discovery_lcd.c:1496:13:FillTriangle	56	static
../Drivers/BSP/STM32746G-Discovery/stm32746g_discovery_lcd.c:1574:13:LL_FillBuffer	32	static
../Drivers/BSP/STM32746G-Discovery/stm32746g_discovery_lcd.c:1612:13:LL_ConvertLineToARGB8888	32	static
