Archive member included to satisfy reference by file (symbol)

c:/st/stm32cubeide_1.4.0/stm32cubeide/plugins/com.st.stm32cube.ide.mcu.externaltools.gnu-tools-for-stm32.9-2020-q2-update.win32_2.0.0.202105311346/tools/bin/../lib/gcc/arm-none-eabi/9.3.1/../../../../arm-none-eabi/lib/thumb/v7e-m+fp/hard\libc_nano.a(lib_a-errno.o)
                              ./Core/Src/syscalls.o (__errno)
c:/st/stm32cubeide_1.4.0/stm32cubeide/plugins/com.st.stm32cube.ide.mcu.externaltools.gnu-tools-for-stm32.9-2020-q2-update.win32_2.0.0.202105311346/tools/bin/../lib/gcc/arm-none-eabi/9.3.1/../../../../arm-none-eabi/lib/thumb/v7e-m+fp/hard\libc_nano.a(lib_a-exit.o)
                              c:/st/stm32cubeide_1.4.0/stm32cubeide/plugins/com.st.stm32cube.ide.mcu.externaltools.gnu-tools-for-stm32.9-2020-q2-update.win32_2.0.0.202105311346/tools/bin/../lib/gcc/arm-none-eabi/9.3.1/../../../../arm-none-eabi/lib/thumb/v7e-m+fp/hard/crt0.o (exit)
c:/st/stm32cubeide_1.4.0/stm32cubeide/plugins/com.st.stm32cube.ide.mcu.externaltools.gnu-tools-for-stm32.9-2020-q2-update.win32_2.0.0.202105311346/tools/bin/../lib/gcc/arm-none-eabi/9.3.1/../../../../arm-none-eabi/lib/thumb/v7e-m+fp/hard\libc_nano.a(lib_a-impure.o)
                              c:/st/stm32cubeide_1.4.0/stm32cubeide/plugins/com.st.stm32cube.ide.mcu.externaltools.gnu-tools-for-stm32.9-2020-q2-update.win32_2.0.0.202105311346/tools/bin/../lib/gcc/arm-none-eabi/9.3.1/../../../../arm-none-eabi/lib/thumb/v7e-m+fp/hard\libc_nano.a(lib_a-exit.o) (_global_impure_ptr)
c:/st/stm32cubeide_1.4.0/stm32cubeide/plugins/com.st.stm32cube.ide.mcu.externaltools.gnu-tools-for-stm32.9-2020-q2-update.win32_2.0.0.202105311346/tools/bin/../lib/gcc/arm-none-eabi/9.3.1/../../../../arm-none-eabi/lib/thumb/v7e-m+fp/hard\libc_nano.a(lib_a-init.o)
                              c:/st/stm32cubeide_1.4.0/stm32cubeide/plugins/com.st.stm32cube.ide.mcu.externaltools.gnu-tools-for-stm32.9-2020-q2-update.win32_2.0.0.202105311346/tools/bin/../lib/gcc/arm-none-eabi/9.3.1/../../../../arm-none-eabi/lib/thumb/v7e-m+fp/hard/crt0.o (__libc_init_array)
c:/st/stm32cubeide_1.4.0/stm32cubeide/plugins/com.st.stm32cube.ide.mcu.externaltools.gnu-tools-for-stm32.9-2020-q2-update.win32_2.0.0.202105311346/tools/bin/../lib/gcc/arm-none-eabi/9.3.1/../../../../arm-none-eabi/lib/thumb/v7e-m+fp/hard\libc_nano.a(lib_a-memset.o)
                              c:/st/stm32cubeide_1.4.0/stm32cubeide/plugins/com.st.stm32cube.ide.mcu.externaltools.gnu-tools-for-stm32.9-2020-q2-update.win32_2.0.0.202105311346/tools/bin/../lib/gcc/arm-none-eabi/9.3.1/../../../../arm-none-eabi/lib/thumb/v7e-m+fp/hard/crt0.o (memset)
c:/st/stm32cubeide_1.4.0/stm32cubeide/plugins/com.st.stm32cube.ide.mcu.externaltools.gnu-tools-for-stm32.9-2020-q2-update.win32_2.0.0.202105311346/tools/bin/../lib/gcc/arm-none-eabi/9.3.1/../../../../arm-none-eabi/lib/thumb/v7e-m+fp/hard\libc_nano.a(lib_a-nano-vfprintf_float.o)
                              (_printf_float)
c:/st/stm32cubeide_1.4.0/stm32cubeide/plugins/com.st.stm32cube.ide.mcu.externaltools.gnu-tools-for-stm32.9-2020-q2-update.win32_2.0.0.202105311346/tools/bin/../lib/gcc/arm-none-eabi/9.3.1/../../../../arm-none-eabi/lib/thumb/v7e-m+fp/hard\libc_nano.a(lib_a-nano-vfprintf_i.o)
                              c:/st/stm32cubeide_1.4.0/stm32cubeide/plugins/com.st.stm32cube.ide.mcu.externaltools.gnu-tools-for-stm32.9-2020-q2-update.win32_2.0.0.202105311346/tools/bin/../lib/gcc/arm-none-eabi/9.3.1/../../../../arm-none-eabi/lib/thumb/v7e-m+fp/hard\libc_nano.a(lib_a-nano-vfprintf_float.o) (_printf_common)
c:/st/stm32cubeide_1.4.0/stm32cubeide/plugins/com.st.stm32cube.ide.mcu.externaltools.gnu-tools-for-stm32.9-2020-q2-update.win32_2.0.0.202105311346/tools/bin/../lib/gcc/arm-none-eabi/9.3.1/../../../../arm-none-eabi/lib/thumb/v7e-m+fp/hard\libc_nano.a(lib_a-sprintf.o)
                              ./Core/Src/main.o (sprintf)
c:/st/stm32cubeide_1.4.0/stm32cubeide/plugins/com.st.stm32cube.ide.mcu.externaltools.gnu-tools-for-stm32.9-2020-q2-update.win32_2.0.0.202105311346/tools/bin/../lib/gcc/arm-none-eabi/9.3.1/../../../../arm-none-eabi/lib/thumb/v7e-m+fp/hard\libc_nano.a(lib_a-strlen.o)
                              ./Core/Src/main.o (strlen)
c:/st/stm32cubeide_1.4.0/stm32cubeide/plugins/com.st.stm32cube.ide.mcu.externaltools.gnu-tools-for-stm32.9-2020-q2-update.win32_2.0.0.202105311346/tools/bin/../lib/gcc/arm-none-eabi/9.3.1/../../../../arm-none-eabi/lib/thumb/v7e-m+fp/hard\libc_nano.a(lib_a-dtoa.o)
                              c:/st/stm32cubeide_1.4.0/stm32cubeide/plugins/com.st.stm32cube.ide.mcu.externaltools.gnu-tools-for-stm32.9-2020-q2-update.win32_2.0.0.202105311346/tools/bin/../lib/gcc/arm-none-eabi/9.3.1/../../../../arm-none-eabi/lib/thumb/v7e-m+fp/hard\libc_nano.a(lib_a-nano-vfprintf_float.o) (_dtoa_r)
[...]
Memory Configuration

Name             Origin             Length             Attributes
RAM              0x0000000020000000 0x0000000000050000 xrw
FLASH            0x0000000008000000 0x0000000000100000 xr
*default*        0x0000000000000000 0xffffffffffffffff

Linker script and memory map

LOAD c:/st/stm32cubeide_1.4.0/stm32cubeide/plugins/com.st.stm32cube.ide.mcu.externaltools.gnu-tools-for-stm32.9-2020-q2-update.win32_2.0.0.202105311346/tools/bin/../lib/gcc/arm-none-eabi/9.3.1/thumb/v7e-m+fp/hard/crti.o
LOAD c:/st/stm32cubeide_1.4.0/stm32cubeide/plugins/com.st.stm32cube.ide.mcu.externaltools.gnu-tools-for-stm32.9-2020-q2-update.win32_2.0.0.202105311346/tools/bin/../lib/gcc/arm-none-eabi/9.3.1/thumb/v7e-m+fp/hard/crtbegin.o
LOAD c:/st/stm32cubeide_1.4.0/stm32cubeide/plugins/com.st.stm32cube.ide.mcu.externaltools.gnu-tools-for-stm32.9-2020-q2-update.win32_2.0.0.202105311346/tools/bin/../lib/gcc/arm-none-eabi/9.3.1/../../../../arm-none-eabi/lib/thumb/v7e-m+fp/hard/crt0.o
LOAD ./Core/Src/main.o
LOAD ./Core/Src/stm32f7xx_hal_msp.o
LOAD ./Core/Src/stm32f7xx_it.o
LOAD ./Core/Src/syscalls.o
LOAD ./Core/Src/sysmem.o
LOAD ./Core/Src/system_stm32f7xx.o
LOAD ./Core/Startup/startup_stm32f746nghx.o
LOAD ./Drivers/BSP/Components/exc7200/exc7200.o
LOAD ./Drivers/BSP/Components/ft5336/ft5336.o
LOAD ./Drivers/BSP/Components/ft6x06/ft6x06.o
LOAD ./Drivers/BSP/Components/mfxstm32l152/mfxstm32l152.o
LOAD ./Drivers/BSP/Components/otm8009a/otm8009a.o
LOAD ./Drivers/BSP/Components/ov9655/ov9655.o
LOAD ./Drivers/BSP/Components/s5k5cag/s5k5cag.o
LOAD ./Drivers/BSP/Components/st7735/st7735.o
LOAD ./Drivers/BSP/Components/stmpe811/stmpe811.o
LOAD ./Drivers/BSP/Components/ts3510/ts3510.o
LOAD ./Drivers/BSP/Components/wm8994/wm8994.o
LOAD ./Drivers/BSP/STM32746G-Discovery/stm32746g_discovery.o
LOAD ./Drivers/BSP/STM32746G-Discovery/stm32746g_discovery_eeprom.o
LOAD ./Drivers/BSP/STM32746G-Discovery/stm32746g_discovery_lcd.o
LOAD ./Drivers/BSP/STM32746G-Discovery/stm32746g_discovery_sdram.o
LOAD ./Drivers/BSP/STM32746G-Discovery/stm32746g_discovery_ts.o
LOAD ./Drivers/STM32F7xx_HAL_Driver/Src/stm32f7xx_hal.o
LOAD ./Drivers/STM32F7xx_HAL_Driver/Src/stm32f7xx_hal_adc.o
LOAD ./Drivers/STM32F7xx_HAL_Driver/Src/stm32f7xx_hal_adc_ex.o
LOAD ./Drivers/STM32F7xx_HAL_Driver/Src/stm32f7xx_hal_cortex.o
LOAD ./Drivers/STM32F7xx_HAL_Driver/Src/stm32f7xx_hal_dma.o
LOAD ./Drivers/STM32F7xx_HAL_Driver/Src/stm32f7xx_hal_dma2d.o
LOAD ./Drivers/STM32F7xx_HAL_Driver/Src/stm32f7xx_hal_dma_ex.o
LOAD ./Drivers/STM32F7xx_HAL_Driver/Src/stm32f7xx_hal_dsi.o
LOAD ./Drivers/STM32F7xx_HAL_Driver/Src/stm32f7xx_hal_exti.o
LOAD ./Drivers/STM32F7xx_HAL_Driver/Src/stm32f7xx_hal_flash.o
LOAD ./Drivers/STM32F7xx_HAL_Driver/Src/stm32f7xx_hal_flash_ex.o
LOAD ./Drivers/STM32F7xx_HAL_Driver/Src/stm32f7xx_hal_gpio.o
LOAD ./Drivers/STM32F7xx_HAL_Driver/Src/stm32f7xx_hal_i2c.o
LOAD ./Drivers/STM32F7xx_HAL_Driver/Src/stm32f7xx_hal_i2c_ex.o
LOAD ./Drivers/STM32F7xx_HAL_Driver/Src/stm32f7xx_hal_ltdc.o
LOAD ./Drivers/STM32F7xx_HAL_Driver/Src/stm32f7xx_hal_ltdc_ex.o
LOAD ./Drivers/STM32F7xx_HAL_Driver/Src/stm32f7xx_hal_pwr.o
LOAD ./Drivers/STM32F7xx_HAL_Driver/Src/stm32f7xx_hal_pwr_ex.o
LOAD ./Drivers/STM32F7xx_HAL_Driver/Src/stm32f7xx_hal_rcc.o
LOAD ./Drivers/STM32F7xx_HAL_Driver/Src/stm32f7xx_hal_rcc_ex.o
LOAD ./Drivers/STM32F7xx_HAL_Driver/Src/stm32f7xx_hal_sdram.o
LOAD ./Drivers/STM32F7xx_HAL_Driver/Src/stm32f7xx_hal_tim.o
LOAD ./Drivers/STM32F7xx_HAL_Driver/Src/stm32f7xx_hal_tim_ex.o
LOAD ./Drivers/STM32F7xx_HAL_Driver/Src/stm32f7xx_hal_uart.o
LOAD ./Drivers/STM32F7xx_HAL_Driver/Src/stm32f7xx_hal_uart_ex.o
LOAD ./Drivers/STM32F7xx_HAL_Driver/Src/stm32f7xx_ll_fmc.o
LOAD ./MODBUS/crc16.o
LOAD ./MODBUS/modbus.o
START GROUP
LOAD c:/st/stm32cubeide_1.4.0/stm32cubeide/plugins/com.st.stm32cube.ide.mcu.externaltools.gnu-tools-for-stm32.9-2020-q2-update.win32_2.0.0.202105311346/tools/bin/../lib/gcc/arm-none-eabi/9.3.1/../../../../arm-none-eabi/lib/thumb/v7e-m+fp/hard\libc_nano.a
LOAD c:/st/stm32cubeide_1.4.0/stm32cubeide/plugins/com.st.stm32cube.ide.mcu.externaltools.gnu-tools-for-stm32.9-2020-q2-update.win32_2.0.0.202105311346/tools/bin/../lib/gcc/arm-none-eabi/9.3.1/../../../../arm-none-eabi/lib/thumb/v7e-m+fp/hard\libm.a
END GROUP
START GROUP
LOAD c:/st/stm32cubeide_1.4.0/stm32cubeide/plugins/com.st.stm32cube.ide.mcu.externaltools.gnu-tools-for-stm32.9-2020-q2-update.win32_2.0.0.202105311346/tools/bin/../lib/gcc/arm-none-eabi/9.3.1/thumb/v7e-m+fp/hard\libgcc.a
LOAD c:/st/stm32cubeide_1.4.0/stm32cubeide/plugins/com.st.stm32cube.ide.mcu.externaltools.gnu-tools-for-stm32.9-2020-q2-update.win32_2.0.0.202105311346/tools/bin/../lib/gcc/arm-none-eabi/9.3.1/../../../../arm-none-eabi/lib/thumb/v7e-m+fp/hard\libc_nano.a
END GROUP
START GROUP
LOAD c:/st/stm32cubeide_1.4.0/stm32cubeide/plugins/com.st.stm32cube.ide.mcu.externaltools.gnu-tools-for-stm32.9-2020-q2-update.win32_2.0.0.202105311346/tools/bin/../lib/gcc/arm-none-eabi/9.3.1/thumb/v7e-m+fp/hard\libgcc.a
LOAD c:/st/stm32cubeide_1.4.0/stm32cubeide/plugins/com.st.stm32cube.ide.mcu.externaltools.gnu-tools-for-stm32.9-2020-q2-update.win32_2.0.0.202105311346/tools/bin/../lib/gcc/arm-none-eabi/9.3.1/../../../../arm-none-eabi/lib/thumb/v7e-m+fp/hard\libc_nano.a
LOAD c:/st/stm32cubeide_1.4.0/stm32cubeide/plugins/com.st.stm32cube.ide.mcu.externaltools.gnu-tools-for-stm32.9-2020-q2-update.win32_2.0.0.202105311346/tools/bin/../lib/gcc/arm-none-eabi/9.3.1/../../../../arm-none-eabi/lib/thumb/v7e-m+fp/hard\libnosys.a
END GROUP
START GROUP
LOAD c:/st/stm32cubeide_1.4.0/stm32cubeide/plugins/com.st.stm32cube.ide.mcu.externaltools.gnu-tools-for-stm32.9-2020-q2-update.win32_2.0.0.202105311346/tools/bin/../lib/gcc/arm-none-eabi/9.3.1/thumb/v7e-m+fp/hard\libgcc.a
LOAD c:/st/stm32cubeide_1.4.0/stm32cubeide/plugins/com.st.stm32cube.ide.mcu.externaltools.gnu-tools-for-stm32.9-2020-q2-update.win32_2.0.0.202105311346/tools/bin/../lib/gcc/arm-none-eabi/9.3.1/../../../../arm-none-eabi/lib/thumb/v7e-m+fp/hard\libc_nano.a
LOAD c:/st/stm32cubeide_1.4.0/stm32cubeide/plugins/com.st.stm32cube.ide.mcu.externaltools.gnu-tools-for-stm32.9-2020-q2-update.win32_2.0.0.202105311346/tools/bin/../lib/gcc/arm-none-eabi/9.3.1/../../../../arm-none-eabi/lib/thumb/v7e-m+fp/hard\libnosys.a
END GROUP
LOAD c:/st/stm32cubeide_1.4.0/stm32cubeide/plugins/com.st.stm32cube.ide.mcu.externaltools.gnu-tools-for-stm32.9-2020-q2-update.win32_2.0.0.202105311346/tools/bin/../lib/gcc/arm-none-eabi/9.3.1/thumb/v7e-m+fp/hard/crtend.o
LOAD c:/st/stm32cubeide_1.4.0/stm32cubeide/plugins/com.st.stm32cube.ide.mcu.externaltools.gnu-tools-for-stm32.9-2020-q2-update.win32_2.0.0.202105311346/tools/bin/../lib/gcc/arm-none-eabi/9.3.1/thumb/v7e-m+fp/hard/crtn.o
                0x0000000020050000                _estack = (ORIGIN (RAM) + LENGTH (RAM))
                0x0000000000000200                _Min_Heap_Size = 0x200
                0x0000000000000400                _Min_Stack_Size = 0x400

.isr_vector     0x0000000008000000      0x1c8
                0x0000000008000000                . = ALIGN (0x4)
 *(.isr_vector)
 .isr_vector    0x0000000008000000      0x1c8 ./Core/Startup/startup_stm32f746nghx.o
                0x0000000008000000                g_pfnVectors
                0x00000000080001c8                . = ALIGN (0x4)

.text           0x00000000080001d0     0xd93c
                0x00000000080001d0                . = ALIGN (0x4)
 *(.text)
 .text          0x00000000080001d0       0x40 c:/st/stm32cubeide_1.4.0/stm32cubeide/plugins/com.st.stm32cube.ide.mcu.externaltools.gnu-tools-for-stm32.9-2020-q2-update.win32_2.0.0.202105311346/tools/bin/../lib/gcc/arm-none-eabi/9.3.1/thumb/v7e-m+fp/hard/crtbegin.o
 .text          0x0000000008000210       0x10 c:/st/stm32cubeide_1.4.0/stm32cubeide/plugins/com.st.stm32cube.ide.mcu.externaltools.gnu-tools-for-stm32.9-2020-q2-update.win32_2.0.0.202105311346/tools/bin/../lib/gcc/arm-none-eabi/9.3.1/../../../../arm-none-eabi/lib/thumb/v7e-m+fp/hard\libc_nano.a(lib_a-strlen.o)
                0x0000000008000210                strlen
 .text          0x0000000008000220       0xa0 c:/st/stm32cubeide_1.4.0/stm32cubeide/plugins/com.st.stm32cube.ide.mcu.externaltools.gnu-tools-for-stm32.9-2020-q2-update.win32_2.0.0.202105311346/tools/bin/../lib/gcc/arm-none-eabi/9.3.1/../../../../arm-none-eabi/lib/thumb/v7e-m+fp/hard\libc_nano.a(lib_a-memchr.o)
                0x0000000008000220                memchr
 .text          0x00000000080002c0      0x378 c:/st/stm32cubeide_1.4.0/stm32cubeide/plugins/com.st.stm32cube.ide.mcu.externaltools.gnu-tools-for-stm32.9-2020-q2-update.win32_2.0.0.202105311346/tools/bin/../lib/gcc/arm-none-eabi/9.3.1/thumb/v7e-m+fp/hard\libgcc.a(_arm_addsubdf3.o)
                0x00000000080002c0                __aeabi_drsub
                0x00000000080002c8                __aeabi_dsub
                0x00000000080002c8                __subdf3
                0x00000000080002cc                __aeabi_dadd
                0x00000000080002cc                __adddf3
                0x0000000008000544                __floatunsidf
                0x0000000008000544                __aeabi_ui2d
                0x0000000008000564                __floatsidf
                0x0000000008000564                __aeabi_i2d
                0x0000000008000588                __aeabi_f2d
                0x0000000008000588                __extendsfdf2
                0x00000000080005cc                __floatundidf
                0x00000000080005cc                __aeabi_ul2d
                0x00000000080005dc                __floatdidf
                0x00000000080005dc                __aeabi_l2d
 .text          0x0000000008000638      0x424 c:/st/stm32cubeide_1.4.0/stm32cubeide/plugins/com.st.stm32cube.ide.mcu.externaltools.gnu-tools-for-stm32.9-2020-q2-update.win32_2.0.0.202105311346/tools/bin/../lib/gcc/arm-none-eabi/9.3.1/thumb/v7e-m+fp/hard\libgcc.a(_arm_muldivdf3.o)
                0x0000000008000638                __aeabi_dmul
                0x0000000008000638                __muldf3
                0x000000000800088c                __divdf3
                0x000000000800088c                __aeabi_ddiv
 .text          0x0000000008000a5c      0x110 c:/st/stm32cubeide_1.4.0/stm32cubeide/plugins/com.st.stm32cube.ide.mcu.externaltools.gnu-tools-for-stm32.9-2020-q2-update.win32_2.0.0.202105311346/tools/bin/../lib/gcc/arm-none-eabi/9.3.1/thumb/v7e-m+fp/hard\libgcc.a(_arm_cmpdf2.o)
                0x0000000008000a5c                __gtdf2
                0x0000000008000a5c                __gedf2
                0x0000000008000a64                __ltdf2
                0x0000000008000a64                __ledf2
                0x0000000008000a6c                __nedf2
                0x0000000008000a6c                __eqdf2
                0x0000000008000a6c                __cmpdf2
                0x0000000008000ae8                __aeabi_cdrcmple
                0x0000000008000af8                __aeabi_cdcmpeq
                0x0000000008000af8                __aeabi_cdcmple
                0x0000000008000b08                __aeabi_dcmpeq
                0x0000000008000b1c                __aeabi_dcmplt
                0x0000000008000b30                __aeabi_dcmple
                0x0000000008000b44                __aeabi_dcmpge
                0x0000000008000b58                __aeabi_dcmpgt
 .text          0x0000000008000b6c       0x2c c:/st/stm32cubeide_1.4.0/stm32cubeide/plugins/com.st.stm32cube.ide.mcu.externaltools.gnu-tools-for-stm32.9-2020-q2-update.win32_2.0.0.202105311346/tools/bin/../lib/gcc/arm-none-eabi/9.3.1/thumb/v7e-m+fp/hard\libgcc.a(_arm_unorddf2.o)
                0x0000000008000b6c                __unorddf2
                0x0000000008000b6c                __aeabi_dcmpun
 .text          0x0000000008000b98       0x50 c:/st/stm32cubeide_1.4.0/stm32cubeide/plugins/com.st.stm32cube.ide.mcu.externaltools.gnu-tools-for-stm32.9-2020-q2-update.win32_2.0.0.202105311346/tools/bin/../lib/gcc/arm-none-eabi/9.3.1/thumb/v7e-m+fp/hard\libgcc.a(_arm_fixdfsi.o)
                0x0000000008000b98                __aeabi_d2iz
                0x0000000008000b98                __fixdfsi
 .text          0x0000000008000be8       0x30 c:/st/stm32cubeide_1.4.0/stm32cubeide/plugins/com.st.stm32cube.ide.mcu.externaltools.gnu-tools-for-stm32.9-2020-q2-update.win32_2.0.0.202105311346/tools/bin/../lib/gcc/arm-none-eabi/9.3.1/thumb/v7e-m+fp/hard\libgcc.a(_aeabi_uldivmod.o)
                0x0000000008000be8                __aeabi_uldivmod
 .text          0x0000000008000c18      0x2c4 c:/st/stm32cubeide_1.4.0/stm32cubeide/plugins/com.st.stm32cube.ide.mcu.externaltools.gnu-tools-for-stm32.9-2020-q2-update.win32_2.0.0.202105311346/tools/bin/../lib/gcc/arm-none-eabi/9.3.1/thumb/v7e-m+fp/hard\libgcc.a(_udivmoddi4.o)
                0x0000000008000c18                __udivmoddi4
 .text          0x0000000008000edc        0x4 c:/st/stm32cubeide_1.4.0/stm32cubeide/plugins/com.st.stm32cube.ide.mcu.externaltools.gnu-tools-for-stm32.9-2020-q2-update.win32_2.0.0.202105311346/tools/bin/../lib/gcc/arm-none-eabi/9.3.1/thumb/v7e-m+fp/hard\libgcc.a(_dvmd_tls.o)
                0x0000000008000edc                __aeabi_idiv0
                0x0000000008000edc                __aeabi_ldiv0
 *(.text*)
 .text.SCB_EnableICache
                0x0000000008000ee0       0x4c ./Core/Src/main.o
 .text.SCB_EnableDCache
                0x0000000008000f2c       0x88 ./Core/Src/main.o
 .text.Communication_Mode
                0x0000000008000fb4       0x60 ./Core/Src/main.o
                0x0000000008000fb4                Communication_Mode
 .text.Communication_Put
                0x0000000008001014       0x24 ./Core/Src/main.o
                0x0000000008001014                Communication_Put
 .text.Communication_Get
                0x0000000008001038       0x28 ./Core/Src/main.o
                0x0000000008001038                Communication_Get
 .text.Enable50usTimer
                0x0000000008001060        0xe ./Core/Src/main.o
                0x0000000008001060                Enable50usTimer
 .text.Disable50usTimer
                0x000000000800106e        0xe ./Core/Src/main.o
                0x000000000800106e                Disable50usTimer
 .text.HAL_GPIO_EXTI_Callback
                0x000000000800107c       0x24 ./Core/Src/main.o
                0x000000000800107c                HAL_GPIO_EXTI_Callback
 .text.DrawPointOfTouch
                0x00000000080010a0       0x94 ./Core/Src/main.o
                0x00000000080010a0                DrawPointOfTouch
 .text.DrawCalibrationCross
                0x0000000008001134      0x13a ./Core/Src/main.o
                0x0000000008001134                DrawCalibrationCross
 *fill*         0x000000000800126e        0x2 
 .text.HAL_LTDC_LineEventCallback
                0x0000000008001270       0x48 ./Core/Src/main.o
                0x0000000008001270                HAL_LTDC_LineEventCallback
 .text.HAL_ADC_ConvCpltCallback
                0x00000000080012b8       0x6c ./Core/Src/main.o
                0x00000000080012b8                HAL_ADC_ConvCpltCallback
 .text.HAL_UART_RxCpltCallback
                0x0000000008001324       0x38 ./Core/Src/main.o
                0x0000000008001324                HAL_UART_RxCpltCallback
 .text.HAL_UART_TxCpltCallback
                0x000000000800135c       0x2c ./Core/Src/main.o
                0x000000000800135c                HAL_UART_TxCpltCallback
 .text.HAL_TIM_PeriodElapsedCallback
                0x0000000008001388      0x204 ./Core/Src/main.o
                0x0000000008001388                HAL_TIM_PeriodElapsedCallback
 .text.main     0x000000000800158c      0x1c0 ./Core/Src/main.o
                0x000000000800158c                main
 .text.SystemClock_Config
                0x000000000800174c       0xe0 ./Core/Src/main.o
                0x000000000800174c                SystemClock_Config
 .text.MX_ADC1_Init
                0x000000000800182c       0xa4 ./Core/Src/main.o
 .text.MX_ADC3_Init
                0x00000000080018d0       0xc0 ./Core/Src/main.o
 .text.MX_DMA2D_Init
                0x0000000008001990       0x64 ./Core/Src/main.o
 .text.MX_LTDC_Init
                0x00000000080019f4      0x1ac ./Core/Src/main.o
 .text.MX_TIM2_Init
                0x0000000008001ba0       0x9c ./Core/Src/main.o
 .text.MX_TIM3_Init
                0x0000000008001c3c       0x9c ./Core/Src/main.o
 .text.MX_TIM4_Init
                0x0000000008001cd8       0x9c ./Core/Src/main.o
 .text.MX_TIM5_Init
                0x0000000008001d74       0xa0 ./Core/Src/main.o
 .text.MX_USART1_UART_Init
                0x0000000008001e14       0x60 ./Core/Src/main.o
 .text.MX_USART6_UART_Init
                0x0000000008001e74       0x64 ./Core/Src/main.o
 .text.MX_DMA_Init
                0x0000000008001ed8       0x3c ./Core/Src/main.o
 .text.MX_FMC_Init
                0x0000000008001f14      0x144 ./Core/Src/main.o
 .text.MX_GPIO_Init
                0x0000000008002058      0x1f8 ./Core/Src/main.o
 .text.Error_Handler
                0x0000000008002250        0xe ./Core/Src/main.o
                0x0000000008002250                Error_Handler
 *fill*         0x000000000800225e        0x2 
 .text.HAL_MspInit
                0x0000000008002260       0x48 ./Core/Src/stm32f7xx_hal_msp.o
                0x0000000008002260                HAL_MspInit
 .text.HAL_ADC_MspInit
                0x00000000080022a8      0x1b0 ./Core/Src/stm32f7xx_hal_msp.o
                0x00000000080022a8                HAL_ADC_MspInit
 .text.HAL_DMA2D_MspInit
                0x0000000008002458       0x40 ./Core/Src/stm32f7xx_hal_msp.o
                0x0000000008002458                HAL_DMA2D_MspInit
 .text.HAL_LTDC_MspInit
                0x0000000008002498      0x344 ./Core/Src/stm32f7xx_hal_msp.o
                0x0000000008002498                HAL_LTDC_MspInit
 .text.HAL_TIM_Base_MspInit
                0x00000000080027dc       0xf0 ./Core/Src/stm32f7xx_hal_msp.o
                0x00000000080027dc                HAL_TIM_Base_MspInit
 .text.HAL_UART_MspInit
                0x00000000080028cc      0x1b0 ./Core/Src/stm32f7xx_hal_msp.o
                0x00000000080028cc                HAL_UART_MspInit
 .text.HAL_FMC_MspInit
                0x0000000008002a7c      0x140 ./Core/Src/stm32f7xx_hal_msp.o
 .text.HAL_SDRAM_MspInit
                0x0000000008002bbc       0x14 ./Core/Src/stm32f7xx_hal_msp.o
                0x0000000008002bbc                HAL_SDRAM_MspInit
 .text.NMI_Handler
                0x0000000008002bd0        0xe ./Core/Src/stm32f7xx_it.o
                0x0000000008002bd0                NMI_Handler
 .text.HardFault_Handler
                0x0000000008002bde        0x6 ./Core/Src/stm32f7xx_it.o
                0x0000000008002bde                HardFault_Handler
 .text.MemManage_Handler
                0x0000000008002be4        0x6 ./Core/Src/stm32f7xx_it.o
                0x0000000008002be4                MemManage_Handler
 .text.BusFault_Handler
                0x0000000008002bea        0x6 ./Core/Src/stm32f7xx_it.o
                0x0000000008002bea                BusFault_Handler
 .text.UsageFault_Handler
                0x0000000008002bf0        0x6 ./Core/Src/stm32f7xx_it.o
                0x0000000008002bf0                UsageFault_Handler
 .text.SVC_Handler
                0x0000000008002bf6        0xe ./Core/Src/stm32f7xx_it.o
                0x0000000008002bf6                SVC_Handler
 .text.DebugMon_Handler
                0x0000000008002c04        0xe ./Core/Src/stm32f7xx_it.o
                0x0000000008002c04                DebugMon_Handler
 .text.PendSV_Handler
                0x0000000008002c12        0xe ./Core/Src/stm32f7xx_it.o
                0x0000000008002c12                PendSV_Handler
 .text.SysTick_Handler
                0x0000000008002c20        0xc ./Core/Src/stm32f7xx_it.o
                0x0000000008002c20                SysTick_Handler
 .text.EXTI9_5_IRQHandler
                0x0000000008002c2c        0xe ./Core/Src/stm32f7xx_it.o
                0x0000000008002c2c                EXTI9_5_IRQHandler
 *fill*         0x0000000008002c3a        0x2 
 .text.TIM2_IRQHandler
                0x0000000008002c3c       0x14 ./Core/Src/stm32f7xx_it.o
                0x0000000008002c3c                TIM2_IRQHandler
 .text.TIM3_IRQHandler
                0x0000000008002c50       0x14 ./Core/Src/stm32f7xx_it.o
                0x0000000008002c50                TIM3_IRQHandler
 .text.TIM4_IRQHandler
                0x0000000008002c64       0x14 ./Core/Src/stm32f7xx_it.o
                0x0000000008002c64                TIM4_IRQHandler
 .text.USART1_IRQHandler
                0x0000000008002c78       0x14 ./Core/Src/stm32f7xx_it.o
                0x0000000008002c78                USART1_IRQHandler
 .text.EXTI15_10_IRQHandler
                0x0000000008002c8c       0x10 ./Core/Src/stm32f7xx_it.o
                0x0000000008002c8c                EXTI15_10_IRQHandler
 .text.TIM5_IRQHandler
                0x0000000008002c9c       0x14 ./Core/Src/stm32f7xx_it.o
                0x0000000008002c9c                TIM5_IRQHandler
 .text.DMA2_Stream0_IRQHandler
                0x0000000008002cb0       0x14 ./Core/Src/stm32f7xx_it.o
                0x0000000008002cb0                DMA2_Stream0_IRQHandler
 .text.USART6_IRQHandler
                0x0000000008002cc4       0x14 ./Core/Src/stm32f7xx_it.o
                0x0000000008002cc4                USART6_IRQHandler
 .text.LTDC_IRQHandler
                0x0000000008002cd8       0x14 ./Core/Src/stm32f7xx_it.o
                0x0000000008002cd8                LTDC_IRQHandler
 .text._getpid  0x0000000008002cec       0x10 ./Core/Src/syscalls.o
                0x0000000008002cec                _getpid
 .text._kill    0x0000000008002cfc       0x20 ./Core/Src/syscalls.o
                0x0000000008002cfc                _kill
 .text._exit    0x0000000008002d1c       0x14 ./Core/Src/syscalls.o
                0x0000000008002d1c                _exit
 .text._read    0x0000000008002d30       0x3a ./Core/Src/syscalls.o
                0x0000000008002d30                _read
 .text._write   0x0000000008002d6a       0x38 ./Core/Src/syscalls.o
                0x0000000008002d6a                _write
 .text._close   0x0000000008002da2       0x18 ./Core/Src/syscalls.o
                0x0000000008002da2                _close
 .text._fstat   0x0000000008002dba       0x20 ./Core/Src/syscalls.o
                0x0000000008002dba                _fstat
 .text._isatty  0x0000000008002dda       0x16 ./Core/Src/syscalls.o
                0x0000000008002dda                _isatty
 .text._lseek   0x0000000008002df0       0x1a ./Core/Src/syscalls.o
                0x0000000008002df0                _lseek
 *fill*         0x0000000008002e0a        0x2 
 .text._sbrk    0x0000000008002e0c       0x6c ./Core/Src/sysmem.o
                0x0000000008002e0c                _sbrk
 .text.SystemInit
                0x0000000008002e78       0x2c ./Core/Src/system_stm32f7xx.o
                0x0000000008002e78                SystemInit
 .text.Reset_Handler
                0x0000000008002ea4       0x50 ./Core/Startup/startup_stm32f746nghx.o
                0x0000000008002ea4                Reset_Handler
 .text.Default_Handler
                0x0000000008002ef4        0x2 ./Core/Startup/startup_stm32f746nghx.o
                0x0000000008002ef4                RTC_Alarm_IRQHandler
                0x0000000008002ef4                EXTI2_IRQHandler
                0x0000000008002ef4                TIM8_CC_IRQHandler
                0x0000000008002ef4                UART8_IRQHandler
                0x0000000008002ef4                SPI4_IRQHandler
                0x0000000008002ef4                TIM1_CC_IRQHandler
                0x0000000008002ef4                DMA2_Stream5_IRQHandler
                0x0000000008002ef4                DMA1_Stream5_IRQHandler
                0x0000000008002ef4                PVD_IRQHandler
                0x0000000008002ef4                TAMP_STAMP_IRQHandler
                0x0000000008002ef4                CAN2_RX1_IRQHandler
                0x0000000008002ef4                EXTI3_IRQHandler
                0x0000000008002ef4                TIM8_TRG_COM_TIM14_IRQHandler
                0x0000000008002ef4                TIM1_UP_TIM10_IRQHandler
                0x0000000008002ef4                TIM8_UP_TIM13_IRQHandler
                0x0000000008002ef4                I2C3_ER_IRQHandler
                0x0000000008002ef4                EXTI0_IRQHandler
                0x0000000008002ef4                I2C2_EV_IRQHandler
                0x0000000008002ef4                DMA1_Stream2_IRQHandler
                0x0000000008002ef4                CAN1_RX0_IRQHandler
                0x0000000008002ef4                FPU_IRQHandler
                0x0000000008002ef4                OTG_HS_WKUP_IRQHandler
                0x0000000008002ef4                LTDC_ER_IRQHandler
                0x0000000008002ef4                CAN2_SCE_IRQHandler
                0x0000000008002ef4                DMA2_Stream2_IRQHandler
                0x0000000008002ef4                SPI1_IRQHandler
                0x0000000008002ef4                TIM6_DAC_IRQHandler
                0x0000000008002ef4                TIM1_BRK_TIM9_IRQHandler
                0x0000000008002ef4                DCMI_IRQHandler
                0x0000000008002ef4                CAN2_RX0_IRQHandler
                0x0000000008002ef4                DMA2_Stream3_IRQHandler
                0x0000000008002ef4                SAI2_IRQHandler
                0x0000000008002ef4                USART3_IRQHandler
                0x0000000008002ef4                CAN1_RX1_IRQHandler
                0x0000000008002ef4                UART5_IRQHandler
                0x0000000008002ef4                QUADSPI_IRQHandler
                0x0000000008002ef4                I2C1_EV_IRQHandler
                0x0000000008002ef4                DMA1_Stream6_IRQHandler
                0x0000000008002ef4                DMA1_Stream1_IRQHandler
                0x0000000008002ef4                UART4_IRQHandler
                0x0000000008002ef4                RCC_IRQHandler
                0x0000000008002ef4                TIM8_BRK_TIM12_IRQHandler
                0x0000000008002ef4                Default_Handler
                0x0000000008002ef4                CEC_IRQHandler
                0x0000000008002ef4                ADC_IRQHandler
                0x0000000008002ef4                DMA1_Stream7_IRQHandler
                0x0000000008002ef4                SPI5_IRQHandler
                0x0000000008002ef4                TIM7_IRQHandler
                0x0000000008002ef4                SDMMC1_IRQHandler
                0x0000000008002ef4                CAN2_TX_IRQHandler
                0x0000000008002ef4                DMA2_Stream7_IRQHandler
                0x0000000008002ef4                I2C3_EV_IRQHandler
                0x0000000008002ef4                RTC_WKUP_IRQHandler
                0x0000000008002ef4                ETH_WKUP_IRQHandler
                0x0000000008002ef4                SPDIF_RX_IRQHandler
                0x0000000008002ef4                SPI2_IRQHandler
                0x0000000008002ef4                OTG_HS_EP1_IN_IRQHandler
                0x0000000008002ef4                DMA1_Stream0_IRQHandler
                0x0000000008002ef4                CAN1_TX_IRQHandler
                0x0000000008002ef4                EXTI4_IRQHandler
                0x0000000008002ef4                RNG_IRQHandler
                0x0000000008002ef4                ETH_IRQHandler
                0x0000000008002ef4                OTG_HS_EP1_OUT_IRQHandler
                0x0000000008002ef4                WWDG_IRQHandler
                0x0000000008002ef4                SPI6_IRQHandler
                0x0000000008002ef4                I2C4_EV_IRQHandler
                0x0000000008002ef4                OTG_FS_WKUP_IRQHandler
                0x0000000008002ef4                TIM1_TRG_COM_TIM11_IRQHandler
                0x0000000008002ef4                OTG_HS_IRQHandler
                0x0000000008002ef4                DMA2D_IRQHandler
                0x0000000008002ef4                EXTI1_IRQHandler
                0x0000000008002ef4                UART7_IRQHandler
                0x0000000008002ef4                USART2_IRQHandler
                0x0000000008002ef4                I2C2_ER_IRQHandler
                0x0000000008002ef4                DMA2_Stream1_IRQHandler
                0x0000000008002ef4                CAN1_SCE_IRQHandler
                0x0000000008002ef4                FLASH_IRQHandler
                0x0000000008002ef4                DMA2_Stream4_IRQHandler
                0x0000000008002ef4                OTG_FS_IRQHandler
                0x0000000008002ef4                SPI3_IRQHandler
                0x0000000008002ef4                DMA1_Stream4_IRQHandler
                0x0000000008002ef4                I2C1_ER_IRQHandler
                0x0000000008002ef4                FMC_IRQHandler
                0x0000000008002ef4                LPTIM1_IRQHandler
                0x0000000008002ef4                I2C4_ER_IRQHandler
                0x0000000008002ef4                DMA2_Stream6_IRQHandler
                0x0000000008002ef4                SAI1_IRQHandler
                0x0000000008002ef4                DMA1_Stream3_IRQHandler
 .text.ft5336_Init
                0x0000000008002ef6       0x1c ./Drivers/BSP/Components/ft5336/ft5336.o
                0x0000000008002ef6                ft5336_Init
 .text.ft5336_Reset
                0x0000000008002f12       0x16 ./Drivers/BSP/Components/ft5336/ft5336.o
                0x0000000008002f12                ft5336_Reset
 .text.ft5336_ReadID
                0x0000000008002f28       0x5c ./Drivers/BSP/Components/ft5336/ft5336.o
                0x0000000008002f28                ft5336_ReadID
 .text.ft5336_TS_Start
                0x0000000008002f84       0x22 ./Drivers/BSP/Components/ft5336/ft5336.o
                0x0000000008002f84                ft5336_TS_Start
 *fill*         0x0000000008002fa6        0x2 
 .text.ft5336_TS_DetectTouch
                0x0000000008002fa8       0x54 ./Drivers/BSP/Components/ft5336/ft5336.o
                0x0000000008002fa8                ft5336_TS_DetectTouch
 .text.ft5336_TS_GetXY
                0x0000000008002ffc      0x1e0 ./Drivers/BSP/Components/ft5336/ft5336.o
                0x0000000008002ffc                ft5336_TS_GetXY
 .text.ft5336_TS_EnableIT
                0x00000000080031dc       0x28 ./Drivers/BSP/Components/ft5336/ft5336.o
                0x00000000080031dc                ft5336_TS_EnableIT
 .text.ft5336_TS_DisableIT
                0x0000000008003204       0x28 ./Drivers/BSP/Components/ft5336/ft5336.o
                0x0000000008003204                ft5336_TS_DisableIT
 .text.ft5336_TS_ITStatus
                0x000000000800322c       0x18 ./Drivers/BSP/Components/ft5336/ft5336.o
                0x000000000800322c                ft5336_TS_ITStatus
 .text.ft5336_TS_ClearIT
                0x0000000008003244       0x16 ./Drivers/BSP/Components/ft5336/ft5336.o
                0x0000000008003244                ft5336_TS_ClearIT
 .text.ft5336_TS_GetGestureID
                0x000000000800325a       0x32 ./Drivers/BSP/Components/ft5336/ft5336.o
                0x000000000800325a                ft5336_TS_GetGestureID
 .text.ft5336_TS_GetTouchInfo
                0x000000000800328c      0x15c ./Drivers/BSP/Components/ft5336/ft5336.o
                0x000000000800328c                ft5336_TS_GetTouchInfo
 .text.ft5336_Get_I2C_InitializedStatus
                0x00000000080033e8       0x18 ./Drivers/BSP/Components/ft5336/ft5336.o
 .text.ft5336_I2C_InitializeIfRequired
                0x0000000008003400       0x20 ./Drivers/BSP/Components/ft5336/ft5336.o
 .text.ft5336_TS_Configure
                0x0000000008003420       0x1c ./Drivers/BSP/Components/ft5336/ft5336.o
 .text.I2Cx_MspInit
                0x000000000800343c      0x160 ./Drivers/BSP/STM32746G-Discovery/stm32746g_discovery.o
 .text.I2Cx_Init
                0x000000000800359c       0x78 ./Drivers/BSP/STM32746G-Discovery/stm32746g_discovery.o
 .text.I2Cx_ReadMultiple
                0x0000000008003614       0x5a ./Drivers/BSP/STM32746G-Discovery/stm32746g_discovery.o
 .text.I2Cx_WriteMultiple
                0x000000000800366e       0x5a ./Drivers/BSP/STM32746G-Discovery/stm32746g_discovery.o
 .text.I2Cx_Error
                0x00000000080036c8       0x20 ./Drivers/BSP/STM32746G-Discovery/stm32746g_discovery.o
 .text.TS_IO_Init
                0x00000000080036e8       0x14 ./Drivers/BSP/STM32746G-Discovery/stm32746g_discovery.o
                0x00000000080036e8                TS_IO_Init
 .text.TS_IO_Write
                0x00000000080036fc       0x34 ./Drivers/BSP/STM32746G-Discovery/stm32746g_discovery.o
                0x00000000080036fc                TS_IO_Write
 .text.TS_IO_Read
                0x0000000008003730       0x3c ./Drivers/BSP/STM32746G-Discovery/stm32746g_discovery.o
                0x0000000008003730                TS_IO_Read
 .text.TS_IO_Delay
                0x000000000800376c       0x16 ./Drivers/BSP/STM32746G-Discovery/stm32746g_discovery.o
                0x000000000800376c                TS_IO_Delay
 *fill*         0x0000000008003782        0x2 
 .text.BSP_LCD_GetXSize
                0x0000000008003784       0x28 ./Drivers/BSP/STM32746G-Discovery/stm32746g_discovery_lcd.o
                0x0000000008003784                BSP_LCD_GetXSize
 .text.BSP_LCD_GetYSize
                0x00000000080037ac       0x28 ./Drivers/BSP/STM32746G-Discovery/stm32746g_discovery_lcd.o
                0x00000000080037ac                BSP_LCD_GetYSize
 .text.BSP_LCD_LayerDefaultInit
                0x00000000080037d4       0x60 ./Drivers/BSP/STM32746G-Discovery/stm32746g_discovery_lcd.o
                0x00000000080037d4                BSP_LCD_LayerDefaultInit
 .text.BSP_LCD_SelectLayer
                0x0000000008003834       0x20 ./Drivers/BSP/STM32746G-Discovery/stm32746g_discovery_lcd.o
                0x0000000008003834                BSP_LCD_SelectLayer
 .text.BSP_LCD_SetTextColor
                0x0000000008003854       0x30 ./Drivers/BSP/STM32746G-Discovery/stm32746g_discovery_lcd.o
                0x0000000008003854                BSP_LCD_SetTextColor
 .text.BSP_LCD_SetBackColor
                0x0000000008003884       0x34 ./Drivers/BSP/STM32746G-Discovery/stm32746g_discovery_lcd.o
                0x0000000008003884                BSP_LCD_SetBackColor
 .text.BSP_LCD_SetFont
                0x00000000080038b8       0x34 ./Drivers/BSP/STM32746G-Discovery/stm32746g_discovery_lcd.o
                0x00000000080038b8                BSP_LCD_SetFont
 .text.BSP_LCD_Clear
                0x00000000080038ec       0x50 ./Drivers/BSP/STM32746G-Discovery/stm32746g_discovery_lcd.o
                0x00000000080038ec                BSP_LCD_Clear
 .text.BSP_LCD_DisplayChar
                0x000000000800393c       0x94 ./Drivers/BSP/STM32746G-Discovery/stm32746g_discovery_lcd.o
                0x000000000800393c                BSP_LCD_DisplayChar
 .text.BSP_LCD_DisplayStringAt
                0x00000000080039d0      0x190 ./Drivers/BSP/STM32746G-Discovery/stm32746g_discovery_lcd.o
                0x00000000080039d0                BSP_LCD_DisplayStringAt
 .text.BSP_LCD_DrawLine
                0x0000000008003b60      0x198 ./Drivers/BSP/STM32746G-Discovery/stm32746g_discovery_lcd.o
                0x0000000008003b60                BSP_LCD_DrawLine
 .text.BSP_LCD_DrawCircle
                0x0000000008003cf8      0x1d4 ./Drivers/BSP/STM32746G-Discovery/stm32746g_discovery_lcd.o
                0x0000000008003cf8                BSP_LCD_DrawCircle
 .text.BSP_LCD_DrawPixel
                0x0000000008003ecc      0x100 ./Drivers/BSP/STM32746G-Discovery/stm32746g_discovery_lcd.o
                0x0000000008003ecc                BSP_LCD_DrawPixel
 .text.DrawChar
                0x0000000008003fcc      0x170 ./Drivers/BSP/STM32746G-Discovery/stm32746g_discovery_lcd.o
 .text.LL_FillBuffer
                0x000000000800413c       0x98 ./Drivers/BSP/STM32746G-Discovery/stm32746g_discovery_lcd.o
 .text.BSP_TS_Init
                0x00000000080041d4       0x80 ./Drivers/BSP/STM32746G-Discovery/stm32746g_discovery_ts.o
                0x00000000080041d4                BSP_TS_Init
 .text.BSP_TS_ITConfig
                0x0000000008004254       0x5c ./Drivers/BSP/STM32746G-Discovery/stm32746g_discovery_ts.o
                0x0000000008004254                BSP_TS_ITConfig
 .text.BSP_TS_GetState
                0x00000000080042b0      0x3ac ./Drivers/BSP/STM32746G-Discovery/stm32746g_discovery_ts.o
                0x00000000080042b0                BSP_TS_GetState
 .text.BSP_TS_Get_GestureId
                0x000000000800465c      0x104 ./Drivers/BSP/STM32746G-Discovery/stm32746g_discovery_ts.o
                0x000000000800465c                BSP_TS_Get_GestureId
 .text.HAL_Init
                0x0000000008004760       0x1a ./Drivers/STM32F7xx_HAL_Driver/Src/stm32f7xx_hal.o
                0x0000000008004760                HAL_Init
 *fill*         0x000000000800477a        0x2 
 .text.HAL_InitTick
                0x000000000800477c       0x60 ./Drivers/STM32F7xx_HAL_Driver/Src/stm32f7xx_hal.o
                0x000000000800477c                HAL_InitTick
 .text.HAL_IncTick
                0x00000000080047dc       0x28 ./Drivers/STM32F7xx_HAL_Driver/Src/stm32f7xx_hal.o
                0x00000000080047dc                HAL_IncTick
 .text.HAL_GetTick
                0x0000000008004804       0x18 ./Drivers/STM32F7xx_HAL_Driver/Src/stm32f7xx_hal.o
                0x0000000008004804                HAL_GetTick
 .text.HAL_Delay
                0x000000000800481c       0x48 ./Drivers/STM32F7xx_HAL_Driver/Src/stm32f7xx_hal.o
                0x000000000800481c                HAL_Delay
 .text.HAL_ADC_Init
                0x0000000008004864       0x88 ./Drivers/STM32F7xx_HAL_Driver/Src/stm32f7xx_hal_adc.o
                0x0000000008004864                HAL_ADC_Init
 .text.HAL_ADC_Start_DMA
                0x00000000080048ec      0x1f4 ./Drivers/STM32F7xx_HAL_Driver/Src/stm32f7xx_hal_adc.o
                0x00000000080048ec                HAL_ADC_Start_DMA
 .text.HAL_ADC_ConvHalfCpltCallback
                0x0000000008004ae0       0x14 ./Drivers/STM32F7xx_HAL_Driver/Src/stm32f7xx_hal_adc.o
                0x0000000008004ae0                HAL_ADC_ConvHalfCpltCallback
 .text.HAL_ADC_ErrorCallback
                0x0000000008004af4       0x14 ./Drivers/STM32F7xx_HAL_Driver/Src/stm32f7xx_hal_adc.o
                0x0000000008004af4                HAL_ADC_ErrorCallback
 .text.HAL_ADC_ConfigChannel
                0x0000000008004b08      0x294 ./Drivers/STM32F7xx_HAL_Driver/Src/stm32f7xx_hal_adc.o
                0x0000000008004b08                HAL_ADC_ConfigChannel
 .text.ADC_Init
                0x0000000008004d9c      0x1f4 ./Drivers/STM32F7xx_HAL_Driver/Src/stm32f7xx_hal_adc.o
 .text.ADC_DMAConvCplt
                0x0000000008004f90       0xba ./Drivers/STM32F7xx_HAL_Driver/Src/stm32f7xx_hal_adc.o
 .text.ADC_DMAHalfConvCplt
                0x000000000800504a       0x1c ./Drivers/STM32F7xx_HAL_Driver/Src/stm32f7xx_hal_adc.o
 .text.ADC_DMAError
                0x0000000008005066       0x2e ./Drivers/STM32F7xx_HAL_Driver/Src/stm32f7xx_hal_adc.o
 .text.__NVIC_SetPriorityGrouping
                0x0000000008005094       0x48 ./Drivers/STM32F7xx_HAL_Driver/Src/stm32f7xx_hal_cortex.o
 .text.__NVIC_GetPriorityGrouping
                0x00000000080050dc       0x1c ./Drivers/STM32F7xx_HAL_Driver/Src/stm32f7xx_hal_cortex.o
 .text.__NVIC_EnableIRQ
                0x00000000080050f8       0x3c ./Drivers/STM32F7xx_HAL_Driver/Src/stm32f7xx_hal_cortex.o
 .text.__NVIC_DisableIRQ
                0x0000000008005134       0x48 ./Drivers/STM32F7xx_HAL_Driver/Src/stm32f7xx_hal_cortex.o
 .text.__NVIC_SetPriority
                0x000000000800517c       0x54 ./Drivers/STM32F7xx_HAL_Driver/Src/stm32f7xx_hal_cortex.o
 .text.NVIC_EncodePriority
                0x00000000080051d0       0x66 ./Drivers/STM32F7xx_HAL_Driver/Src/stm32f7xx_hal_cortex.o
 *fill*         0x0000000008005236        0x2 
 .text.SysTick_Config
                0x0000000008005238       0x44 ./Drivers/STM32F7xx_HAL_Driver/Src/stm32f7xx_hal_cortex.o
 .text.HAL_NVIC_SetPriorityGrouping
                0x000000000800527c       0x16 ./Drivers/STM32F7xx_HAL_Driver/Src/stm32f7xx_hal_cortex.o
                0x000000000800527c                HAL_NVIC_SetPriorityGrouping
 .text.HAL_NVIC_SetPriority
                0x0000000008005292       0x38 ./Drivers/STM32F7xx_HAL_Driver/Src/stm32f7xx_hal_cortex.o
                0x0000000008005292                HAL_NVIC_SetPriority
 .text.HAL_NVIC_EnableIRQ
                0x00000000080052ca       0x1c ./Drivers/STM32F7xx_HAL_Driver/Src/stm32f7xx_hal_cortex.o
                0x00000000080052ca                HAL_NVIC_EnableIRQ
 .text.HAL_NVIC_DisableIRQ
                0x00000000080052e6       0x1c ./Drivers/STM32F7xx_HAL_Driver/Src/stm32f7xx_hal_cortex.o
                0x00000000080052e6                HAL_NVIC_DisableIRQ
 .text.HAL_SYSTICK_Config
                0x0000000008005302       0x18 ./Drivers/STM32F7xx_HAL_Driver/Src/stm32f7xx_hal_cortex.o
                0x0000000008005302                HAL_SYSTICK_Config
 *fill*         0x000000000800531a        0x2 
 .text.HAL_DMA_Init
                0x000000000800531c      0x15c ./Drivers/STM32F7xx_HAL_Driver/Src/stm32f7xx_hal_dma.o
                0x000000000800531c                HAL_DMA_Init
 .text.HAL_DMA_Start_IT
                0x0000000008005478       0xc0 ./Drivers/STM32F7xx_HAL_Driver/Src/stm32f7xx_hal_dma.o
                0x0000000008005478                HAL_DMA_Start_IT
 .text.HAL_DMA_Abort
                0x0000000008005538       0xe0 ./Drivers/STM32F7xx_HAL_Driver/Src/stm32f7xx_hal_dma.o
                0x0000000008005538                HAL_DMA_Abort
 .text.HAL_DMA_Abort_IT
                0x0000000008005618       0x44 ./Drivers/STM32F7xx_HAL_Driver/Src/stm32f7xx_hal_dma.o
                0x0000000008005618                HAL_DMA_Abort_IT
 .text.HAL_DMA_IRQHandler
                0x000000000800565c      0x314 ./Drivers/STM32F7xx_HAL_Driver/Src/stm32f7xx_hal_dma.o
                0x000000000800565c                HAL_DMA_IRQHandler
 .text.DMA_SetConfig
                0x0000000008005970       0x5c ./Drivers/STM32F7xx_HAL_Driver/Src/stm32f7xx_hal_dma.o
 .text.DMA_CalcBaseAndBitshift
                0x00000000080059cc       0x6c ./Drivers/STM32F7xx_HAL_Driver/Src/stm32f7xx_hal_dma.o
 .text.DMA_CheckFifoParam
                0x0000000008005a38       0xf8 ./Drivers/STM32F7xx_HAL_Driver/Src/stm32f7xx_hal_dma.o
 .text.HAL_DMA2D_Init
                0x0000000008005b30       0x94 ./Drivers/STM32F7xx_HAL_Driver/Src/stm32f7xx_hal_dma2d.o
                0x0000000008005b30                HAL_DMA2D_Init
 .text.HAL_DMA2D_Start
                0x0000000008005bc4       0x56 ./Drivers/STM32F7xx_HAL_Driver/Src/stm32f7xx_hal_dma2d.o
                0x0000000008005bc4                HAL_DMA2D_Start
 .text.HAL_DMA2D_PollForTransfer
                0x0000000008005c1a      0x1d2 ./Drivers/STM32F7xx_HAL_Driver/Src/stm32f7xx_hal_dma2d.o
                0x0000000008005c1a                HAL_DMA2D_PollForTransfer
 .text.HAL_DMA2D_ConfigLayer
                0x0000000008005dec      0x124 ./Drivers/STM32F7xx_HAL_Driver/Src/stm32f7xx_hal_dma2d.o
                0x0000000008005dec                HAL_DMA2D_ConfigLayer
 .text.DMA2D_SetConfig
                0x0000000008005f10      0x138 ./Drivers/STM32F7xx_HAL_Driver/Src/stm32f7xx_hal_dma2d.o
 .text.HAL_GPIO_Init
                0x0000000008006048      0x358 ./Drivers/STM32F7xx_HAL_Driver/Src/stm32f7xx_hal_gpio.o
                0x0000000008006048                HAL_GPIO_Init
 .text.HAL_GPIO_WritePin
                0x00000000080063a0       0x32 ./Drivers/STM32F7xx_HAL_Driver/Src/stm32f7xx_hal_gpio.o
                0x00000000080063a0                HAL_GPIO_WritePin
 *fill*         0x00000000080063d2        0x2 
 .text.HAL_GPIO_EXTI_IRQHandler
                0x00000000080063d4       0x30 ./Drivers/STM32F7xx_HAL_Driver/Src/stm32f7xx_hal_gpio.o
                0x00000000080063d4                HAL_GPIO_EXTI_IRQHandler
 .text.HAL_I2C_Init
                0x0000000008006404      0x120 ./Drivers/STM32F7xx_HAL_Driver/Src/stm32f7xx_hal_i2c.o
                0x0000000008006404                HAL_I2C_Init
 .text.HAL_I2C_DeInit
                0x0000000008006524       0x5e ./Drivers/STM32F7xx_HAL_Driver/Src/stm32f7xx_hal_i2c.o
                0x0000000008006524                HAL_I2C_DeInit
 .text.HAL_I2C_MspInit
                0x0000000008006582       0x14 ./Drivers/STM32F7xx_HAL_Driver/Src/stm32f7xx_hal_i2c.o
                0x0000000008006582                HAL_I2C_MspInit
 .text.HAL_I2C_MspDeInit
                0x0000000008006596       0x14 ./Drivers/STM32F7xx_HAL_Driver/Src/stm32f7xx_hal_i2c.o
                0x0000000008006596                HAL_I2C_MspDeInit
 *fill*         0x00000000080065aa        0x2 
 .text.HAL_I2C_Mem_Write
                0x00000000080065ac      0x228 ./Drivers/STM32F7xx_HAL_Driver/Src/stm32f7xx_hal_i2c.o
                0x00000000080065ac                HAL_I2C_Mem_Write
 .text.HAL_I2C_Mem_Read
                0x00000000080067d4      0x234 ./Drivers/STM32F7xx_HAL_Driver/Src/stm32f7xx_hal_i2c.o
                0x00000000080067d4                HAL_I2C_Mem_Read
 .text.HAL_I2C_GetState
                0x0000000008006a08       0x1c ./Drivers/STM32F7xx_HAL_Driver/Src/stm32f7xx_hal_i2c.o
                0x0000000008006a08                HAL_I2C_GetState
 .text.I2C_RequestMemoryWrite
                0x0000000008006a24       0xa8 ./Drivers/STM32F7xx_HAL_Driver/Src/stm32f7xx_hal_i2c.o
 .text.I2C_RequestMemoryRead
                0x0000000008006acc       0xa8 ./Drivers/STM32F7xx_HAL_Driver/Src/stm32f7xx_hal_i2c.o
 .text.I2C_Flush_TXDR
                0x0000000008006b74       0x48 ./Drivers/STM32F7xx_HAL_Driver/Src/stm32f7xx_hal_i2c.o
 .text.I2C_WaitOnFlagUntilTimeout
                0x0000000008006bbc       0x80 ./Drivers/STM32F7xx_HAL_Driver/Src/stm32f7xx_hal_i2c.o
 .text.I2C_WaitOnTXISFlagUntilTimeout
                0x0000000008006c3c       0x80 ./Drivers/STM32F7xx_HAL_Driver/Src/stm32f7xx_hal_i2c.o
 .text.I2C_WaitOnSTOPFlagUntilTimeout
                0x0000000008006cbc       0x78 ./Drivers/STM32F7xx_HAL_Driver/Src/stm32f7xx_hal_i2c.o
 .text.I2C_IsAcknowledgeFailed
                0x0000000008006d34       0xcc ./Drivers/STM32F7xx_HAL_Driver/Src/stm32f7xx_hal_i2c.o
 .text.I2C_TransferConfig
                0x0000000008006e00       0x5c ./Drivers/STM32F7xx_HAL_Driver/Src/stm32f7xx_hal_i2c.o
 .text.HAL_LTDC_Init
                0x0000000008006e5c      0x1a0 ./Drivers/STM32F7xx_HAL_Driver/Src/stm32f7xx_hal_ltdc.o
                0x0000000008006e5c                HAL_LTDC_Init
 .text.HAL_LTDC_IRQHandler
                0x0000000008006ffc      0x148 ./Drivers/STM32F7xx_HAL_Driver/Src/stm32f7xx_hal_ltdc.o
                0x0000000008006ffc                HAL_LTDC_IRQHandler
 .text.HAL_LTDC_ErrorCallback
                0x0000000008007144       0x14 ./Drivers/STM32F7xx_HAL_Driver/Src/stm32f7xx_hal_ltdc.o
                0x0000000008007144                HAL_LTDC_ErrorCallback
 .text.HAL_LTDC_ReloadEventCallback
                0x0000000008007158       0x14 ./Drivers/STM32F7xx_HAL_Driver/Src/stm32f7xx_hal_ltdc.o
                0x0000000008007158                HAL_LTDC_ReloadEventCallback
 .text.HAL_LTDC_ConfigLayer
                0x000000000800716c       0x7c ./Drivers/STM32F7xx_HAL_Driver/Src/stm32f7xx_hal_ltdc.o
                0x000000000800716c                HAL_LTDC_ConfigLayer
 .text.HAL_LTDC_ProgramLineEvent
                0x00000000080071e8       0x70 ./Drivers/STM32F7xx_HAL_Driver/Src/stm32f7xx_hal_ltdc.o
                0x00000000080071e8                HAL_LTDC_ProgramLineEvent
 .text.LTDC_SetConfig
                0x0000000008007258      0x334 ./Drivers/STM32F7xx_HAL_Driver/Src/stm32f7xx_hal_ltdc.o
 .text.HAL_PWR_EnableBkUpAccess
                0x000000000800758c       0x20 ./Drivers/STM32F7xx_HAL_Driver/Src/stm32f7xx_hal_pwr.o
                0x000000000800758c                HAL_PWR_EnableBkUpAccess
 .text.HAL_PWREx_EnableOverDrive
                0x00000000080075ac       0xa0 ./Drivers/STM32F7xx_HAL_Driver/Src/stm32f7xx_hal_pwr_ex.o
                0x00000000080075ac                HAL_PWREx_EnableOverDrive
 .text.HAL_RCC_OscConfig
                0x000000000800764c      0x548 ./Drivers/STM32F7xx_HAL_Driver/Src/stm32f7xx_hal_rcc.o
                0x000000000800764c                HAL_RCC_OscConfig
 .text.HAL_RCC_ClockConfig
                0x0000000008007b94      0x1d8 ./Drivers/STM32F7xx_HAL_Driver/Src/stm32f7xx_hal_rcc.o
                0x0000000008007b94                HAL_RCC_ClockConfig
 .text.HAL_RCC_GetSysClockFreq
                0x0000000008007d6c      0x16c ./Drivers/STM32F7xx_HAL_Driver/Src/stm32f7xx_hal_rcc.o
                0x0000000008007d6c                HAL_RCC_GetSysClockFreq
 .text.HAL_RCC_GetHCLKFreq
                0x0000000008007ed8       0x18 ./Drivers/STM32F7xx_HAL_Driver/Src/stm32f7xx_hal_rcc.o
                0x0000000008007ed8                HAL_RCC_GetHCLKFreq
 .text.HAL_RCC_GetPCLK1Freq
                0x0000000008007ef0       0x28 ./Drivers/STM32F7xx_HAL_Driver/Src/stm32f7xx_hal_rcc.o
                0x0000000008007ef0                HAL_RCC_GetPCLK1Freq
 .text.HAL_RCC_GetPCLK2Freq
                0x0000000008007f18       0x28 ./Drivers/STM32F7xx_HAL_Driver/Src/stm32f7xx_hal_rcc.o
                0x0000000008007f18                HAL_RCC_GetPCLK2Freq
 .text.HAL_RCCEx_PeriphCLKConfig
                0x0000000008007f40      0x7e0 ./Drivers/STM32F7xx_HAL_Driver/Src/stm32f7xx_hal_rcc_ex.o
                0x0000000008007f40                HAL_RCCEx_PeriphCLKConfig
 .text.HAL_SDRAM_Init
                0x0000000008008720       0x68 ./Drivers/STM32F7xx_HAL_Driver/Src/stm32f7xx_hal_sdram.o
                0x0000000008008720                HAL_SDRAM_Init
 .text.HAL_SDRAM_SendCommand
                0x0000000008008788       0x56 ./Drivers/STM32F7xx_HAL_Driver/Src/stm32f7xx_hal_sdram.o
                0x0000000008008788                HAL_SDRAM_SendCommand
 .text.HAL_TIM_Base_Init
                0x00000000080087de       0xae ./Drivers/STM32F7xx_HAL_Driver/Src/stm32f7xx_hal_tim.o
                0x00000000080087de                HAL_TIM_Base_Init
 .text.HAL_TIM_Base_Start_IT
                0x000000000800888c       0xf0 ./Drivers/STM32F7xx_HAL_Driver/Src/stm32f7xx_hal_tim.o
                0x000000000800888c                HAL_TIM_Base_Start_IT
 .text.HAL_TIM_IRQHandler
                0x000000000800897c      0x23e ./Drivers/STM32F7xx_HAL_Driver/Src/stm32f7xx_hal_tim.o
                0x000000000800897c                HAL_TIM_IRQHandler
 *fill*         0x0000000008008bba        0x2 
 .text.HAL_TIM_ConfigClockSource
                0x0000000008008bbc      0x18c ./Drivers/STM32F7xx_HAL_Driver/Src/stm32f7xx_hal_tim.o
                0x0000000008008bbc                HAL_TIM_ConfigClockSource
 .text.HAL_TIM_OC_DelayElapsedCallback
                0x0000000008008d48       0x14 ./Drivers/STM32F7xx_HAL_Driver/Src/stm32f7xx_hal_tim.o
                0x0000000008008d48                HAL_TIM_OC_DelayElapsedCallback
 .text.HAL_TIM_IC_CaptureCallback
                0x0000000008008d5c       0x14 ./Drivers/STM32F7xx_HAL_Driver/Src/stm32f7xx_hal_tim.o
                0x0000000008008d5c                HAL_TIM_IC_CaptureCallback
 .text.HAL_TIM_PWM_PulseFinishedCallback
                0x0000000008008d70       0x14 ./Drivers/STM32F7xx_HAL_Driver/Src/stm32f7xx_hal_tim.o
                0x0000000008008d70                HAL_TIM_PWM_PulseFinishedCallback
 .text.HAL_TIM_TriggerCallback
                0x0000000008008d84       0x14 ./Drivers/STM32F7xx_HAL_Driver/Src/stm32f7xx_hal_tim.o
                0x0000000008008d84                HAL_TIM_TriggerCallback
 .text.TIM_Base_SetConfig
                0x0000000008008d98      0x140 ./Drivers/STM32F7xx_HAL_Driver/Src/stm32f7xx_hal_tim.o
                0x0000000008008d98                TIM_Base_SetConfig
 .text.TIM_TI1_ConfigInputStage
                0x0000000008008ed8       0x5e ./Drivers/STM32F7xx_HAL_Driver/Src/stm32f7xx_hal_tim.o
 .text.TIM_TI2_ConfigInputStage
                0x0000000008008f36       0x60 ./Drivers/STM32F7xx_HAL_Driver/Src/stm32f7xx_hal_tim.o
 .text.TIM_ITRx_SetConfig
                0x0000000008008f96       0x36 ./Drivers/STM32F7xx_HAL_Driver/Src/stm32f7xx_hal_tim.o
 .text.TIM_ETR_SetConfig
                0x0000000008008fcc       0x40 ./Drivers/STM32F7xx_HAL_Driver/Src/stm32f7xx_hal_tim.o
                0x0000000008008fcc                TIM_ETR_SetConfig
 .text.HAL_TIMEx_MasterConfigSynchronization
                0x000000000800900c      0x11c ./Drivers/STM32F7xx_HAL_Driver/Src/stm32f7xx_hal_tim_ex.o
                0x000000000800900c                HAL_TIMEx_MasterConfigSynchronization
 .text.HAL_TIMEx_CommutCallback
                0x0000000008009128       0x14 ./Drivers/STM32F7xx_HAL_Driver/Src/stm32f7xx_hal_tim_ex.o
                0x0000000008009128                HAL_TIMEx_CommutCallback
 .text.HAL_TIMEx_BreakCallback
                0x000000000800913c       0x14 ./Drivers/STM32F7xx_HAL_Driver/Src/stm32f7xx_hal_tim_ex.o
                0x000000000800913c                HAL_TIMEx_BreakCallback
 .text.HAL_TIMEx_Break2Callback
                0x0000000008009150       0x14 ./Drivers/STM32F7xx_HAL_Driver/Src/stm32f7xx_hal_tim_ex.o
                0x0000000008009150                HAL_TIMEx_Break2Callback
 .text.HAL_UART_Init
                0x0000000008009164       0x9c ./Drivers/STM32F7xx_HAL_Driver/Src/stm32f7xx_hal_uart.o
                0x0000000008009164                HAL_UART_Init
 .text.HAL_UART_Transmit_IT
                0x0000000008009200       0xb8 ./Drivers/STM32F7xx_HAL_Driver/Src/stm32f7xx_hal_uart.o
                0x0000000008009200                HAL_UART_Transmit_IT
 .text.HAL_UART_Receive_IT
                0x00000000080092b8       0x7a ./Drivers/STM32F7xx_HAL_Driver/Src/stm32f7xx_hal_uart.o
                0x00000000080092b8                HAL_UART_Receive_IT
 *fill*         0x0000000008009332        0x2 
 .text.HAL_UART_IRQHandler
                0x0000000008009334      0x3d8 ./Drivers/STM32F7xx_HAL_Driver/Src/stm32f7xx_hal_uart.o
                0x0000000008009334                HAL_UART_IRQHandler
 .text.HAL_UART_ErrorCallback
                0x000000000800970c       0x14 ./Drivers/STM32F7xx_HAL_Driver/Src/stm32f7xx_hal_uart.o
                0x000000000800970c                HAL_UART_ErrorCallback
 .text.HAL_UARTEx_RxEventCallback
                0x0000000008009720       0x18 ./Drivers/STM32F7xx_HAL_Driver/Src/stm32f7xx_hal_uart.o
                0x0000000008009720                HAL_UARTEx_RxEventCallback
 .text.HAL_UART_GetState
                0x0000000008009738       0x26 ./Drivers/STM32F7xx_HAL_Driver/Src/stm32f7xx_hal_uart.o
                0x0000000008009738                HAL_UART_GetState
 *fill*         0x000000000800975e        0x2 
 .text.UART_SetConfig
                0x0000000008009760      0x4c4 ./Drivers/STM32F7xx_HAL_Driver/Src/stm32f7xx_hal_uart.o
                0x0000000008009760                UART_SetConfig
 .text.UART_AdvFeatureConfig
                0x0000000008009c24      0x144 ./Drivers/STM32F7xx_HAL_Driver/Src/stm32f7xx_hal_uart.o
                0x0000000008009c24                UART_AdvFeatureConfig
 .text.UART_CheckIdleState
                0x0000000008009d68       0x66 ./Drivers/STM32F7xx_HAL_Driver/Src/stm32f7xx_hal_uart.o
                0x0000000008009d68                UART_CheckIdleState
 .text.UART_WaitOnFlagUntilTimeout
                0x0000000008009dce       0xf8 ./Drivers/STM32F7xx_HAL_Driver/Src/stm32f7xx_hal_uart.o
                0x0000000008009dce                UART_WaitOnFlagUntilTimeout
 *fill*         0x0000000008009ec6        0x2 
 .text.UART_Start_Receive_IT
                0x0000000008009ec8      0x110 ./Drivers/STM32F7xx_HAL_Driver/Src/stm32f7xx_hal_uart.o
                0x0000000008009ec8                UART_Start_Receive_IT
 .text.UART_EndRxTransfer
                0x0000000008009fd8       0x5e ./Drivers/STM32F7xx_HAL_Driver/Src/stm32f7xx_hal_uart.o
 .text.UART_DMAAbortOnError
                0x000000000800a036       0x2c ./Drivers/STM32F7xx_HAL_Driver/Src/stm32f7xx_hal_uart.o
 .text.UART_TxISR_8BIT
                0x000000000800a062       0x72 ./Drivers/STM32F7xx_HAL_Driver/Src/stm32f7xx_hal_uart.o
 .text.UART_TxISR_16BIT
                0x000000000800a0d4       0x7c ./Drivers/STM32F7xx_HAL_Driver/Src/stm32f7xx_hal_uart.o
 .text.UART_EndTransmit_IT
                0x000000000800a150       0x32 ./Drivers/STM32F7xx_HAL_Driver/Src/stm32f7xx_hal_uart.o
 .text.UART_RxISR_8BIT
                0x000000000800a182       0xd4 ./Drivers/STM32F7xx_HAL_Driver/Src/stm32f7xx_hal_uart.o
 .text.UART_RxISR_16BIT
                0x000000000800a256       0xd4 ./Drivers/STM32F7xx_HAL_Driver/Src/stm32f7xx_hal_uart.o
 *fill*         0x000000000800a32a        0x2 
 .text.FMC_SDRAM_Init
                0x000000000800a32c       0xe4 ./Drivers/STM32F7xx_HAL_Driver/Src/stm32f7xx_ll_fmc.o
                0x000000000800a32c                FMC_SDRAM_Init
 .text.FMC_SDRAM_Timing_Init
                0x000000000800a410      0x100 ./Drivers/STM32F7xx_HAL_Driver/Src/stm32f7xx_ll_fmc.o
                0x000000000800a410                FMC_SDRAM_Timing_Init
 .text.FMC_SDRAM_SendCommand
                0x000000000800a510       0x48 ./Drivers/STM32F7xx_HAL_Driver/Src/stm32f7xx_ll_fmc.o
                0x000000000800a510                FMC_SDRAM_SendCommand
 .text.CRC16    0x000000000800a558       0x68 ./MODBUS/crc16.o
                0x000000000800a558                CRC16
 .text.Timer50usTick
                0x000000000800a5c0       0x64 ./MODBUS/modbus.o
                0x000000000800a5c0                Timer50usTick
 .text.SetTimeout
                0x000000000800a624       0x24 ./MODBUS/modbus.o
                0x000000000800a624                SetTimeout
 .text.TimeoutTick
                0x000000000800a648       0x24 ./MODBUS/modbus.o
                0x000000000800a648                TimeoutTick
 .text.TimeoutPassed
                0x000000000800a66c       0x20 ./MODBUS/modbus.o
                0x000000000800a66c                TimeoutPassed
 .text.Set50usTimer
                0x000000000800a68c       0x48 ./MODBUS/modbus.o
                0x000000000800a68c                Set50usTimer
 .text.Start50usTimer
                0x000000000800a6d4       0x34 ./MODBUS/modbus.o
                0x000000000800a6d4                Start50usTimer
 .text.Stop50usTimer
                0x000000000800a708       0x18 ./MODBUS/modbus.o
                0x000000000800a708                Stop50usTimer
 .text.Reset50usTimer
                0x000000000800a720       0x2c ./MODBUS/modbus.o
                0x000000000800a720                Reset50usTimer
 .text.Ist15Expired
                0x000000000800a74c       0x18 ./MODBUS/modbus.o
                0x000000000800a74c                Ist15Expired
 .text.Ist35Expired
                0x000000000800a764       0x18 ./MODBUS/modbus.o
                0x000000000800a764                Ist35Expired
 .text.Is50usTimerStarted
                0x000000000800a77c       0x18 ./MODBUS/modbus.o
                0x000000000800a77c                Is50usTimerStarted
 .text.SetCharacterReceived
                0x000000000800a794       0x20 ./MODBUS/modbus.o
                0x000000000800a794                SetCharacterReceived
 .text.SetCharacterReadyToTransmit
                0x000000000800a7b4       0x2c ./MODBUS/modbus.o
                0x000000000800a7b4                SetCharacterReadyToTransmit
 .text.MB_SendRequest
                0x000000000800a7e0      0x10c ./MODBUS/modbus.o
                0x000000000800a7e0                MB_SendRequest
 .text.MB_GetResponse
                0x000000000800a8ec       0xbc ./MODBUS/modbus.o
                0x000000000800a8ec                MB_GetResponse
 .text.MB_Config
                0x000000000800a9a8       0x4c ./MODBUS/modbus.o
                0x000000000800a9a8                MB_Config
 .text.MB       0x000000000800a9f4      0x1dc ./MODBUS/modbus.o
                0x000000000800a9f4                MB
 .text.MB_Buf_append
                0x000000000800abd0       0x48 ./MODBUS/modbus.o
                0x000000000800abd0                MB_Buf_append
 .text.MB_Buf_pop
                0x000000000800ac18       0xa8 ./MODBUS/modbus.o
                0x000000000800ac18                MB_Buf_pop
 .text.MB_Buf_control
                0x000000000800acc0       0x50 ./MODBUS/modbus.o
                0x000000000800acc0                MB_Buf_control
 .text.MB_Buf_process_master
                0x000000000800ad10        0xe ./MODBUS/modbus.o
                0x000000000800ad10                MB_Buf_process_master
 *fill*         0x000000000800ad1e        0x2 
 .text.MB_Buf_clear
                0x000000000800ad20       0x48 ./MODBUS/modbus.o
                0x000000000800ad20                MB_Buf_clear
 .text.__errno  0x000000000800ad68        0xc c:/st/stm32cubeide_1.4.0/stm32cubeide/plugins/com.st.stm32cube.ide.mcu.externaltools.gnu-tools-for-stm32.9-2020-q2-update.win32_2.0.0.202105311346/tools/bin/../lib/gcc/arm-none-eabi/9.3.1/../../../../arm-none-eabi/lib/thumb/v7e-m+fp/hard\libc_nano.a(lib_a-errno.o)
                0x000000000800ad68                __errno
 .text.__libc_init_array
                0x000000000800ad74       0x48 c:/st/stm32cubeide_1.4.0/stm32cubeide/plugins/com.st.stm32cube.ide.mcu.externaltools.gnu-tools-for-stm32.9-2020-q2-update.win32_2.0.0.202105311346/tools/bin/../lib/gcc/arm-none-eabi/9.3.1/../../../../arm-none-eabi/lib/thumb/v7e-m+fp/hard\libc_nano.a(lib_a-init.o)
                0x000000000800ad74                __libc_init_array
 .text.memset   0x000000000800adbc       0x10 c:/st/stm32cubeide_1.4.0/stm32cubeide/plugins/com.st.stm32cube.ide.mcu.externaltools.gnu-tools-for-stm32.9-2020-q2-update.win32_2.0.0.202105311346/tools/bin/../lib/gcc/arm-none-eabi/9.3.1/../../../../arm-none-eabi/lib/thumb/v7e-m+fp/hard\libc_nano.a(lib_a-memset.o)
                0x000000000800adbc                memset
 .text.__cvt    0x000000000800adcc       0xc4 c:/st/stm32cubeide_1.4.0/stm32cubeide/plugins/com.st.stm32cube.ide.mcu.externaltools.gnu-tools-for-stm32.9-2020-q2-update.win32_2.0.0.202105311346/tools/bin/../lib/gcc/arm-none-eabi/9.3.1/../../../../arm-none-eabi/lib/thumb/v7e-m+fp/hard\libc_nano.a(lib_a-nano-vfprintf_float.o)
                0x000000000800adcc                __cvt
 .text.__exponent
                0x000000000800ae90       0x7c c:/st/stm32cubeide_1.4.0/stm32cubeide/plugins/com.st.stm32cube.ide.mcu.externaltools.gnu-tools-for-stm32.9-2020-q2-update.win32_2.0.0.202105311346/tools/bin/../lib/gcc/arm-none-eabi/9.3.1/../../../../arm-none-eabi/lib/thumb/v7e-m+fp/hard\libc_nano.a(lib_a-nano-vfprintf_float.o)
                0x000000000800ae90                __exponent
 .text._printf_float
                0x000000000800af0c      0x46c c:/st/stm32cubeide_1.4.0/stm32cubeide/plugins/com.st.stm32cube.ide.mcu.externaltools.gnu-tools-for-stm32.9-2020-q2-update.win32_2.0.0.202105311346/tools/bin/../lib/gcc/arm-none-eabi/9.3.1/../../../../arm-none-eabi/lib/thumb/v7e-m+fp/hard\libc_nano.a(lib_a-nano-vfprintf_float.o)
                0x000000000800af0c                _printf_float
 .text._printf_common
                0x000000000800b378       0xda c:/st/stm32cubeide_1.4.0/stm32cubeide/plugins/com.st.stm32cube.ide.mcu.externaltools.gnu-tools-for-stm32.9-2020-q2-update.win32_2.0.0.202105311346/tools/bin/../lib/gcc/arm-none-eabi/9.3.1/../../../../arm-none-eabi/lib/thumb/v7e-m+fp/hard\libc_nano.a(lib_a-nano-vfprintf_i.o)
                0x000000000800b378                _printf_common
 *fill*         0x000000000800b452        0x2 
 .text._printf_i
                0x000000000800b454      0x24c c:/st/stm32cubeide_1.4.0/stm32cubeide/plugins/com.st.stm32cube.ide.mcu.externaltools.gnu-tools-for-stm32.9-2020-q2-update.win32_2.0.0.202105311346/tools/bin/../lib/gcc/arm-none-eabi/9.3.1/../../../../arm-none-eabi/lib/thumb/v7e-m+fp/hard\libc_nano.a(lib_a-nano-vfprintf_i.o)
                0x000000000800b454                _printf_i
 .text.sprintf  0x000000000800b6a0       0x40 c:/st/stm32cubeide_1.4.0/stm32cubeide/plugins/com.st.stm32cube.ide.mcu.externaltools.gnu-tools-for-stm32.9-2020-q2-update.win32_2.0.0.202105311346/tools/bin/../lib/gcc/arm-none-eabi/9.3.1/../../../../arm-none-eabi/lib/thumb/v7e-m+fp/hard\libc_nano.a(lib_a-sprintf.o)
                0x000000000800b6a0                siprintf
                0x000000000800b6a0                sprintf
 .text.quorem   0x000000000800b6e0      0x116 c:/st/stm32cubeide_1.4.0/stm32cubeide/plugins/com.st.stm32cube.ide.mcu.externaltools.gnu-tools-for-stm32.9-2020-q2-update.win32_2.0.0.202105311346/tools/bin/../lib/gcc/arm-none-eabi/9.3.1/../../../../arm-none-eabi/lib/thumb/v7e-m+fp/hard\libc_nano.a(lib_a-dtoa.o)
 *fill*         0x000000000800b7f6        0x2 
 .text._dtoa_r  0x000000000800b7f8      0xbd8 c:/st/stm32cubeide_1.4.0/stm32cubeide/plugins/com.st.stm32cube.ide.mcu.externaltools.gnu-tools-for-stm32.9-2020-q2-update.win32_2.0.0.202105311346/tools/bin/../lib/gcc/arm-none-eabi/9.3.1/../../../../arm-none-eabi/lib/thumb/v7e-m+fp/hard\libc_nano.a(lib_a-dtoa.o)
                0x000000000800b7f8                _dtoa_r
 .text._localeconv_r
                0x000000000800c3d0        0x8 c:/st/stm32cubeide_1.4.0/stm32cubeide/plugins/com.st.stm32cube.ide.mcu.externaltools.gnu-tools-for-stm32.9-2020-q2-update.win32_2.0.0.202105311346/tools/bin/../lib/gcc/arm-none-eabi/9.3.1/../../../../arm-none-eabi/lib/thumb/v7e-m+fp/hard\libc_nano.a(lib_a-localeconv.o)
                0x000000000800c3d0                _localeconv_r
 .text.malloc   0x000000000800c3d8       0x10 c:/st/stm32cubeide_1.4.0/stm32cubeide/plugins/com.st.stm32cube.ide.mcu.externaltools.gnu-tools-for-stm32.9-2020-q2-update.win32_2.0.0.202105311346/tools/bin/../lib/gcc/arm-none-eabi/9.3.1/../../../../arm-none-eabi/lib/thumb/v7e-m+fp/hard\libc_nano.a(lib_a-malloc.o)
                0x000000000800c3d8                malloc
 .text.memcpy   0x000000000800c3e8       0x1c c:/st/stm32cubeide_1.4.0/stm32cubeide/plugins/com.st.stm32cube.ide.mcu.externaltools.gnu-tools-for-stm32.9-2020-q2-update.win32_2.0.0.202105311346/tools/bin/../lib/gcc/arm-none-eabi/9.3.1/../../../../arm-none-eabi/lib/thumb/v7e-m+fp/hard\libc_nano.a(lib_a-memcpy-stub.o)
                0x000000000800c3e8                memcpy
 .text._Balloc  0x000000000800c404       0x80 c:/st/stm32cubeide_1.4.0/stm32cubeide/plugins/com.st.stm32cube.ide.mcu.externaltools.gnu-tools-for-stm32.9-2020-q2-update.win32_2.0.0.202105311346/tools/bin/../lib/gcc/arm-none-eabi/9.3.1/../../../../arm-none-eabi/lib/thumb/v7e-m+fp/hard\libc_nano.a(lib_a-mprec.o)
                0x000000000800c404                _Balloc
 .text._Bfree   0x000000000800c484       0x44 c:/st/stm32cubeide_1.4.0/stm32cubeide/plugins/com.st.stm32cube.ide.mcu.externaltools.gnu-tools-for-stm32.9-2020-q2-update.win32_2.0.0.202105311346/tools/bin/../lib/gcc/arm-none-eabi/9.3.1/../../../../arm-none-eabi/lib/thumb/v7e-m+fp/hard\libc_nano.a(lib_a-mprec.o)
                0x000000000800c484                _Bfree
 .text.__multadd
                0x000000000800c4c8       0x94 c:/st/stm32cubeide_1.4.0/stm32cubeide/plugins/com.st.stm32cube.ide.mcu.externaltools.gnu-tools-for-stm32.9-2020-q2-update.win32_2.0.0.202105311346/tools/bin/../lib/gcc/arm-none-eabi/9.3.1/../../../../arm-none-eabi/lib/thumb/v7e-m+fp/hard\libc_nano.a(lib_a-mprec.o)
                0x000000000800c4c8                __multadd
 .text.__hi0bits
                0x000000000800c55c       0x40 c:/st/stm32cubeide_1.4.0/stm32cubeide/plugins/com.st.stm32cube.ide.mcu.externaltools.gnu-tools-for-stm32.9-2020-q2-update.win32_2.0.0.202105311346/tools/bin/../lib/gcc/arm-none-eabi/9.3.1/../../../../arm-none-eabi/lib/thumb/v7e-m+fp/hard\libc_nano.a(lib_a-mprec.o)
                0x000000000800c55c                __hi0bits
 .text.__lo0bits
                0x000000000800c59c       0x60 c:/st/stm32cubeide_1.4.0/stm32cubeide/plugins/com.st.stm32cube.ide.mcu.externaltools.gnu-tools-for-stm32.9-2020-q2-update.win32_2.0.0.202105311346/tools/bin/../lib/gcc/arm-none-eabi/9.3.1/../../../../arm-none-eabi/lib/thumb/v7e-m+fp/hard\libc_nano.a(lib_a-mprec.o)
                0x000000000800c59c                __lo0bits
 .text.__i2b    0x000000000800c5fc       0x2c c:/st/stm32cubeide_1.4.0/stm32cubeide/plugins/com.st.stm32cube.ide.mcu.externaltools.gnu-tools-for-stm32.9-2020-q2-update.win32_2.0.0.202105311346/tools/bin/../lib/gcc/arm-none-eabi/9.3.1/../../../../arm-none-eabi/lib/thumb/v7e-m+fp/hard\libc_nano.a(lib_a-mprec.o)
                0x000000000800c5fc                __i2b
 .text.__multiply
                0x000000000800c628      0x14c c:/st/stm32cubeide_1.4.0/stm32cubeide/plugins/com.st.stm32cube.ide.mcu.externaltools.gnu-tools-for-stm32.9-2020-q2-update.win32_2.0.0.202105311346/tools/bin/../lib/gcc/arm-none-eabi/9.3.1/../../../../arm-none-eabi/lib/thumb/v7e-m+fp/hard\libc_nano.a(lib_a-mprec.o)
                0x000000000800c628                __multiply
 .text.__pow5mult
                0x000000000800c774       0xb4 c:/st/stm32cubeide_1.4.0/stm32cubeide/plugins/com.st.stm32cube.ide.mcu.externaltools.gnu-tools-for-stm32.9-2020-q2-update.win32_2.0.0.202105311346/tools/bin/../lib/gcc/arm-none-eabi/9.3.1/../../../../arm-none-eabi/lib/thumb/v7e-m+fp/hard\libc_nano.a(lib_a-mprec.o)
                0x000000000800c774                __pow5mult
 .text.__lshift
                0x000000000800c828       0xd8 c:/st/stm32cubeide_1.4.0/stm32cubeide/plugins/com.st.stm32cube.ide.mcu.externaltools.gnu-tools-for-stm32.9-2020-q2-update.win32_2.0.0.202105311346/tools/bin/../lib/gcc/arm-none-eabi/9.3.1/../../../../arm-none-eabi/lib/thumb/v7e-m+fp/hard\libc_nano.a(lib_a-mprec.o)
                0x000000000800c828                __lshift
 .text.__mcmp   0x000000000800c900       0x38 c:/st/stm32cubeide_1.4.0/stm32cubeide/plugins/com.st.stm32cube.ide.mcu.externaltools.gnu-tools-for-stm32.9-2020-q2-update.win32_2.0.0.202105311346/tools/bin/../lib/gcc/arm-none-eabi/9.3.1/../../../../arm-none-eabi/lib/thumb/v7e-m+fp/hard\libc_nano.a(lib_a-mprec.o)
                0x000000000800c900                __mcmp
 .text.__mdiff  0x000000000800c938      0x110 c:/st/stm32cubeide_1.4.0/stm32cubeide/plugins/com.st.stm32cube.ide.mcu.externaltools.gnu-tools-for-stm32.9-2020-q2-update.win32_2.0.0.202105311346/tools/bin/../lib/gcc/arm-none-eabi/9.3.1/../../../../arm-none-eabi/lib/thumb/v7e-m+fp/hard\libc_nano.a(lib_a-mprec.o)
                0x000000000800c938                __mdiff
 .text.__d2b    0x000000000800ca48       0xb8 c:/st/stm32cubeide_1.4.0/stm32cubeide/plugins/com.st.stm32cube.ide.mcu.externaltools.gnu-tools-for-stm32.9-2020-q2-update.win32_2.0.0.202105311346/tools/bin/../lib/gcc/arm-none-eabi/9.3.1/../../../../arm-none-eabi/lib/thumb/v7e-m+fp/hard\libc_nano.a(lib_a-mprec.o)
                0x000000000800ca48                __d2b
 .text._calloc_r
                0x000000000800cb00       0x1e c:/st/stm32cubeide_1.4.0/stm32cubeide/plugins/com.st.stm32cube.ide.mcu.externaltools.gnu-tools-for-stm32.9-2020-q2-update.win32_2.0.0.202105311346/tools/bin/../lib/gcc/arm-none-eabi/9.3.1/../../../../arm-none-eabi/lib/thumb/v7e-m+fp/hard\libc_nano.a(lib_a-nano-callocr.o)
                0x000000000800cb00                _calloc_r
 *fill*         0x000000000800cb1e        0x2 
 .text._free_r  0x000000000800cb20       0xa0 c:/st/stm32cubeide_1.4.0/stm32cubeide/plugins/com.st.stm32cube.ide.mcu.externaltools.gnu-tools-for-stm32.9-2020-q2-update.win32_2.0.0.202105311346/tools/bin/../lib/gcc/arm-none-eabi/9.3.1/../../../../arm-none-eabi/lib/thumb/v7e-m+fp/hard\libc_nano.a(lib_a-nano-freer.o)
                0x000000000800cb20                _free_r
 .text._malloc_r
                0x000000000800cbc0       0xb4 c:/st/stm32cubeide_1.4.0/stm32cubeide/plugins/com.st.stm32cube.ide.mcu.externaltools.gnu-tools-for-stm32.9-2020-q2-update.win32_2.0.0.202105311346/tools/bin/../lib/gcc/arm-none-eabi/9.3.1/../../../../arm-none-eabi/lib/thumb/v7e-m+fp/hard\libc_nano.a(lib_a-nano-mallocr.o)
                0x000000000800cbc0                _malloc_r
 .text.__ssputs_r
                0x000000000800cc74       0xb6 c:/st/stm32cubeide_1.4.0/stm32cubeide/plugins/com.st.stm32cube.ide.mcu.externaltools.gnu-tools-for-stm32.9-2020-q2-update.win32_2.0.0.202105311346/tools/bin/../lib/gcc/arm-none-eabi/9.3.1/../../../../arm-none-eabi/lib/thumb/v7e-m+fp/hard\libc_nano.a(lib_a-nano-svfprintf.o)
                0x000000000800cc74                __ssputs_r
 *fill*         0x000000000800cd2a        0x2 
 .text._svfprintf_r
                0x000000000800cd2c      0x200 c:/st/stm32cubeide_1.4.0/stm32cubeide/plugins/com.st.stm32cube.ide.mcu.externaltools.gnu-tools-for-stm32.9-2020-q2-update.win32_2.0.0.202105311346/tools/bin/../lib/gcc/arm-none-eabi/9.3.1/../../../../arm-none-eabi/lib/thumb/v7e-m+fp/hard\libc_nano.a(lib_a-nano-svfprintf.o)
                0x000000000800cd2c                _svfiprintf_r
                0x000000000800cd2c                _svfprintf_r
 .text._sbrk_r  0x000000000800cf2c       0x20 c:/st/stm32cubeide_1.4.0/stm32cubeide/plugins/com.st.stm32cube.ide.mcu.externaltools.gnu-tools-for-stm32.9-2020-q2-update.win32_2.0.0.202105311346/tools/bin/../lib/gcc/arm-none-eabi/9.3.1/../../../../arm-none-eabi/lib/thumb/v7e-m+fp/hard\libc_nano.a(lib_a-sbrkr.o)
                0x000000000800cf2c                _sbrk_r
 .text.__assert_func
                0x000000000800cf4c       0x3c c:/st/stm32cubeide_1.4.0/stm32cubeide/plugins/com.st.stm32cube.ide.mcu.externaltools.gnu-tools-for-stm32.9-2020-q2-update.win32_2.0.0.202105311346/tools/bin/../lib/gcc/arm-none-eabi/9.3.1/../../../../arm-none-eabi/lib/thumb/v7e-m+fp/hard\libc_nano.a(lib_a-assert.o)
                0x000000000800cf4c                __assert_func
 .text.fprintf  0x000000000800cf88       0x24 c:/st/stm32cubeide_1.4.0/stm32cubeide/plugins/com.st.stm32cube.ide.mcu.externaltools.gnu-tools-for-stm32.9-2020-q2-update.win32_2.0.0.202105311346/tools/bin/../lib/gcc/arm-none-eabi/9.3.1/../../../../arm-none-eabi/lib/thumb/v7e-m+fp/hard\libc_nano.a(lib_a-fprintf.o)
                0x000000000800cf88                fiprintf
                0x000000000800cf88                fprintf
 .text.__ascii_mbtowc
                0x000000000800cfac       0x24 c:/st/stm32cubeide_1.4.0/stm32cubeide/plugins/com.st.stm32cube.ide.mcu.externaltools.gnu-tools-for-stm32.9-2020-q2-update.win32_2.0.0.202105311346/tools/bin/../lib/gcc/arm-none-eabi/9.3.1/../../../../arm-none-eabi/lib/thumb/v7e-m+fp/hard\libc_nano.a(lib_a-mbtowc_r.o)
                0x000000000800cfac                __ascii_mbtowc
 .text.memmove  0x000000000800cfd0       0x34 c:/st/stm32cubeide_1.4.0/stm32cubeide/plugins/com.st.stm32cube.ide.mcu.externaltools.gnu-tools-for-stm32.9-2020-q2-update.win32_2.0.0.202105311346/tools/bin/../lib/gcc/arm-none-eabi/9.3.1/../../../../arm-none-eabi/lib/thumb/v7e-m+fp/hard\libc_nano.a(lib_a-memmove.o)
                0x000000000800cfd0                memmove
 .text.__malloc_lock
                0x000000000800d004        0xc c:/st/stm32cubeide_1.4.0/stm32cubeide/plugins/com.st.stm32cube.ide.mcu.externaltools.gnu-tools-for-stm32.9-2020-q2-update.win32_2.0.0.202105311346/tools/bin/../lib/gcc/arm-none-eabi/9.3.1/../../../../arm-none-eabi/lib/thumb/v7e-m+fp/hard\libc_nano.a(lib_a-mlock.o)
                0x000000000800d004                __malloc_lock
 .text.__malloc_unlock
                0x000000000800d010        0xc c:/st/stm32cubeide_1.4.0/stm32cubeide/plugins/com.st.stm32cube.ide.mcu.externaltools.gnu-tools-for-stm32.9-2020-q2-update.win32_2.0.0.202105311346/tools/bin/../lib/gcc/arm-none-eabi/9.3.1/../../../../arm-none-eabi/lib/thumb/v7e-m+fp/hard\libc_nano.a(lib_a-mlock.o)
                0x000000000800d010                __malloc_unlock
 .text._realloc_r
                0x000000000800d01c       0x4c c:/st/stm32cubeide_1.4.0/stm32cubeide/plugins/com.st.stm32cube.ide.mcu.externaltools.gnu-tools-for-stm32.9-2020-q2-update.win32_2.0.0.202105311346/tools/bin/../lib/gcc/arm-none-eabi/9.3.1/../../../../arm-none-eabi/lib/thumb/v7e-m+fp/hard\libc_nano.a(lib_a-nano-reallocr.o)
                0x000000000800d01c                _realloc_r
 .text.__sfputc_r
                0x000000000800d068       0x2e c:/st/stm32cubeide_1.4.0/stm32cubeide/plugins/com.st.stm32cube.ide.mcu.externaltools.gnu-tools-for-stm32.9-2020-q2-update.win32_2.0.0.202105311346/tools/bin/../lib/gcc/arm-none-eabi/9.3.1/../../../../arm-none-eabi/lib/thumb/v7e-m+fp/hard\libc_nano.a(lib_a-nano-vfprintf.o)
 .text.__sfputs_r
                0x000000000800d096       0x24 c:/st/stm32cubeide_1.4.0/stm32cubeide/plugins/com.st.stm32cube.ide.mcu.externaltools.gnu-tools-for-stm32.9-2020-q2-update.win32_2.0.0.202105311346/tools/bin/../lib/gcc/arm-none-eabi/9.3.1/../../../../arm-none-eabi/lib/thumb/v7e-m+fp/hard\libc_nano.a(lib_a-nano-vfprintf.o)
                0x000000000800d096                __sfputs_r
 *fill*         0x000000000800d0ba        0x2 
 .text._vfprintf_r
                0x000000000800d0bc      0x260 c:/st/stm32cubeide_1.4.0/stm32cubeide/plugins/com.st.stm32cube.ide.mcu.externaltools.gnu-tools-for-stm32.9-2020-q2-update.win32_2.0.0.202105311346/tools/bin/../lib/gcc/arm-none-eabi/9.3.1/../../../../arm-none-eabi/lib/thumb/v7e-m+fp/hard\libc_nano.a(lib_a-nano-vfprintf.o)
                0x000000000800d0bc                _vfprintf_r
                0x000000000800d0bc                _vfiprintf_r
 .text.__swbuf_r
                0x000000000800d31c       0xa4 c:/st/stm32cubeide_1.4.0/stm32cubeide/plugins/com.st.stm32cube.ide.mcu.externaltools.gnu-tools-for-stm32.9-2020-q2-update.win32_2.0.0.202105311346/tools/bin/../lib/gcc/arm-none-eabi/9.3.1/../../../../arm-none-eabi/lib/thumb/v7e-m+fp/hard\libc_nano.a(lib_a-wbuf.o)
                0x000000000800d31c                __swbuf_r
 .text.__ascii_wctomb
                0x000000000800d3c0       0x1a c:/st/stm32cubeide_1.4.0/stm32cubeide/plugins/com.st.stm32cube.ide.mcu.externaltools.gnu-tools-for-stm32.9-2020-q2-update.win32_2.0.0.202105311346/tools/bin/../lib/gcc/arm-none-eabi/9.3.1/../../../../arm-none-eabi/lib/thumb/v7e-m+fp/hard\libc_nano.a(lib_a-wctomb_r.o)
                0x000000000800d3c0                __ascii_wctomb
 *fill*         0x000000000800d3da        0x2 
 .text.__swsetup_r
                0x000000000800d3dc       0xdc c:/st/stm32cubeide_1.4.0/stm32cubeide/plugins/com.st.stm32cube.ide.mcu.externaltools.gnu-tools-for-stm32.9-2020-q2-update.win32_2.0.0.202105311346/tools/bin/../lib/gcc/arm-none-eabi/9.3.1/../../../../arm-none-eabi/lib/thumb/v7e-m+fp/hard\libc_nano.a(lib_a-wsetup.o)
                0x000000000800d3dc                __swsetup_r
 .text.abort    0x000000000800d4b8        0xe c:/st/stm32cubeide_1.4.0/stm32cubeide/plugins/com.st.stm32cube.ide.mcu.externaltools.gnu-tools-for-stm32.9-2020-q2-update.win32_2.0.0.202105311346/tools/bin/../lib/gcc/arm-none-eabi/9.3.1/../../../../arm-none-eabi/lib/thumb/v7e-m+fp/hard\libc_nano.a(lib_a-abort.o)
                0x000000000800d4b8                abort
 *fill*         0x000000000800d4c6        0x2 
 .text.__sflush_r
                0x000000000800d4c8      0x10c c:/st/stm32cubeide_1.4.0/stm32cubeide/plugins/com.st.stm32cube.ide.mcu.externaltools.gnu-tools-for-stm32.9-2020-q2-update.win32_2.0.0.202105311346/tools/bin/../lib/gcc/arm-none-eabi/9.3.1/../../../../arm-none-eabi/lib/thumb/v7e-m+fp/hard\libc_nano.a(lib_a-fflush.o)
                0x000000000800d4c8                __sflush_r
 .text._fflush_r
                0x000000000800d5d4       0x78 c:/st/stm32cubeide_1.4.0/stm32cubeide/plugins/com.st.stm32cube.ide.mcu.externaltools.gnu-tools-for-stm32.9-2020-q2-update.win32_2.0.0.202105311346/tools/bin/../lib/gcc/arm-none-eabi/9.3.1/../../../../arm-none-eabi/lib/thumb/v7e-m+fp/hard\libc_nano.a(lib_a-fflush.o)
                0x000000000800d5d4                _fflush_r
 .text.std      0x000000000800d64c       0x48 c:/st/stm32cubeide_1.4.0/stm32cubeide/plugins/com.st.stm32cube.ide.mcu.externaltools.gnu-tools-for-stm32.9-2020-q2-update.win32_2.0.0.202105311346/tools/bin/../lib/gcc/arm-none-eabi/9.3.1/../../../../arm-none-eabi/lib/thumb/v7e-m+fp/hard\libc_nano.a(lib_a-findfp.o)
 .text._cleanup_r
                0x000000000800d694        0xc c:/st/stm32cubeide_1.4.0/stm32cubeide/plugins/com.st.stm32cube.ide.mcu.externaltools.gnu-tools-for-stm32.9-2020-q2-update.win32_2.0.0.202105311346/tools/bin/../lib/gcc/arm-none-eabi/9.3.1/../../../../arm-none-eabi/lib/thumb/v7e-m+fp/hard\libc_nano.a(lib_a-findfp.o)
                0x000000000800d694                _cleanup_r
 .text.__sfmoreglue
                0x000000000800d6a0       0x2c c:/st/stm32cubeide_1.4.0/stm32cubeide/plugins/com.st.stm32cube.ide.mcu.externaltools.gnu-tools-for-stm32.9-2020-q2-update.win32_2.0.0.202105311346/tools/bin/../lib/gcc/arm-none-eabi/9.3.1/../../../../arm-none-eabi/lib/thumb/v7e-m+fp/hard\libc_nano.a(lib_a-findfp.o)
                0x000000000800d6a0                __sfmoreglue
 .text.__sfp_lock_acquire
                0x000000000800d6cc        0xc c:/st/stm32cubeide_1.4.0/stm32cubeide/plugins/com.st.stm32cube.ide.mcu.externaltools.gnu-tools-for-stm32.9-2020-q2-update.win32_2.0.0.202105311346/tools/bin/../lib/gcc/arm-none-eabi/9.3.1/../../../../arm-none-eabi/lib/thumb/v7e-m+fp/hard\libc_nano.a(lib_a-findfp.o)
                0x000000000800d6cc                __sfp_lock_acquire
 .text.__sfp_lock_release
                0x000000000800d6d8        0xc c:/st/stm32cubeide_1.4.0/stm32cubeide/plugins/com.st.stm32cube.ide.mcu.externaltools.gnu-tools-for-stm32.9-2020-q2-update.win32_2.0.0.202105311346/tools/bin/../lib/gcc/arm-none-eabi/9.3.1/../../../../arm-none-eabi/lib/thumb/v7e-m+fp/hard\libc_nano.a(lib_a-findfp.o)
                0x000000000800d6d8                __sfp_lock_release
 .text.__sinit_lock_acquire
                0x000000000800d6e4        0xc c:/st/stm32cubeide_1.4.0/stm32cubeide/plugins/com.st.stm32cube.ide.mcu.externaltools.gnu-tools-for-stm32.9-2020-q2-update.win32_2.0.0.202105311346/tools/bin/../lib/gcc/arm-none-eabi/9.3.1/../../../../arm-none-eabi/lib/thumb/v7e-m+fp/hard\libc_nano.a(lib_a-findfp.o)
                0x000000000800d6e4                __sinit_lock_acquire
 .text.__sinit_lock_release
                0x000000000800d6f0        0xc c:/st/stm32cubeide_1.4.0/stm32cubeide/plugins/com.st.stm32cube.ide.mcu.externaltools.gnu-tools-for-stm32.9-2020-q2-update.win32_2.0.0.202105311346/tools/bin/../lib/gcc/arm-none-eabi/9.3.1/../../../../arm-none-eabi/lib/thumb/v7e-m+fp/hard\libc_nano.a(lib_a-findfp.o)
                0x000000000800d6f0                __sinit_lock_release
 .text.__sinit  0x000000000800d6fc       0x70 c:/st/stm32cubeide_1.4.0/stm32cubeide/plugins/com.st.stm32cube.ide.mcu.externaltools.gnu-tools-for-stm32.9-2020-q2-update.win32_2.0.0.202105311346/tools/bin/../lib/gcc/arm-none-eabi/9.3.1/../../../../arm-none-eabi/lib/thumb/v7e-m+fp/hard\libc_nano.a(lib_a-findfp.o)
                0x000000000800d6fc                __sinit
 .text.__sfp    0x000000000800d76c       0x8c c:/st/stm32cubeide_1.4.0/stm32cubeide/plugins/com.st.stm32cube.ide.mcu.externaltools.gnu-tools-for-stm32.9-2020-q2-update.win32_2.0.0.202105311346/tools/bin/../lib/gcc/arm-none-eabi/9.3.1/../../../../arm-none-eabi/lib/thumb/v7e-m+fp/hard\libc_nano.a(lib_a-findfp.o)
                0x000000000800d76c                __sfp
 .text._fwalk_reent
                0x000000000800d7f8       0x3e c:/st/stm32cubeide_1.4.0/stm32cubeide/plugins/com.st.stm32cube.ide.mcu.externaltools.gnu-tools-for-stm32.9-2020-q2-update.win32_2.0.0.202105311346/tools/bin/../lib/gcc/arm-none-eabi/9.3.1/../../../../arm-none-eabi/lib/thumb/v7e-m+fp/hard\libc_nano.a(lib_a-fwalk.o)
                0x000000000800d7f8                _fwalk_reent
 .text.__retarget_lock_init_recursive
                0x000000000800d836        0x2 c:/st/stm32cubeide_1.4.0/stm32cubeide/plugins/com.st.stm32cube.ide.mcu.externaltools.gnu-tools-for-stm32.9-2020-q2-update.win32_2.0.0.202105311346/tools/bin/../lib/gcc/arm-none-eabi/9.3.1/../../../../arm-none-eabi/lib/thumb/v7e-m+fp/hard\libc_nano.a(lib_a-lock.o)
                0x000000000800d836                __retarget_lock_init_recursive
 .text.__retarget_lock_acquire_recursive
                0x000000000800d838        0x2 c:/st/stm32cubeide_1.4.0/stm32cubeide/plugins/com.st.stm32cube.ide.mcu.externaltools.gnu-tools-for-stm32.9-2020-q2-update.win32_2.0.0.202105311346/tools/bin/../lib/gcc/arm-none-eabi/9.3.1/../../../../arm-none-eabi/lib/thumb/v7e-m+fp/hard\libc_nano.a(lib_a-lock.o)
                0x000000000800d838                __retarget_lock_acquire_recursive
 .text.__retarget_lock_release_recursive
                0x000000000800d83a        0x2 c:/st/stm32cubeide_1.4.0/stm32cubeide/plugins/com.st.stm32cube.ide.mcu.externaltools.gnu-tools-for-stm32.9-2020-q2-update.win32_2.0.0.202105311346/tools/bin/../lib/gcc/arm-none-eabi/9.3.1/../../../../arm-none-eabi/lib/thumb/v7e-m+fp/hard\libc_nano.a(lib_a-lock.o)
                0x000000000800d83a                __retarget_lock_release_recursive
 .text.__swhatbuf_r
                0x000000000800d83c       0x48 c:/st/stm32cubeide_1.4.0/stm32cubeide/plugins/com.st.stm32cube.ide.mcu.externaltools.gnu-tools-for-stm32.9-2020-q2-update.win32_2.0.0.202105311346/tools/bin/../lib/gcc/arm-none-eabi/9.3.1/../../../../arm-none-eabi/lib/thumb/v7e-m+fp/hard\libc_nano.a(lib_a-makebuf.o)
                0x000000000800d83c                __swhatbuf_r
 .text.__smakebuf_r
                0x000000000800d884       0x80 c:/st/stm32cubeide_1.4.0/stm32cubeide/plugins/com.st.stm32cube.ide.mcu.externaltools.gnu-tools-for-stm32.9-2020-q2-update.win32_2.0.0.202105311346/tools/bin/../lib/gcc/arm-none-eabi/9.3.1/../../../../arm-none-eabi/lib/thumb/v7e-m+fp/hard\libc_nano.a(lib_a-makebuf.o)
                0x000000000800d884                __smakebuf_r
 .text._malloc_usable_size_r
                0x000000000800d904       0x10 c:/st/stm32cubeide_1.4.0/stm32cubeide/plugins/com.st.stm32cube.ide.mcu.externaltools.gnu-tools-for-stm32.9-2020-q2-update.win32_2.0.0.202105311346/tools/bin/../lib/gcc/arm-none-eabi/9.3.1/../../../../arm-none-eabi/lib/thumb/v7e-m+fp/hard\libc_nano.a(lib_a-nano-msizer.o)
                0x000000000800d904                _malloc_usable_size_r
 .text._raise_r
                0x000000000800d914       0x50 c:/st/stm32cubeide_1.4.0/stm32cubeide/plugins/com.st.stm32cube.ide.mcu.externaltools.gnu-tools-for-stm32.9-2020-q2-update.win32_2.0.0.202105311346/tools/bin/../lib/gcc/arm-none-eabi/9.3.1/../../../../arm-none-eabi/lib/thumb/v7e-m+fp/hard\libc_nano.a(lib_a-signal.o)
                0x000000000800d914                _raise_r
 .text.raise    0x000000000800d964       0x10 c:/st/stm32cubeide_1.4.0/stm32cubeide/plugins/com.st.stm32cube.ide.mcu.externaltools.gnu-tools-for-stm32.9-2020-q2-update.win32_2.0.0.202105311346/tools/bin/../lib/gcc/arm-none-eabi/9.3.1/../../../../arm-none-eabi/lib/thumb/v7e-m+fp/hard\libc_nano.a(lib_a-signal.o)
                0x000000000800d964                raise
 .text._kill_r  0x000000000800d974       0x24 c:/st/stm32cubeide_1.4.0/stm32cubeide/plugins/com.st.stm32cube.ide.mcu.externaltools.gnu-tools-for-stm32.9-2020-q2-update.win32_2.0.0.202105311346/tools/bin/../lib/gcc/arm-none-eabi/9.3.1/../../../../arm-none-eabi/lib/thumb/v7e-m+fp/hard\libc_nano.a(lib_a-signalr.o)
                0x000000000800d974                _kill_r
 .text._getpid_r
                0x000000000800d998        0x4 c:/st/stm32cubeide_1.4.0/stm32cubeide/plugins/com.st.stm32cube.ide.mcu.externaltools.gnu-tools-for-stm32.9-2020-q2-update.win32_2.0.0.202105311346/tools/bin/../lib/gcc/arm-none-eabi/9.3.1/../../../../arm-none-eabi/lib/thumb/v7e-m+fp/hard\libc_nano.a(lib_a-signalr.o)
                0x000000000800d998                _getpid_r
 .text.__sread  0x000000000800d99c       0x22 c:/st/stm32cubeide_1.4.0/stm32cubeide/plugins/com.st.stm32cube.ide.mcu.externaltools.gnu-tools-for-stm32.9-2020-q2-update.win32_2.0.0.202105311346/tools/bin/../lib/gcc/arm-none-eabi/9.3.1/../../../../arm-none-eabi/lib/thumb/v7e-m+fp/hard\libc_nano.a(lib_a-stdio.o)
                0x000000000800d99c                __sread
 .text.__swrite
                0x000000000800d9be       0x38 c:/st/stm32cubeide_1.4.0/stm32cubeide/plugins/com.st.stm32cube.ide.mcu.externaltools.gnu-tools-for-stm32.9-2020-q2-update.win32_2.0.0.202105311346/tools/bin/../lib/gcc/arm-none-eabi/9.3.1/../../../../arm-none-eabi/lib/thumb/v7e-m+fp/hard\libc_nano.a(lib_a-stdio.o)
                0x000000000800d9be                __swrite
 .text.__sseek  0x000000000800d9f6       0x24 c:/st/stm32cubeide_1.4.0/stm32cubeide/plugins/com.st.stm32cube.ide.mcu.externaltools.gnu-tools-for-stm32.9-2020-q2-update.win32_2.0.0.202105311346/tools/bin/../lib/gcc/arm-none-eabi/9.3.1/../../../../arm-none-eabi/lib/thumb/v7e-m+fp/hard\libc_nano.a(lib_a-stdio.o)
                0x000000000800d9f6                __sseek
 .text.__sclose
                0x000000000800da1a        0x8 c:/st/stm32cubeide_1.4.0/stm32cubeide/plugins/com.st.stm32cube.ide.mcu.externaltools.gnu-tools-for-stm32.9-2020-q2-update.win32_2.0.0.202105311346/tools/bin/../lib/gcc/arm-none-eabi/9.3.1/../../../../arm-none-eabi/lib/thumb/v7e-m+fp/hard\libc_nano.a(lib_a-stdio.o)
                0x000000000800da1a                __sclose
 *fill*         0x000000000800da22        0x2 
 .text._write_r
                0x000000000800da24       0x24 c:/st/stm32cubeide_1.4.0/stm32cubeide/plugins/com.st.stm32cube.ide.mcu.externaltools.gnu-tools-for-stm32.9-2020-q2-update.win32_2.0.0.202105311346/tools/bin/../lib/gcc/arm-none-eabi/9.3.1/../../../../arm-none-eabi/lib/thumb/v7e-m+fp/hard\libc_nano.a(lib_a-writer.o)
                0x000000000800da24                _write_r
 .text._close_r
                0x000000000800da48       0x20 c:/st/stm32cubeide_1.4.0/stm32cubeide/plugins/com.st.stm32cube.ide.mcu.externaltools.gnu-tools-for-stm32.9-2020-q2-update.win32_2.0.0.202105311346/tools/bin/../lib/gcc/arm-none-eabi/9.3.1/../../../../arm-none-eabi/lib/thumb/v7e-m+fp/hard\libc_nano.a(lib_a-closer.o)
                0x000000000800da48                _close_r
 .text._fstat_r
                0x000000000800da68       0x24 c:/st/stm32cubeide_1.4.0/stm32cubeide/plugins/com.st.stm32cube.ide.mcu.externaltools.gnu-tools-for-stm32.9-2020-q2-update.win32_2.0.0.202105311346/tools/bin/../lib/gcc/arm-none-eabi/9.3.1/../../../../arm-none-eabi/lib/thumb/v7e-m+fp/hard\libc_nano.a(lib_a-fstatr.o)
                0x000000000800da68                _fstat_r
 .text._isatty_r
                0x000000000800da8c       0x20 c:/st/stm32cubeide_1.4.0/stm32cubeide/plugins/com.st.stm32cube.ide.mcu.externaltools.gnu-tools-for-stm32.9-2020-q2-update.win32_2.0.0.202105311346/tools/bin/../lib/gcc/arm-none-eabi/9.3.1/../../../../arm-none-eabi/lib/thumb/v7e-m+fp/hard\libc_nano.a(lib_a-isattyr.o)
                0x000000000800da8c                _isatty_r
 .text._lseek_r
                0x000000000800daac       0x24 c:/st/stm32cubeide_1.4.0/stm32cubeide/plugins/com.st.stm32cube.ide.mcu.externaltools.gnu-tools-for-stm32.9-2020-q2-update.win32_2.0.0.202105311346/tools/bin/../lib/gcc/arm-none-eabi/9.3.1/../../../../arm-none-eabi/lib/thumb/v7e-m+fp/hard\libc_nano.a(lib_a-lseekr.o)
                0x000000000800daac                _lseek_r
 .text._read_r  0x000000000800dad0       0x24 c:/st/stm32cubeide_1.4.0/stm32cubeide/plugins/com.st.stm32cube.ide.mcu.externaltools.gnu-tools-for-stm32.9-2020-q2-update.win32_2.0.0.202105311346/tools/bin/../lib/gcc/arm-none-eabi/9.3.1/../../../../arm-none-eabi/lib/thumb/v7e-m+fp/hard\libc_nano.a(lib_a-readr.o)
                0x000000000800dad0                _read_r
 *(.glue_7)
 .glue_7        0x000000000800daf4        0x0 linker stubs
 *(.glue_7t)
 .glue_7t       0x000000000800daf4        0x0 linker stubs
 *(.eh_frame)
 .eh_frame      0x000000000800daf4        0x0 c:/st/stm32cubeide_1.4.0/stm32cubeide/plugins/com.st.stm32cube.ide.mcu.externaltools.gnu-tools-for-stm32.9-2020-q2-update.win32_2.0.0.202105311346/tools/bin/../lib/gcc/arm-none-eabi/9.3.1/thumb/v7e-m+fp/hard/crtbegin.o
 *(.init)
 .init          0x000000000800daf4        0x4 c:/st/stm32cubeide_1.4.0/stm32cubeide/plugins/com.st.stm32cube.ide.mcu.externaltools.gnu-tools-for-stm32.9-2020-q2-update.win32_2.0.0.202105311346/tools/bin/../lib/gcc/arm-none-eabi/9.3.1/thumb/v7e-m+fp/hard/crti.o
                0x000000000800daf4                _init
 .init          0x000000000800daf8        0x8 c:/st/stm32cubeide_1.4.0/stm32cubeide/plugins/com.st.stm32cube.ide.mcu.externaltools.gnu-tools-for-stm32.9-2020-q2-update.win32_2.0.0.202105311346/tools/bin/../lib/gcc/arm-none-eabi/9.3.1/thumb/v7e-m+fp/hard/crtn.o
 *(.fini)
 .fini          0x000000000800db00        0x4 c:/st/stm32cubeide_1.4.0/stm32cubeide/plugins/com.st.stm32cube.ide.mcu.externaltools.gnu-tools-for-stm32.9-2020-q2-update.win32_2.0.0.202105311346/tools/bin/../lib/gcc/arm-none-eabi/9.3.1/thumb/v7e-m+fp/hard/crti.o
                0x000000000800db00                _fini
 .fini          0x000000000800db04        0x8 c:/st/stm32cubeide_1.4.0/stm32cubeide/plugins/com.st.stm32cube.ide.mcu.externaltools.gnu-tools-for-stm32.9-2020-q2-update.win32_2.0.0.202105311346/tools/bin/../lib/gcc/arm-none-eabi/9.3.1/thumb/v7e-m+fp/hard/crtn.o
                0x000000000800db0c                . = ALIGN (0x4)
                0x000000000800db0c                _etext = .

.vfp11_veneer   0x000000000800db0c        0x0
 .vfp11_veneer  0x000000000800db0c        0x0 linker stubs

.v4_bx          0x000000000800db0c        0x0
 .v4_bx         0x000000000800db0c        0x0 linker stubs

.iplt           0x000000000800db0c        0x0
 .iplt          0x000000000800db0c        0x0 c:/st/stm32cubeide_1.4.0/stm32cubeide/plugins/com.st.stm32cube.ide.mcu.externaltools.gnu-tools-for-stm32.9-2020-q2-update.win32_2.0.0.202105311346/tools/bin/../lib/gcc/arm-none-eabi/9.3.1/thumb/v7e-m+fp/hard/crtbegin.o

.rodata         0x000000000800db10     0x2fbc
                0x000000000800db10                . = ALIGN (0x4)
 *(.rodata)
 .rodata        0x000000000800db10       0x2c ./Core/Src/main.o
 *(.rodata*)
 .rodata.AHBPrescTable
                0x000000000800db3c       0x10 ./Core/Src/system_stm32f7xx.o
                0x000000000800db3c                AHBPrescTable
 .rodata.APBPrescTable
                0x000000000800db4c        0x8 ./Core/Src/system_stm32f7xx.o
                0x000000000800db4c                APBPrescTable
 .rodata.Font24_Table
                0x000000000800db54     0x1ab8 ./Drivers/BSP/STM32746G-Discovery/stm32746g_discovery_lcd.o