Archive member included to satisfy reference by file (symbol)

C:/ST/STM32CubeIDE_1.13.2/STM32CubeIDE/plugins/com.st.stm32cube.ide.mcu.externaltools.gnu-tools-for-stm32.11.3.rel1.win32_1.1.1.202309131626/tools/bin/../lib/gcc/arm-none-eabi/11.3.1/../../../../arm-none-eabi/lib/thumb/v7e-m+fp/hard\libc_nano.a(libc_a-exit.o)
                              C:/ST/STM32CubeIDE_1.13.2/STM32CubeIDE/plugins/com.st.stm32cube.ide.mcu.externaltools.gnu-tools-for-stm32.11.3.rel1.win32_1.1.1.202309131626/tools/bin/../lib/gcc/arm-none-eabi/11.3.1/../../../../arm-none-eabi/lib/thumb/v7e-m+fp/hard/crt0.o (exit)
C:/ST/STM32CubeIDE_1.13.2/STM32CubeIDE/plugins/com.st.stm32cube.ide.mcu.externaltools.gnu-tools-for-stm32.11.3.rel1.win32_1.1.1.202309131626/tools/bin/../lib/gcc/arm-none-eabi/11.3.1/../../../../arm-none-eabi/lib/thumb/v7e-m+fp/hard\libc_nano.a(libc_a-nano-vfprintf_float.o)
                              (_printf_float)
C:/ST/STM32CubeIDE_1.13.2/STM32CubeIDE/plugins/com.st.stm32cube.ide.mcu.externaltools.gnu-tools-for-stm32.11.3.rel1.win32_1.1.1.202309131626/tools/bin/../lib/gcc/arm-none-eabi/11.3.1/../../../../arm-none-eabi/lib/thumb/v7e-m+fp/hard\libc_nano.a(libc_a-nano-vfprintf_i.o)
                              C:/ST/STM32CubeIDE_1.13.2/STM32CubeIDE/plugins/com.st.stm32cube.ide.mcu.externaltools.gnu-tools-for-stm32.11.3.rel1.win32_1.1.1.202309131626/tools/bin/../lib/gcc/arm-none-eabi/11.3.1/../../../../arm-none-eabi/lib/thumb/v7e-m+fp/hard\libc_nano.a(libc_a-nano-vfprintf_float.o) (_printf_common)
C:/ST/STM32CubeIDE_1.13.2/STM32CubeIDE/plugins/com.st.stm32cube.ide.mcu.externaltools.gnu-tools-for-stm32.11.3.rel1.win32_1.1.1.202309131626/tools/bin/../lib/gcc/arm-none-eabi/11.3.1/../../../../arm-none-eabi/lib/thumb/v7e-m+fp/hard\libc_nano.a(libc_a-findfp.o)
                              C:/ST/STM32CubeIDE_1.13.2/STM32CubeIDE/plugins/com.st.stm32cube.ide.mcu.externaltools.gnu-tools-for-stm32.11.3.rel1.win32_1.1.1.202309131626/tools/bin/../lib/gcc/arm-none-eabi/11.3.1/../../../../arm-none-eabi/lib/thumb/v7e-m+fp/hard\libc_nano.a(libc_a-exit.o) (__stdio_exit_handler)
C:/ST/STM32CubeIDE_1.13.2/STM32CubeIDE/plugins/com.st.stm32cube.ide.mcu.externaltools.gnu-tools-for-stm32.11.3.rel1.win32_1.1.1.202309131626/tools/bin/../lib/gcc/arm-none-eabi/11.3.1/../../../../arm-none-eabi/lib/thumb/v7e-m+fp/hard\libc_nano.a(libc_a-fwalk.o)
                              C:/ST/STM32CubeIDE_1.13.2/STM32CubeIDE/plugins/com.st.stm32cube.ide.mcu.externaltools.gnu-tools-for-stm32.11.3.rel1.win32_1.1.1.202309131626/tools/bin/../lib/gcc/arm-none-eabi/11.3.1/../../../../arm-none-eabi/lib/thumb/v7e-m+fp/hard\libc_nano.a(libc_a-findfp.o) (_fwalk_sglue)
C:/ST/STM32CubeIDE_1.13.2/STM32CubeIDE/plugins/com.st.stm32cube.ide.mcu.externaltools.gnu-tools-for-stm32.11.3.rel1.win32_1.1.1.202309131626/tools/bin/../lib/gcc/arm-none-eabi/11.3.1/../../../../arm-none-eabi/lib/thumb/v7e-m+fp/hard\libc_nano.a(libc_a-sprintf.o)
                              ./Core/Src/main.o (sprintf)
C:/ST/STM32CubeIDE_1.13.2/STM32CubeIDE/plugins/com.st.stm32cube.ide.mcu.externaltools.gnu-tools-for-stm32.11.3.rel1.win32_1.1.1.202309131626/tools/bin/../lib/gcc/arm-none-eabi/11.3.1/../../../../arm-none-eabi/lib/thumb/v7e-m+fp/hard\libc_nano.a(libc_a-stdio.o)
                              C:/ST/STM32CubeIDE_1.13.2/STM32CubeIDE/plugins/com.st.stm32cube.ide.mcu.externaltools.gnu-tools-for-stm32.11.3.rel1.win32_1.1.1.202309131626/tools/bin/../lib/gcc/arm-none-eabi/11.3.1/../../../../arm-none-eabi/lib/thumb/v7e-m+fp/hard\libc_nano.a(libc_a-findfp.o) (__sread)
C:/ST/STM32CubeIDE_1.13.2/STM32CubeIDE/plugins/com.st.stm32cube.ide.mcu.externaltools.gnu-tools-for-stm32.11.3.rel1.win32_1.1.1.202309131626/tools/bin/../lib/gcc/arm-none-eabi/11.3.1/../../../../arm-none-eabi/lib/thumb/v7e-m+fp/hard\libc_nano.a(libc_a-memset.o)
                              C:/ST/STM32CubeIDE_1.13.2/STM32CubeIDE/plugins/com.st.stm32cube.ide.mcu.externaltools.gnu-tools-for-stm32.11.3.rel1.win32_1.1.1.202309131626/tools/bin/../lib/gcc/arm-none-eabi/11.3.1/../../../../arm-none-eabi/lib/thumb/v7e-m+fp/hard/crt0.o (memset)
C:/ST/STM32CubeIDE_1.13.2/STM32CubeIDE/plugins/com.st.stm32cube.ide.mcu.externaltools.gnu-tools-for-stm32.11.3.rel1.win32_1.1.1.202309131626/tools/bin/../lib/gcc/arm-none-eabi/11.3.1/../../../../arm-none-eabi/lib/thumb/v7e-m+fp/hard\libc_nano.a(libc_a-localeconv.o)
                              C:/ST/STM32CubeIDE_1.13.2/STM32CubeIDE/plugins/com.st.stm32cube.ide.mcu.externaltools.gnu-tools-for-stm32.11.3.rel1.win32_1.1.1.202309131626/tools/bin/../lib/gcc/arm-none-eabi/11.3.1/../../../../arm-none-eabi/lib/thumb/v7e-m+fp/hard\libc_nano.a(libc_a-nano-vfprintf_float.o) (_localeconv_r)
C:/ST/STM32CubeIDE_1.13.2/STM32CubeIDE/plugins/com.st.stm32cube.ide.mcu.externaltools.gnu-tools-for-stm32.11.3.rel1.win32_1.1.1.202309131626/tools/bin/../lib/gcc/arm-none-eabi/11.3.1/../../../../arm-none-eabi/lib/thumb/v7e-m+fp/hard\libc_nano.a(libc_a-closer.o)
[...]
Memory Configuration

Name             Origin             Length             Attributes
RAM              0x0000000020000000 0x0000000000050000 xrw
FLASH            0x0000000008000000 0x0000000000100000 xr
*default*        0x0000000000000000 0xffffffffffffffff

Linker script and memory map

LOAD C:/ST/STM32CubeIDE_1.13.2/STM32CubeIDE/plugins/com.st.stm32cube.ide.mcu.externaltools.gnu-tools-for-stm32.11.3.rel1.win32_1.1.1.202309131626/tools/bin/../lib/gcc/arm-none-eabi/11.3.1/thumb/v7e-m+fp/hard/crti.o
LOAD C:/ST/STM32CubeIDE_1.13.2/STM32CubeIDE/plugins/com.st.stm32cube.ide.mcu.externaltools.gnu-tools-for-stm32.11.3.rel1.win32_1.1.1.202309131626/tools/bin/../lib/gcc/arm-none-eabi/11.3.1/thumb/v7e-m+fp/hard/crtbegin.o
LOAD C:/ST/STM32CubeIDE_1.13.2/STM32CubeIDE/plugins/com.st.stm32cube.ide.mcu.externaltools.gnu-tools-for-stm32.11.3.rel1.win32_1.1.1.202309131626/tools/bin/../lib/gcc/arm-none-eabi/11.3.1/../../../../arm-none-eabi/lib/thumb/v7e-m+fp/hard/crt0.o
LOAD ./Core/Src/main.o
LOAD ./Core/Src/stm32f7xx_hal_msp.o
LOAD ./Core/Src/stm32f7xx_it.o
LOAD ./Core/Src/syscalls.o
LOAD ./Core/Src/sysmem.o
LOAD ./Core/Src/system_stm32f7xx.o
LOAD ./Core/Startup/startup_stm32f746nghx.o
LOAD ./Drivers/BSP/Components/exc7200/exc7200.o
LOAD ./Drivers/BSP/Components/ft5336/ft5336.o
LOAD ./Drivers/BSP/Components/ft6x06/ft6x06.o
LOAD ./Drivers/BSP/Components/mfxstm32l152/mfxstm32l152.o
LOAD ./Drivers/BSP/Components/otm8009a/otm8009a.o
LOAD ./Drivers/BSP/Components/ov9655/ov9655.o
LOAD ./Drivers/BSP/Components/s5k5cag/s5k5cag.o
LOAD ./Drivers/BSP/Components/st7735/st7735.o
LOAD ./Drivers/BSP/Components/stmpe811/stmpe811.o
LOAD ./Drivers/BSP/Components/ts3510/ts3510.o
LOAD ./Drivers/BSP/Components/wm8994/wm8994.o
LOAD ./Drivers/BSP/STM32746G-Discovery/stm32746g_discovery.o
LOAD ./Drivers/BSP/STM32746G-Discovery/stm32746g_discovery_eeprom.o
LOAD ./Drivers/BSP/STM32746G-Discovery/stm32746g_discovery_lcd.o
LOAD ./Drivers/BSP/STM32746G-Discovery/stm32746g_discovery_sdram.o
LOAD ./Drivers/BSP/STM32746G-Discovery/stm32746g_discovery_ts.o
LOAD ./Drivers/STM32F7xx_HAL_Driver/Src/stm32f7xx_hal.o
LOAD ./Drivers/STM32F7xx_HAL_Driver/Src/stm32f7xx_hal_adc.o
LOAD ./Drivers/STM32F7xx_HAL_Driver/Src/stm32f7xx_hal_adc_ex.o
LOAD ./Drivers/STM32F7xx_HAL_Driver/Src/stm32f7xx_hal_cortex.o
LOAD ./Drivers/STM32F7xx_HAL_Driver/Src/stm32f7xx_hal_dma.o
LOAD ./Drivers/STM32F7xx_HAL_Driver/Src/stm32f7xx_hal_dma2d.o
LOAD ./Drivers/STM32F7xx_HAL_Driver/Src/stm32f7xx_hal_dma_ex.o
LOAD ./Drivers/STM32F7xx_HAL_Driver/Src/stm32f7xx_hal_dsi.o
LOAD ./Drivers/STM32F7xx_HAL_Driver/Src/stm32f7xx_hal_exti.o
LOAD ./Drivers/STM32F7xx_HAL_Driver/Src/stm32f7xx_hal_flash.o
LOAD ./Drivers/STM32F7xx_HAL_Driver/Src/stm32f7xx_hal_flash_ex.o
LOAD ./Drivers/STM32F7xx_HAL_Driver/Src/stm32f7xx_hal_gpio.o
LOAD ./Drivers/STM32F7xx_HAL_Driver/Src/stm32f7xx_hal_i2c.o
LOAD ./Drivers/STM32F7xx_HAL_Driver/Src/stm32f7xx_hal_i2c_ex.o
LOAD ./Drivers/STM32F7xx_HAL_Driver/Src/stm32f7xx_hal_ltdc.o
LOAD ./Drivers/STM32F7xx_HAL_Driver/Src/stm32f7xx_hal_ltdc_ex.o
LOAD ./Drivers/STM32F7xx_HAL_Driver/Src/stm32f7xx_hal_pwr.o
LOAD ./Drivers/STM32F7xx_HAL_Driver/Src/stm32f7xx_hal_pwr_ex.o
LOAD ./Drivers/STM32F7xx_HAL_Driver/Src/stm32f7xx_hal_rcc.o
LOAD ./Drivers/STM32F7xx_HAL_Driver/Src/stm32f7xx_hal_rcc_ex.o
LOAD ./Drivers/STM32F7xx_HAL_Driver/Src/stm32f7xx_hal_sdram.o
LOAD ./Drivers/STM32F7xx_HAL_Driver/Src/stm32f7xx_hal_tim.o
LOAD ./Drivers/STM32F7xx_HAL_Driver/Src/stm32f7xx_hal_tim_ex.o
LOAD ./Drivers/STM32F7xx_HAL_Driver/Src/stm32f7xx_hal_uart.o
LOAD ./Drivers/STM32F7xx_HAL_Driver/Src/stm32f7xx_hal_uart_ex.o
LOAD ./Drivers/STM32F7xx_HAL_Driver/Src/stm32f7xx_ll_fmc.o
LOAD ./MODBUS/crc16.o
LOAD ./MODBUS/modbus.o
START GROUP
LOAD C:/ST/STM32CubeIDE_1.13.2/STM32CubeIDE/plugins/com.st.stm32cube.ide.mcu.externaltools.gnu-tools-for-stm32.11.3.rel1.win32_1.1.1.202309131626/tools/bin/../lib/gcc/arm-none-eabi/11.3.1/../../../../arm-none-eabi/lib/thumb/v7e-m+fp/hard\libc_nano.a
LOAD C:/ST/STM32CubeIDE_1.13.2/STM32CubeIDE/plugins/com.st.stm32cube.ide.mcu.externaltools.gnu-tools-for-stm32.11.3.rel1.win32_1.1.1.202309131626/tools/bin/../lib/gcc/arm-none-eabi/11.3.1/../../../../arm-none-eabi/lib/thumb/v7e-m+fp/hard\libm.a
END GROUP
START GROUP
LOAD C:/ST/STM32CubeIDE_1.13.2/STM32CubeIDE/plugins/com.st.stm32cube.ide.mcu.externaltools.gnu-tools-for-stm32.11.3.rel1.win32_1.1.1.202309131626/tools/bin/../lib/gcc/arm-none-eabi/11.3.1/thumb/v7e-m+fp/hard\libgcc.a
LOAD C:/ST/STM32CubeIDE_1.13.2/STM32CubeIDE/plugins/com.st.stm32cube.ide.mcu.externaltools.gnu-tools-for-stm32.11.3.rel1.win32_1.1.1.202309131626/tools/bin/../lib/gcc/arm-none-eabi/11.3.1/../../../../arm-none-eabi/lib/thumb/v7e-m+fp/hard\libc_nano.a
END GROUP
START GROUP
LOAD C:/ST/STM32CubeIDE_1.13.2/STM32CubeIDE/plugins/com.st.stm32cube.ide.mcu.externaltools.gnu-tools-for-stm32.11.3.rel1.win32_1.1.1.202309131626/tools/bin/../lib/gcc/arm-none-eabi/11.3.1/thumb/v7e-m+fp/hard\libgcc.a
LOAD C:/ST/STM32CubeIDE_1.13.2/STM32CubeIDE/plugins/com.st.stm32cube.ide.mcu.externaltools.gnu-tools-for-stm32.11.3.rel1.win32_1.1.1.202309131626/tools/bin/../lib/gcc/arm-none-eabi/11.3.1/../../../../arm-none-eabi/lib/thumb/v7e-m+fp/hard\libc_nano.a
LOAD C:/ST/STM32CubeIDE_1.13.2/STM32CubeIDE/plugins/com.st.stm32cube.ide.mcu.externaltools.gnu-tools-for-stm32.11.3.rel1.win32_1.1.1.202309131626/tools/bin/../lib/gcc/arm-none-eabi/11.3.1/../../../../arm-none-eabi/lib/thumb/v7e-m+fp/hard\libnosys.a
END GROUP
START GROUP
LOAD C:/ST/STM32CubeIDE_1.13.2/STM32CubeIDE/plugins/com.st.stm32cube.ide.mcu.externaltools.gnu-tools-for-stm32.11.3.rel1.win32_1.1.1.202309131626/tools/bin/../lib/gcc/arm-none-eabi/11.3.1/thumb/v7e-m+fp/hard\libgcc.a
LOAD C:/ST/STM32CubeIDE_1.13.2/STM32CubeIDE/plugins/com.st.stm32cube.ide.mcu.externaltools.gnu-tools-for-stm32.11.3.rel1.win32_1.1.1.202309131626/tools/bin/../lib/gcc/arm-none-eabi/11.3.1/../../../../arm-none-eabi/lib/thumb/v7e-m+fp/hard\libc_nano.a
LOAD C:/ST/STM32CubeIDE_1.13.2/STM32CubeIDE/plugins/com.st.stm32cube.ide.mcu.externaltools.gnu-tools-for-stm32.11.3.rel1.win32_1.1.1.202309131626/tools/bin/../lib/gcc/arm-none-eabi/11.3.1/../../../../arm-none-eabi/lib/thumb/v7e-m+fp/hard\libnosys.a
END GROUP
LOAD C:/ST/STM32CubeIDE_1.13.2/STM32CubeIDE/plugins/com.st.stm32cube.ide.mcu.externaltools.gnu-tools-for-stm32.11.3.rel1.win32_1.1.1.202309131626/tools/bin/../lib/gcc/arm-none-eabi/11.3.1/thumb/v7e-m+fp/hard/crtend.o
LOAD C:/ST/STM32CubeIDE_1.13.2/STM32CubeIDE/plugins/com.st.stm32cube.ide.mcu.externaltools.gnu-tools-for-stm32.11.3.rel1.win32_1.1.1.202309131626/tools/bin/../lib/gcc/arm-none-eabi/11.3.1/thumb/v7e-m+fp/hard/crtn.o
                0x0000000020050000                _estack = (ORIGIN (RAM) + LENGTH (RAM))
                0x0000000000000200                _Min_Heap_Size = 0x200
                0x0000000000000400                _Min_Stack_Size = 0x400

.isr_vector     0x0000000008000000      0x1c8
                0x0000000008000000                . = ALIGN (0x4)
 *(.isr_vector)
 .isr_vector    0x0000000008000000      0x1c8 ./Core/Startup/startup_stm32f746nghx.o
                0x0000000008000000                g_pfnVectors
                0x00000000080001c8                . = ALIGN (0x4)

.text           0x00000000080001d0     0xdb48
                0x00000000080001d0                . = ALIGN (0x4)
 *(.text)
 .text          0x00000000080001d0       0x40 C:/ST/STM32CubeIDE_1.13.2/STM32CubeIDE/plugins/com.st.stm32cube.ide.mcu.externaltools.gnu-tools-for-stm32.11.3.rel1.win32_1.1.1.202309131626/tools/bin/../lib/gcc/arm-none-eabi/11.3.1/thumb/v7e-m+fp/hard/crtbegin.o
 .text          0x0000000008000210       0xa0 C:/ST/STM32CubeIDE_1.13.2/STM32CubeIDE/plugins/com.st.stm32cube.ide.mcu.externaltools.gnu-tools-for-stm32.11.3.rel1.win32_1.1.1.202309131626/tools/bin/../lib/gcc/arm-none-eabi/11.3.1/../../../../arm-none-eabi/lib/thumb/v7e-m+fp/hard\libc_nano.a(libc_a-memchr.o)
                0x0000000008000210                memchr
 .text          0x00000000080002b0       0x10 C:/ST/STM32CubeIDE_1.13.2/STM32CubeIDE/plugins/com.st.stm32cube.ide.mcu.externaltools.gnu-tools-for-stm32.11.3.rel1.win32_1.1.1.202309131626/tools/bin/../lib/gcc/arm-none-eabi/11.3.1/../../../../arm-none-eabi/lib/thumb/v7e-m+fp/hard\libc_nano.a(libc_a-strlen.o)
                0x00000000080002b0                strlen
 .text          0x00000000080002c0      0x378 C:/ST/STM32CubeIDE_1.13.2/STM32CubeIDE/plugins/com.st.stm32cube.ide.mcu.externaltools.gnu-tools-for-stm32.11.3.rel1.win32_1.1.1.202309131626/tools/bin/../lib/gcc/arm-none-eabi/11.3.1/thumb/v7e-m+fp/hard\libgcc.a(_arm_addsubdf3.o)
                0x00000000080002c0                __aeabi_drsub
                0x00000000080002c8                __aeabi_dsub
                0x00000000080002c8                __subdf3
                0x00000000080002cc                __aeabi_dadd
                0x00000000080002cc                __adddf3
                0x0000000008000544                __floatunsidf
                0x0000000008000544                __aeabi_ui2d
                0x0000000008000564                __floatsidf
                0x0000000008000564                __aeabi_i2d
                0x0000000008000588                __aeabi_f2d
                0x0000000008000588                __extendsfdf2
                0x00000000080005cc                __floatundidf
                0x00000000080005cc                __aeabi_ul2d
                0x00000000080005dc                __floatdidf
                0x00000000080005dc                __aeabi_l2d
 .text          0x0000000008000638      0x424 C:/ST/STM32CubeIDE_1.13.2/STM32CubeIDE/plugins/com.st.stm32cube.ide.mcu.externaltools.gnu-tools-for-stm32.11.3.rel1.win32_1.1.1.202309131626/tools/bin/../lib/gcc/arm-none-eabi/11.3.1/thumb/v7e-m+fp/hard\libgcc.a(_arm_muldivdf3.o)
                0x0000000008000638                __aeabi_dmul
                0x0000000008000638                __muldf3
                0x000000000800088c                __divdf3
                0x000000000800088c                __aeabi_ddiv
 .text          0x0000000008000a5c      0x110 C:/ST/STM32CubeIDE_1.13.2/STM32CubeIDE/plugins/com.st.stm32cube.ide.mcu.externaltools.gnu-tools-for-stm32.11.3.rel1.win32_1.1.1.202309131626/tools/bin/../lib/gcc/arm-none-eabi/11.3.1/thumb/v7e-m+fp/hard\libgcc.a(_arm_cmpdf2.o)
                0x0000000008000a5c                __gtdf2
                0x0000000008000a5c                __gedf2
                0x0000000008000a64                __ltdf2
                0x0000000008000a64                __ledf2
                0x0000000008000a6c                __nedf2
                0x0000000008000a6c                __eqdf2
                0x0000000008000a6c                __cmpdf2
                0x0000000008000ae8                __aeabi_cdrcmple
                0x0000000008000af8                __aeabi_cdcmpeq
                0x0000000008000af8                __aeabi_cdcmple
                0x0000000008000b08                __aeabi_dcmpeq
                0x0000000008000b1c                __aeabi_dcmplt
                0x0000000008000b30                __aeabi_dcmple
                0x0000000008000b44                __aeabi_dcmpge
                0x0000000008000b58                __aeabi_dcmpgt
 .text          0x0000000008000b6c       0x2c C:/ST/STM32CubeIDE_1.13.2/STM32CubeIDE/plugins/com.st.stm32cube.ide.mcu.externaltools.gnu-tools-for-stm32.11.3.rel1.win32_1.1.1.202309131626/tools/bin/../lib/gcc/arm-none-eabi/11.3.1/thumb/v7e-m+fp/hard\libgcc.a(_arm_unorddf2.o)
                0x0000000008000b6c                __unorddf2
                0x0000000008000b6c                __aeabi_dcmpun
 .text          0x0000000008000b98       0x50 C:/ST/STM32CubeIDE_1.13.2/STM32CubeIDE/plugins/com.st.stm32cube.ide.mcu.externaltools.gnu-tools-for-stm32.11.3.rel1.win32_1.1.1.202309131626/tools/bin/../lib/gcc/arm-none-eabi/11.3.1/thumb/v7e-m+fp/hard\libgcc.a(_arm_fixdfsi.o)
                0x0000000008000b98                __aeabi_d2iz
                0x0000000008000b98                __fixdfsi
 .text          0x0000000008000be8       0xa0 C:/ST/STM32CubeIDE_1.13.2/STM32CubeIDE/plugins/com.st.stm32cube.ide.mcu.externaltools.gnu-tools-for-stm32.11.3.rel1.win32_1.1.1.202309131626/tools/bin/../lib/gcc/arm-none-eabi/11.3.1/thumb/v7e-m+fp/hard\libgcc.a(_arm_truncdfsf2.o)
                0x0000000008000be8                __truncdfsf2
                0x0000000008000be8                __aeabi_d2f
 .text          0x0000000008000c88       0x30 C:/ST/STM32CubeIDE_1.13.2/STM32CubeIDE/plugins/com.st.stm32cube.ide.mcu.externaltools.gnu-tools-for-stm32.11.3.rel1.win32_1.1.1.202309131626/tools/bin/../lib/gcc/arm-none-eabi/11.3.1/thumb/v7e-m+fp/hard\libgcc.a(_aeabi_uldivmod.o)
                0x0000000008000c88                __aeabi_uldivmod
 .text          0x0000000008000cb8      0x2c8 C:/ST/STM32CubeIDE_1.13.2/STM32CubeIDE/plugins/com.st.stm32cube.ide.mcu.externaltools.gnu-tools-for-stm32.11.3.rel1.win32_1.1.1.202309131626/tools/bin/../lib/gcc/arm-none-eabi/11.3.1/thumb/v7e-m+fp/hard\libgcc.a(_udivmoddi4.o)
                0x0000000008000cb8                __udivmoddi4
 .text          0x0000000008000f80        0x4 C:/ST/STM32CubeIDE_1.13.2/STM32CubeIDE/plugins/com.st.stm32cube.ide.mcu.externaltools.gnu-tools-for-stm32.11.3.rel1.win32_1.1.1.202309131626/tools/bin/../lib/gcc/arm-none-eabi/11.3.1/thumb/v7e-m+fp/hard\libgcc.a(_dvmd_tls.o)
                0x0000000008000f80                __aeabi_idiv0
                0x0000000008000f80                __aeabi_ldiv0
 *(.text*)
 .text.SCB_EnableICache
                0x0000000008000f84       0x4c ./Core/Src/main.o
 .text.SCB_EnableDCache
                0x0000000008000fd0       0x88 ./Core/Src/main.o
 .text.Communication_Mode
                0x0000000008001058       0x60 ./Core/Src/main.o
                0x0000000008001058                Communication_Mode
 .text.Communication_Put
                0x00000000080010b8       0x24 ./Core/Src/main.o
                0x00000000080010b8                Communication_Put
 .text.Communication_Get
                0x00000000080010dc       0x28 ./Core/Src/main.o
                0x00000000080010dc                Communication_Get
 .text.Enable50usTimer
                0x0000000008001104        0xe ./Core/Src/main.o
                0x0000000008001104                Enable50usTimer
 .text.Disable50usTimer
                0x0000000008001112        0xe ./Core/Src/main.o
                0x0000000008001112                Disable50usTimer
 .text.HAL_GPIO_EXTI_Callback
                0x0000000008001120       0x24 ./Core/Src/main.o
                0x0000000008001120                HAL_GPIO_EXTI_Callback
 .text.DrawPointOfTouch
                0x0000000008001144       0x94 ./Core/Src/main.o
                0x0000000008001144                DrawPointOfTouch
 .text.DrawCalibrationCross
                0x00000000080011d8      0x13a ./Core/Src/main.o
                0x00000000080011d8                DrawCalibrationCross
 *fill*         0x0000000008001312        0x2 
 .text.HAL_LTDC_LineEventCallback
                0x0000000008001314       0x48 ./Core/Src/main.o
                0x0000000008001314                HAL_LTDC_LineEventCallback
 .text.HAL_ADC_ConvCpltCallback
                0x000000000800135c       0x6c ./Core/Src/main.o
                0x000000000800135c                HAL_ADC_ConvCpltCallback
 .text.HAL_UART_RxCpltCallback
                0x00000000080013c8       0x38 ./Core/Src/main.o
                0x00000000080013c8                HAL_UART_RxCpltCallback
 .text.HAL_UART_TxCpltCallback
                0x0000000008001400       0x2c ./Core/Src/main.o
                0x0000000008001400                HAL_UART_TxCpltCallback
 .text.HAL_TIM_PeriodElapsedCallback
                0x000000000800142c      0x378 ./Core/Src/main.o
                0x000000000800142c                HAL_TIM_PeriodElapsedCallback
 .text.main     0x00000000080017a4      0x244 ./Core/Src/main.o
                0x00000000080017a4                main
 .text.SystemClock_Config
                0x00000000080019e8       0xe0 ./Core/Src/main.o
                0x00000000080019e8                SystemClock_Config
 .text.MX_ADC1_Init
                0x0000000008001ac8       0xa4 ./Core/Src/main.o
 .text.MX_ADC3_Init
                0x0000000008001b6c       0xc0 ./Core/Src/main.o
 .text.MX_DMA2D_Init
                0x0000000008001c2c       0x64 ./Core/Src/main.o
 .text.MX_LTDC_Init
                0x0000000008001c90      0x1ac ./Core/Src/main.o
 .text.MX_TIM2_Init
                0x0000000008001e3c       0x9c ./Core/Src/main.o
 .text.MX_TIM3_Init
                0x0000000008001ed8       0x9c ./Core/Src/main.o
 .text.MX_TIM4_Init
                0x0000000008001f74       0x9c ./Core/Src/main.o
 .text.MX_TIM5_Init
                0x0000000008002010       0xa0 ./Core/Src/main.o
 .text.MX_USART1_UART_Init
                0x00000000080020b0       0x60 ./Core/Src/main.o
 .text.MX_USART6_UART_Init
                0x0000000008002110       0x64 ./Core/Src/main.o
 .text.MX_DMA_Init
                0x0000000008002174       0x3c ./Core/Src/main.o
 .text.MX_FMC_Init
                0x00000000080021b0      0x144 ./Core/Src/main.o
 .text.MX_GPIO_Init
                0x00000000080022f4      0x1f8 ./Core/Src/main.o
 .text.Error_Handler
                0x00000000080024ec        0xe ./Core/Src/main.o
                0x00000000080024ec                Error_Handler
 *fill*         0x00000000080024fa        0x2 
 .text.HAL_MspInit
                0x00000000080024fc       0x48 ./Core/Src/stm32f7xx_hal_msp.o
                0x00000000080024fc                HAL_MspInit
 .text.HAL_ADC_MspInit
                0x0000000008002544      0x1b0 ./Core/Src/stm32f7xx_hal_msp.o
                0x0000000008002544                HAL_ADC_MspInit
 .text.HAL_DMA2D_MspInit
                0x00000000080026f4       0x40 ./Core/Src/stm32f7xx_hal_msp.o
                0x00000000080026f4                HAL_DMA2D_MspInit
 .text.HAL_LTDC_MspInit
                0x0000000008002734      0x344 ./Core/Src/stm32f7xx_hal_msp.o
                0x0000000008002734                HAL_LTDC_MspInit
 .text.HAL_TIM_Base_MspInit
                0x0000000008002a78       0xf0 ./Core/Src/stm32f7xx_hal_msp.o
                0x0000000008002a78                HAL_TIM_Base_MspInit
 .text.HAL_UART_MspInit
                0x0000000008002b68      0x1b0 ./Core/Src/stm32f7xx_hal_msp.o
                0x0000000008002b68                HAL_UART_MspInit
 .text.HAL_FMC_MspInit
                0x0000000008002d18      0x140 ./Core/Src/stm32f7xx_hal_msp.o
 .text.HAL_SDRAM_MspInit
                0x0000000008002e58       0x14 ./Core/Src/stm32f7xx_hal_msp.o
                0x0000000008002e58                HAL_SDRAM_MspInit
 .text.NMI_Handler
                0x0000000008002e6c        0xe ./Core/Src/stm32f7xx_it.o
                0x0000000008002e6c                NMI_Handler
 .text.HardFault_Handler
                0x0000000008002e7a        0x6 ./Core/Src/stm32f7xx_it.o
                0x0000000008002e7a                HardFault_Handler
 .text.MemManage_Handler
                0x0000000008002e80        0x6 ./Core/Src/stm32f7xx_it.o
                0x0000000008002e80                MemManage_Handler
 .text.BusFault_Handler
                0x0000000008002e86        0x6 ./Core/Src/stm32f7xx_it.o
                0x0000000008002e86                BusFault_Handler
 .text.UsageFault_Handler
                0x0000000008002e8c        0x6 ./Core/Src/stm32f7xx_it.o
                0x0000000008002e8c                UsageFault_Handler
 .text.SVC_Handler
                0x0000000008002e92        0xe ./Core/Src/stm32f7xx_it.o
                0x0000000008002e92                SVC_Handler
 .text.DebugMon_Handler
                0x0000000008002ea0        0xe ./Core/Src/stm32f7xx_it.o
                0x0000000008002ea0                DebugMon_Handler
 .text.PendSV_Handler
                0x0000000008002eae        0xe ./Core/Src/stm32f7xx_it.o
                0x0000000008002eae                PendSV_Handler
 .text.SysTick_Handler
                0x0000000008002ebc        0xc ./Core/Src/stm32f7xx_it.o
                0x0000000008002ebc                SysTick_Handler
 .text.EXTI9_5_IRQHandler
                0x0000000008002ec8        0xe ./Core/Src/stm32f7xx_it.o
                0x0000000008002ec8                EXTI9_5_IRQHandler
 *fill*         0x0000000008002ed6        0x2 
 .text.TIM2_IRQHandler
                0x0000000008002ed8       0x14 ./Core/Src/stm32f7xx_it.o
                0x0000000008002ed8                TIM2_IRQHandler
 .text.TIM3_IRQHandler
                0x0000000008002eec       0x14 ./Core/Src/stm32f7xx_it.o
                0x0000000008002eec                TIM3_IRQHandler
 .text.TIM4_IRQHandler
                0x0000000008002f00       0x14 ./Core/Src/stm32f7xx_it.o
                0x0000000008002f00                TIM4_IRQHandler
 .text.USART1_IRQHandler
                0x0000000008002f14       0x14 ./Core/Src/stm32f7xx_it.o
                0x0000000008002f14                USART1_IRQHandler
 .text.EXTI15_10_IRQHandler
                0x0000000008002f28       0x10 ./Core/Src/stm32f7xx_it.o
                0x0000000008002f28                EXTI15_10_IRQHandler
 .text.TIM5_IRQHandler
                0x0000000008002f38       0x14 ./Core/Src/stm32f7xx_it.o
                0x0000000008002f38                TIM5_IRQHandler
 .text.DMA2_Stream0_IRQHandler
                0x0000000008002f4c       0x14 ./Core/Src/stm32f7xx_it.o
                0x0000000008002f4c                DMA2_Stream0_IRQHandler
 .text.USART6_IRQHandler
                0x0000000008002f60       0x14 ./Core/Src/stm32f7xx_it.o
                0x0000000008002f60                USART6_IRQHandler
 .text.LTDC_IRQHandler
                0x0000000008002f74       0x14 ./Core/Src/stm32f7xx_it.o
                0x0000000008002f74                LTDC_IRQHandler
 .text._getpid  0x0000000008002f88       0x10 ./Core/Src/syscalls.o
                0x0000000008002f88                _getpid
 .text._kill    0x0000000008002f98       0x20 ./Core/Src/syscalls.o
                0x0000000008002f98                _kill
 .text._exit    0x0000000008002fb8       0x14 ./Core/Src/syscalls.o
                0x0000000008002fb8                _exit
 .text._read    0x0000000008002fcc       0x3a ./Core/Src/syscalls.o
                0x0000000008002fcc                _read
 .text._write   0x0000000008003006       0x38 ./Core/Src/syscalls.o
                0x0000000008003006                _write
 .text._close   0x000000000800303e       0x18 ./Core/Src/syscalls.o
                0x000000000800303e                _close
 .text._fstat   0x0000000008003056       0x20 ./Core/Src/syscalls.o
                0x0000000008003056                _fstat
 .text._isatty  0x0000000008003076       0x16 ./Core/Src/syscalls.o
                0x0000000008003076                _isatty
 .text._lseek   0x000000000800308c       0x1a ./Core/Src/syscalls.o
                0x000000000800308c                _lseek
 *fill*         0x00000000080030a6        0x2 
 .text._sbrk    0x00000000080030a8       0x6c ./Core/Src/sysmem.o
                0x00000000080030a8                _sbrk
 .text.SystemInit
                0x0000000008003114       0x2c ./Core/Src/system_stm32f7xx.o
                0x0000000008003114                SystemInit
 .text.Reset_Handler
                0x0000000008003140       0x50 ./Core/Startup/startup_stm32f746nghx.o
                0x0000000008003140                Reset_Handler
 .text.Default_Handler
                0x0000000008003190        0x2 ./Core/Startup/startup_stm32f746nghx.o
                0x0000000008003190                RTC_Alarm_IRQHandler
                0x0000000008003190                EXTI2_IRQHandler
                0x0000000008003190                TIM8_CC_IRQHandler
                0x0000000008003190                UART8_IRQHandler
                0x0000000008003190                SPI4_IRQHandler
                0x0000000008003190                TIM1_CC_IRQHandler
                0x0000000008003190                DMA2_Stream5_IRQHandler
                0x0000000008003190                DMA1_Stream5_IRQHandler
                0x0000000008003190                PVD_IRQHandler
                0x0000000008003190                TAMP_STAMP_IRQHandler
                0x0000000008003190                CAN2_RX1_IRQHandler
                0x0000000008003190                EXTI3_IRQHandler
                0x0000000008003190                TIM8_TRG_COM_TIM14_IRQHandler
                0x0000000008003190                TIM1_UP_TIM10_IRQHandler
                0x0000000008003190                TIM8_UP_TIM13_IRQHandler
                0x0000000008003190                I2C3_ER_IRQHandler
                0x0000000008003190                EXTI0_IRQHandler
                0x0000000008003190                I2C2_EV_IRQHandler
                0x0000000008003190                DMA1_Stream2_IRQHandler
                0x0000000008003190                CAN1_RX0_IRQHandler
                0x0000000008003190                FPU_IRQHandler
                0x0000000008003190                OTG_HS_WKUP_IRQHandler
                0x0000000008003190                LTDC_ER_IRQHandler
                0x0000000008003190                CAN2_SCE_IRQHandler
                0x0000000008003190                DMA2_Stream2_IRQHandler
                0x0000000008003190                SPI1_IRQHandler
                0x0000000008003190                TIM6_DAC_IRQHandler
                0x0000000008003190                TIM1_BRK_TIM9_IRQHandler
                0x0000000008003190                DCMI_IRQHandler
                0x0000000008003190                CAN2_RX0_IRQHandler
                0x0000000008003190                DMA2_Stream3_IRQHandler
                0x0000000008003190                SAI2_IRQHandler
                0x0000000008003190                USART3_IRQHandler
                0x0000000008003190                CAN1_RX1_IRQHandler
                0x0000000008003190                UART5_IRQHandler
                0x0000000008003190                QUADSPI_IRQHandler
                0x0000000008003190                I2C1_EV_IRQHandler
                0x0000000008003190                DMA1_Stream6_IRQHandler
                0x0000000008003190                DMA1_Stream1_IRQHandler
                0x0000000008003190                UART4_IRQHandler
                0x0000000008003190                RCC_IRQHandler
                0x0000000008003190                TIM8_BRK_TIM12_IRQHandler
                0x0000000008003190                Default_Handler
                0x0000000008003190                CEC_IRQHandler
                0x0000000008003190                ADC_IRQHandler
                0x0000000008003190                DMA1_Stream7_IRQHandler
                0x0000000008003190                SPI5_IRQHandler
                0x0000000008003190                TIM7_IRQHandler
                0x0000000008003190                SDMMC1_IRQHandler
                0x0000000008003190                CAN2_TX_IRQHandler
                0x0000000008003190                DMA2_Stream7_IRQHandler
                0x0000000008003190                I2C3_EV_IRQHandler
                0x0000000008003190                RTC_WKUP_IRQHandler
                0x0000000008003190                ETH_WKUP_IRQHandler
                0x0000000008003190                SPDIF_RX_IRQHandler
                0x0000000008003190                SPI2_IRQHandler
                0x0000000008003190                OTG_HS_EP1_IN_IRQHandler
                0x0000000008003190                DMA1_Stream0_IRQHandler
                0x0000000008003190                CAN1_TX_IRQHandler
                0x0000000008003190                EXTI4_IRQHandler
                0x0000000008003190                RNG_IRQHandler
                0x0000000008003190                ETH_IRQHandler
                0x0000000008003190                OTG_HS_EP1_OUT_IRQHandler
                0x0000000008003190                WWDG_IRQHandler
                0x0000000008003190                SPI6_IRQHandler
                0x0000000008003190                I2C4_EV_IRQHandler
                0x0000000008003190                OTG_FS_WKUP_IRQHandler
                0x0000000008003190                TIM1_TRG_COM_TIM11_IRQHandler
                0x0000000008003190                OTG_HS_IRQHandler
                0x0000000008003190                DMA2D_IRQHandler
                0x0000000008003190                EXTI1_IRQHandler
                0x0000000008003190                UART7_IRQHandler
                0x0000000008003190                USART2_IRQHandler
                0x0000000008003190                I2C2_ER_IRQHandler
                0x0000000008003190                DMA2_Stream1_IRQHandler
                0x0000000008003190                CAN1_SCE_IRQHandler
                0x0000000008003190                FLASH_IRQHandler
                0x0000000008003190                DMA2_Stream4_IRQHandler
                0x0000000008003190                OTG_FS_IRQHandler
                0x0000000008003190                SPI3_IRQHandler
                0x0000000008003190                DMA1_Stream4_IRQHandler
                0x0000000008003190                I2C1_ER_IRQHandler
                0x0000000008003190                FMC_IRQHandler
                0x0000000008003190                LPTIM1_IRQHandler
                0x0000000008003190                I2C4_ER_IRQHandler
                0x0000000008003190                DMA2_Stream6_IRQHandler
                0x0000000008003190                SAI1_IRQHandler
                0x0000000008003190                DMA1_Stream3_IRQHandler
 .text.ft5336_Init
                0x0000000008003192       0x1c ./Drivers/BSP/Components/ft5336/ft5336.o
                0x0000000008003192                ft5336_Init
 .text.ft5336_Reset
                0x00000000080031ae       0x16 ./Drivers/BSP/Components/ft5336/ft5336.o
                0x00000000080031ae                ft5336_Reset
 .text.ft5336_ReadID
                0x00000000080031c4       0x5c ./Drivers/BSP/Components/ft5336/ft5336.o
                0x00000000080031c4                ft5336_ReadID
 .text.ft5336_TS_Start
                0x0000000008003220       0x22 ./Drivers/BSP/Components/ft5336/ft5336.o
                0x0000000008003220                ft5336_TS_Start
 *fill*         0x0000000008003242        0x2 
 .text.ft5336_TS_DetectTouch
                0x0000000008003244       0x54 ./Drivers/BSP/Components/ft5336/ft5336.o
                0x0000000008003244                ft5336_TS_DetectTouch
 .text.ft5336_TS_GetXY
                0x0000000008003298      0x1e0 ./Drivers/BSP/Components/ft5336/ft5336.o
                0x0000000008003298                ft5336_TS_GetXY
 .text.ft5336_TS_EnableIT
                0x0000000008003478       0x28 ./Drivers/BSP/Components/ft5336/ft5336.o
                0x0000000008003478                ft5336_TS_EnableIT
 .text.ft5336_TS_DisableIT
                0x00000000080034a0       0x28 ./Drivers/BSP/Components/ft5336/ft5336.o
                0x00000000080034a0                ft5336_TS_DisableIT
 .text.ft5336_TS_ITStatus
                0x00000000080034c8       0x18 ./Drivers/BSP/Components/ft5336/ft5336.o
                0x00000000080034c8                ft5336_TS_ITStatus
 .text.ft5336_TS_ClearIT
                0x00000000080034e0       0x16 ./Drivers/BSP/Components/ft5336/ft5336.o
                0x00000000080034e0                ft5336_TS_ClearIT
 .text.ft5336_TS_GetGestureID
                0x00000000080034f6       0x32 ./Drivers/BSP/Components/ft5336/ft5336.o
                0x00000000080034f6                ft5336_TS_GetGestureID
 .text.ft5336_TS_GetTouchInfo
                0x0000000008003528      0x15c ./Drivers/BSP/Components/ft5336/ft5336.o
                0x0000000008003528                ft5336_TS_GetTouchInfo
 .text.ft5336_Get_I2C_InitializedStatus
                0x0000000008003684       0x18 ./Drivers/BSP/Components/ft5336/ft5336.o
 .text.ft5336_I2C_InitializeIfRequired
                0x000000000800369c       0x20 ./Drivers/BSP/Components/ft5336/ft5336.o
 .text.ft5336_TS_Configure
                0x00000000080036bc       0x1c ./Drivers/BSP/Components/ft5336/ft5336.o
 .text.I2Cx_MspInit
                0x00000000080036d8      0x160 ./Drivers/BSP/STM32746G-Discovery/stm32746g_discovery.o
 .text.I2Cx_Init
                0x0000000008003838       0x78 ./Drivers/BSP/STM32746G-Discovery/stm32746g_discovery.o
 .text.I2Cx_ReadMultiple
                0x00000000080038b0       0x5a ./Drivers/BSP/STM32746G-Discovery/stm32746g_discovery.o
 .text.I2Cx_WriteMultiple
                0x000000000800390a       0x5a ./Drivers/BSP/STM32746G-Discovery/stm32746g_discovery.o
 .text.I2Cx_Error
                0x0000000008003964       0x20 ./Drivers/BSP/STM32746G-Discovery/stm32746g_discovery.o
 .text.TS_IO_Init
                0x0000000008003984       0x14 ./Drivers/BSP/STM32746G-Discovery/stm32746g_discovery.o
                0x0000000008003984                TS_IO_Init
 .text.TS_IO_Write
                0x0000000008003998       0x34 ./Drivers/BSP/STM32746G-Discovery/stm32746g_discovery.o
                0x0000000008003998                TS_IO_Write
 .text.TS_IO_Read
                0x00000000080039cc       0x3c ./Drivers/BSP/STM32746G-Discovery/stm32746g_discovery.o
                0x00000000080039cc                TS_IO_Read
 .text.TS_IO_Delay
                0x0000000008003a08       0x16 ./Drivers/BSP/STM32746G-Discovery/stm32746g_discovery.o
                0x0000000008003a08                TS_IO_Delay
 *fill*         0x0000000008003a1e        0x2 
 .text.BSP_LCD_GetXSize
                0x0000000008003a20       0x28 ./Drivers/BSP/STM32746G-Discovery/stm32746g_discovery_lcd.o
                0x0000000008003a20                BSP_LCD_GetXSize
 .text.BSP_LCD_GetYSize
                0x0000000008003a48       0x28 ./Drivers/BSP/STM32746G-Discovery/stm32746g_discovery_lcd.o
                0x0000000008003a48                BSP_LCD_GetYSize
 .text.BSP_LCD_LayerDefaultInit
                0x0000000008003a70       0x60 ./Drivers/BSP/STM32746G-Discovery/stm32746g_discovery_lcd.o
                0x0000000008003a70                BSP_LCD_LayerDefaultInit
 .text.BSP_LCD_SelectLayer
                0x0000000008003ad0       0x20 ./Drivers/BSP/STM32746G-Discovery/stm32746g_discovery_lcd.o
                0x0000000008003ad0                BSP_LCD_SelectLayer
 .text.BSP_LCD_SetTextColor
                0x0000000008003af0       0x30 ./Drivers/BSP/STM32746G-Discovery/stm32746g_discovery_lcd.o
                0x0000000008003af0                BSP_LCD_SetTextColor
 .text.BSP_LCD_SetBackColor
                0x0000000008003b20       0x34 ./Drivers/BSP/STM32746G-Discovery/stm32746g_discovery_lcd.o
                0x0000000008003b20                BSP_LCD_SetBackColor
 .text.BSP_LCD_SetFont
                0x0000000008003b54       0x34 ./Drivers/BSP/STM32746G-Discovery/stm32746g_discovery_lcd.o
                0x0000000008003b54                BSP_LCD_SetFont
 .text.BSP_LCD_Clear
                0x0000000008003b88       0x50 ./Drivers/BSP/STM32746G-Discovery/stm32746g_discovery_lcd.o
                0x0000000008003b88                BSP_LCD_Clear
 .text.BSP_LCD_DisplayChar
                0x0000000008003bd8       0x94 ./Drivers/BSP/STM32746G-Discovery/stm32746g_discovery_lcd.o
                0x0000000008003bd8                BSP_LCD_DisplayChar
 .text.BSP_LCD_DisplayStringAt
                0x0000000008003c6c      0x190 ./Drivers/BSP/STM32746G-Discovery/stm32746g_discovery_lcd.o
                0x0000000008003c6c                BSP_LCD_DisplayStringAt
 .text.BSP_LCD_DrawLine
                0x0000000008003dfc      0x198 ./Drivers/BSP/STM32746G-Discovery/stm32746g_discovery_lcd.o
                0x0000000008003dfc                BSP_LCD_DrawLine
 .text.BSP_LCD_DrawCircle
                0x0000000008003f94      0x1d4 ./Drivers/BSP/STM32746G-Discovery/stm32746g_discovery_lcd.o
                0x0000000008003f94                BSP_LCD_DrawCircle
 .text.BSP_LCD_DrawPixel
                0x0000000008004168      0x100 ./Drivers/BSP/STM32746G-Discovery/stm32746g_discovery_lcd.o
                0x0000000008004168                BSP_LCD_DrawPixel
 .text.DrawChar
                0x0000000008004268      0x170 ./Drivers/BSP/STM32746G-Discovery/stm32746g_discovery_lcd.o
 .text.LL_FillBuffer
                0x00000000080043d8       0x98 ./Drivers/BSP/STM32746G-Discovery/stm32746g_discovery_lcd.o
 .text.BSP_TS_Init
                0x0000000008004470       0x80 ./Drivers/BSP/STM32746G-Discovery/stm32746g_discovery_ts.o
                0x0000000008004470                BSP_TS_Init
 .text.BSP_TS_ITConfig
                0x00000000080044f0       0x5c ./Drivers/BSP/STM32746G-Discovery/stm32746g_discovery_ts.o
                0x00000000080044f0                BSP_TS_ITConfig
 .text.BSP_TS_GetState
                0x000000000800454c      0x374 ./Drivers/BSP/STM32746G-Discovery/stm32746g_discovery_ts.o
                0x000000000800454c                BSP_TS_GetState
 .text.BSP_TS_Get_GestureId
                0x00000000080048c0      0x104 ./Drivers/BSP/STM32746G-Discovery/stm32746g_discovery_ts.o
                0x00000000080048c0                BSP_TS_Get_GestureId
 .text.HAL_Init
                0x00000000080049c4       0x1a ./Drivers/STM32F7xx_HAL_Driver/Src/stm32f7xx_hal.o
                0x00000000080049c4                HAL_Init
 *fill*         0x00000000080049de        0x2 
 .text.HAL_InitTick
                0x00000000080049e0       0x60 ./Drivers/STM32F7xx_HAL_Driver/Src/stm32f7xx_hal.o
                0x00000000080049e0                HAL_InitTick
 .text.HAL_IncTick
                0x0000000008004a40       0x28 ./Drivers/STM32F7xx_HAL_Driver/Src/stm32f7xx_hal.o
                0x0000000008004a40                HAL_IncTick
 .text.HAL_GetTick
                0x0000000008004a68       0x18 ./Drivers/STM32F7xx_HAL_Driver/Src/stm32f7xx_hal.o
                0x0000000008004a68                HAL_GetTick
 .text.HAL_Delay
                0x0000000008004a80       0x48 ./Drivers/STM32F7xx_HAL_Driver/Src/stm32f7xx_hal.o
                0x0000000008004a80                HAL_Delay
 .text.HAL_ADC_Init
                0x0000000008004ac8       0x88 ./Drivers/STM32F7xx_HAL_Driver/Src/stm32f7xx_hal_adc.o
                0x0000000008004ac8                HAL_ADC_Init
 .text.HAL_ADC_Start_DMA
                0x0000000008004b50      0x1f4 ./Drivers/STM32F7xx_HAL_Driver/Src/stm32f7xx_hal_adc.o
                0x0000000008004b50                HAL_ADC_Start_DMA
 .text.HAL_ADC_ConvHalfCpltCallback
                0x0000000008004d44       0x14 ./Drivers/STM32F7xx_HAL_Driver/Src/stm32f7xx_hal_adc.o
                0x0000000008004d44                HAL_ADC_ConvHalfCpltCallback
 .text.HAL_ADC_ErrorCallback
                0x0000000008004d58       0x14 ./Drivers/STM32F7xx_HAL_Driver/Src/stm32f7xx_hal_adc.o
                0x0000000008004d58                HAL_ADC_ErrorCallback
 .text.HAL_ADC_ConfigChannel
                0x0000000008004d6c      0x294 ./Drivers/STM32F7xx_HAL_Driver/Src/stm32f7xx_hal_adc.o
                0x0000000008004d6c                HAL_ADC_ConfigChannel
 .text.ADC_Init
                0x0000000008005000      0x1f4 ./Drivers/STM32F7xx_HAL_Driver/Src/stm32f7xx_hal_adc.o
 .text.ADC_DMAConvCplt
                0x00000000080051f4       0xba ./Drivers/STM32F7xx_HAL_Driver/Src/stm32f7xx_hal_adc.o
 .text.ADC_DMAHalfConvCplt
                0x00000000080052ae       0x1c ./Drivers/STM32F7xx_HAL_Driver/Src/stm32f7xx_hal_adc.o
 .text.ADC_DMAError
                0x00000000080052ca       0x2e ./Drivers/STM32F7xx_HAL_Driver/Src/stm32f7xx_hal_adc.o
 .text.__NVIC_SetPriorityGrouping
                0x00000000080052f8       0x48 ./Drivers/STM32F7xx_HAL_Driver/Src/stm32f7xx_hal_cortex.o
 .text.__NVIC_GetPriorityGrouping
                0x0000000008005340       0x1c ./Drivers/STM32F7xx_HAL_Driver/Src/stm32f7xx_hal_cortex.o
 .text.__NVIC_EnableIRQ
                0x000000000800535c       0x3c ./Drivers/STM32F7xx_HAL_Driver/Src/stm32f7xx_hal_cortex.o
 .text.__NVIC_DisableIRQ
                0x0000000008005398       0x48 ./Drivers/STM32F7xx_HAL_Driver/Src/stm32f7xx_hal_cortex.o
 .text.__NVIC_SetPriority
                0x00000000080053e0       0x54 ./Drivers/STM32F7xx_HAL_Driver/Src/stm32f7xx_hal_cortex.o
 .text.NVIC_EncodePriority
                0x0000000008005434       0x66 ./Drivers/STM32F7xx_HAL_Driver/Src/stm32f7xx_hal_cortex.o
 *fill*         0x000000000800549a        0x2 
 .text.SysTick_Config
                0x000000000800549c       0x44 ./Drivers/STM32F7xx_HAL_Driver/Src/stm32f7xx_hal_cortex.o
 .text.HAL_NVIC_SetPriorityGrouping
                0x00000000080054e0       0x16 ./Drivers/STM32F7xx_HAL_Driver/Src/stm32f7xx_hal_cortex.o
                0x00000000080054e0                HAL_NVIC_SetPriorityGrouping
 .text.HAL_NVIC_SetPriority
                0x00000000080054f6       0x38 ./Drivers/STM32F7xx_HAL_Driver/Src/stm32f7xx_hal_cortex.o
                0x00000000080054f6                HAL_NVIC_SetPriority
 .text.HAL_NVIC_EnableIRQ
                0x000000000800552e       0x1c ./Drivers/STM32F7xx_HAL_Driver/Src/stm32f7xx_hal_cortex.o
                0x000000000800552e                HAL_NVIC_EnableIRQ
 .text.HAL_NVIC_DisableIRQ
                0x000000000800554a       0x1c ./Drivers/STM32F7xx_HAL_Driver/Src/stm32f7xx_hal_cortex.o
                0x000000000800554a                HAL_NVIC_DisableIRQ
 .text.HAL_SYSTICK_Config
                0x0000000008005566       0x18 ./Drivers/STM32F7xx_HAL_Driver/Src/stm32f7xx_hal_cortex.o
                0x0000000008005566                HAL_SYSTICK_Config
 *fill*         0x000000000800557e        0x2 
 .text.HAL_DMA_Init
                0x0000000008005580      0x15c ./Drivers/STM32F7xx_HAL_Driver/Src/stm32f7xx_hal_dma.o
                0x0000000008005580                HAL_DMA_Init
 .text.HAL_DMA_Start_IT
                0x00000000080056dc       0xc0 ./Drivers/STM32F7xx_HAL_Driver/Src/stm32f7xx_hal_dma.o
                0x00000000080056dc                HAL_DMA_Start_IT
 .text.HAL_DMA_Abort
                0x000000000800579c       0xe0 ./Drivers/STM32F7xx_HAL_Driver/Src/stm32f7xx_hal_dma.o
                0x000000000800579c                HAL_DMA_Abort
 .text.HAL_DMA_Abort_IT
                0x000000000800587c       0x44 ./Drivers/STM32F7xx_HAL_Driver/Src/stm32f7xx_hal_dma.o
                0x000000000800587c                HAL_DMA_Abort_IT
 .text.HAL_DMA_IRQHandler
                0x00000000080058c0      0x314 ./Drivers/STM32F7xx_HAL_Driver/Src/stm32f7xx_hal_dma.o
                0x00000000080058c0                HAL_DMA_IRQHandler
 .text.DMA_SetConfig
                0x0000000008005bd4       0x5c ./Drivers/STM32F7xx_HAL_Driver/Src/stm32f7xx_hal_dma.o
 .text.DMA_CalcBaseAndBitshift
                0x0000000008005c30       0x6c ./Drivers/STM32F7xx_HAL_Driver/Src/stm32f7xx_hal_dma.o
 .text.DMA_CheckFifoParam
                0x0000000008005c9c       0xf8 ./Drivers/STM32F7xx_HAL_Driver/Src/stm32f7xx_hal_dma.o
 .text.HAL_DMA2D_Init
                0x0000000008005d94       0x94 ./Drivers/STM32F7xx_HAL_Driver/Src/stm32f7xx_hal_dma2d.o
                0x0000000008005d94                HAL_DMA2D_Init
 .text.HAL_DMA2D_Start
                0x0000000008005e28       0x56 ./Drivers/STM32F7xx_HAL_Driver/Src/stm32f7xx_hal_dma2d.o
                0x0000000008005e28                HAL_DMA2D_Start
 .text.HAL_DMA2D_PollForTransfer
                0x0000000008005e7e      0x1d2 ./Drivers/STM32F7xx_HAL_Driver/Src/stm32f7xx_hal_dma2d.o
                0x0000000008005e7e                HAL_DMA2D_PollForTransfer
 .text.HAL_DMA2D_ConfigLayer
                0x0000000008006050      0x124 ./Drivers/STM32F7xx_HAL_Driver/Src/stm32f7xx_hal_dma2d.o
                0x0000000008006050                HAL_DMA2D_ConfigLayer
 .text.DMA2D_SetConfig
                0x0000000008006174      0x138 ./Drivers/STM32F7xx_HAL_Driver/Src/stm32f7xx_hal_dma2d.o
 .text.HAL_GPIO_Init
                0x00000000080062ac      0x358 ./Drivers/STM32F7xx_HAL_Driver/Src/stm32f7xx_hal_gpio.o
                0x00000000080062ac                HAL_GPIO_Init
 .text.HAL_GPIO_WritePin
                0x0000000008006604       0x32 ./Drivers/STM32F7xx_HAL_Driver/Src/stm32f7xx_hal_gpio.o
                0x0000000008006604                HAL_GPIO_WritePin
 *fill*         0x0000000008006636        0x2 
 .text.HAL_GPIO_EXTI_IRQHandler
                0x0000000008006638       0x30 ./Drivers/STM32F7xx_HAL_Driver/Src/stm32f7xx_hal_gpio.o
                0x0000000008006638                HAL_GPIO_EXTI_IRQHandler
 .text.HAL_I2C_Init
                0x0000000008006668      0x120 ./Drivers/STM32F7xx_HAL_Driver/Src/stm32f7xx_hal_i2c.o
                0x0000000008006668                HAL_I2C_Init
 .text.HAL_I2C_DeInit
                0x0000000008006788       0x5e ./Drivers/STM32F7xx_HAL_Driver/Src/stm32f7xx_hal_i2c.o
                0x0000000008006788                HAL_I2C_DeInit
 .text.HAL_I2C_MspInit
                0x00000000080067e6       0x14 ./Drivers/STM32F7xx_HAL_Driver/Src/stm32f7xx_hal_i2c.o
                0x00000000080067e6                HAL_I2C_MspInit
 .text.HAL_I2C_MspDeInit
                0x00000000080067fa       0x14 ./Drivers/STM32F7xx_HAL_Driver/Src/stm32f7xx_hal_i2c.o
                0x00000000080067fa                HAL_I2C_MspDeInit
 *fill*         0x000000000800680e        0x2 
 .text.HAL_I2C_Mem_Write
                0x0000000008006810      0x228 ./Drivers/STM32F7xx_HAL_Driver/Src/stm32f7xx_hal_i2c.o
                0x0000000008006810                HAL_I2C_Mem_Write
 .text.HAL_I2C_Mem_Read
                0x0000000008006a38      0x234 ./Drivers/STM32F7xx_HAL_Driver/Src/stm32f7xx_hal_i2c.o
                0x0000000008006a38                HAL_I2C_Mem_Read
 .text.HAL_I2C_GetState
                0x0000000008006c6c       0x1c ./Drivers/STM32F7xx_HAL_Driver/Src/stm32f7xx_hal_i2c.o
                0x0000000008006c6c                HAL_I2C_GetState
 .text.I2C_RequestMemoryWrite
                0x0000000008006c88       0xa8 ./Drivers/STM32F7xx_HAL_Driver/Src/stm32f7xx_hal_i2c.o
 .text.I2C_RequestMemoryRead
                0x0000000008006d30       0xa8 ./Drivers/STM32F7xx_HAL_Driver/Src/stm32f7xx_hal_i2c.o
 .text.I2C_Flush_TXDR
                0x0000000008006dd8       0x48 ./Drivers/STM32F7xx_HAL_Driver/Src/stm32f7xx_hal_i2c.o
 .text.I2C_WaitOnFlagUntilTimeout
                0x0000000008006e20       0x80 ./Drivers/STM32F7xx_HAL_Driver/Src/stm32f7xx_hal_i2c.o
 .text.I2C_WaitOnTXISFlagUntilTimeout
                0x0000000008006ea0       0x80 ./Drivers/STM32F7xx_HAL_Driver/Src/stm32f7xx_hal_i2c.o
 .text.I2C_WaitOnSTOPFlagUntilTimeout
                0x0000000008006f20       0x78 ./Drivers/STM32F7xx_HAL_Driver/Src/stm32f7xx_hal_i2c.o
 .text.I2C_IsAcknowledgeFailed
                0x0000000008006f98       0xcc ./Drivers/STM32F7xx_HAL_Driver/Src/stm32f7xx_hal_i2c.o
 .text.I2C_TransferConfig
                0x0000000008007064       0x5c ./Drivers/STM32F7xx_HAL_Driver/Src/stm32f7xx_hal_i2c.o
 .text.HAL_LTDC_Init
                0x00000000080070c0      0x1a0 ./Drivers/STM32F7xx_HAL_Driver/Src/stm32f7xx_hal_ltdc.o
                0x00000000080070c0                HAL_LTDC_Init
 .text.HAL_LTDC_IRQHandler
                0x0000000008007260      0x148 ./Drivers/STM32F7xx_HAL_Driver/Src/stm32f7xx_hal_ltdc.o
                0x0000000008007260                HAL_LTDC_IRQHandler
 .text.HAL_LTDC_ErrorCallback
                0x00000000080073a8       0x14 ./Drivers/STM32F7xx_HAL_Driver/Src/stm32f7xx_hal_ltdc.o
                0x00000000080073a8                HAL_LTDC_ErrorCallback
 .text.HAL_LTDC_ReloadEventCallback
                0x00000000080073bc       0x14 ./Drivers/STM32F7xx_HAL_Driver/Src/stm32f7xx_hal_ltdc.o
                0x00000000080073bc                HAL_LTDC_ReloadEventCallback
 .text.HAL_LTDC_ConfigLayer
                0x00000000080073d0       0x7c ./Drivers/STM32F7xx_HAL_Driver/Src/stm32f7xx_hal_ltdc.o
                0x00000000080073d0                HAL_LTDC_ConfigLayer
 .text.HAL_LTDC_ProgramLineEvent
                0x000000000800744c       0x70 ./Drivers/STM32F7xx_HAL_Driver/Src/stm32f7xx_hal_ltdc.o
                0x000000000800744c                HAL_LTDC_ProgramLineEvent
 .text.LTDC_SetConfig
                0x00000000080074bc      0x334 ./Drivers/STM32F7xx_HAL_Driver/Src/stm32f7xx_hal_ltdc.o
 .text.HAL_PWR_EnableBkUpAccess
                0x00000000080077f0       0x20 ./Drivers/STM32F7xx_HAL_Driver/Src/stm32f7xx_hal_pwr.o
                0x00000000080077f0                HAL_PWR_EnableBkUpAccess
 .text.HAL_PWREx_EnableOverDrive
                0x0000000008007810       0xa0 ./Drivers/STM32F7xx_HAL_Driver/Src/stm32f7xx_hal_pwr_ex.o
                0x0000000008007810                HAL_PWREx_EnableOverDrive
 .text.HAL_RCC_OscConfig
                0x00000000080078b0      0x548 ./Drivers/STM32F7xx_HAL_Driver/Src/stm32f7xx_hal_rcc.o
                0x00000000080078b0                HAL_RCC_OscConfig
 .text.HAL_RCC_ClockConfig
                0x0000000008007df8      0x1d8 ./Drivers/STM32F7xx_HAL_Driver/Src/stm32f7xx_hal_rcc.o
                0x0000000008007df8                HAL_RCC_ClockConfig
 .text.HAL_RCC_GetSysClockFreq
                0x0000000008007fd0      0x18c ./Drivers/STM32F7xx_HAL_Driver/Src/stm32f7xx_hal_rcc.o
                0x0000000008007fd0                HAL_RCC_GetSysClockFreq
 .text.HAL_RCC_GetHCLKFreq
                0x000000000800815c       0x18 ./Drivers/STM32F7xx_HAL_Driver/Src/stm32f7xx_hal_rcc.o
                0x000000000800815c                HAL_RCC_GetHCLKFreq
 .text.HAL_RCC_GetPCLK1Freq
                0x0000000008008174       0x28 ./Drivers/STM32F7xx_HAL_Driver/Src/stm32f7xx_hal_rcc.o
                0x0000000008008174                HAL_RCC_GetPCLK1Freq
 .text.HAL_RCC_GetPCLK2Freq
                0x000000000800819c       0x28 ./Drivers/STM32F7xx_HAL_Driver/Src/stm32f7xx_hal_rcc.o
                0x000000000800819c                HAL_RCC_GetPCLK2Freq
 .text.HAL_RCCEx_PeriphCLKConfig
                0x00000000080081c4      0x7e0 ./Drivers/STM32F7xx_HAL_Driver/Src/stm32f7xx_hal_rcc_ex.o
                0x00000000080081c4                HAL_RCCEx_PeriphCLKConfig
 .text.HAL_SDRAM_Init
                0x00000000080089a4       0x68 ./Drivers/STM32F7xx_HAL_Driver/Src/stm32f7xx_hal_sdram.o
                0x00000000080089a4                HAL_SDRAM_Init
 .text.HAL_SDRAM_SendCommand
                0x0000000008008a0c       0x56 ./Drivers/STM32F7xx_HAL_Driver/Src/stm32f7xx_hal_sdram.o
                0x0000000008008a0c                HAL_SDRAM_SendCommand
 .text.HAL_TIM_Base_Init
                0x0000000008008a62       0xae ./Drivers/STM32F7xx_HAL_Driver/Src/stm32f7xx_hal_tim.o
                0x0000000008008a62                HAL_TIM_Base_Init
 .text.HAL_TIM_Base_Start_IT
                0x0000000008008b10       0xf0 ./Drivers/STM32F7xx_HAL_Driver/Src/stm32f7xx_hal_tim.o
                0x0000000008008b10                HAL_TIM_Base_Start_IT
 .text.HAL_TIM_IRQHandler
                0x0000000008008c00      0x23e ./Drivers/STM32F7xx_HAL_Driver/Src/stm32f7xx_hal_tim.o
                0x0000000008008c00                HAL_TIM_IRQHandler
 *fill*         0x0000000008008e3e        0x2 
 .text.HAL_TIM_ConfigClockSource
                0x0000000008008e40      0x18c ./Drivers/STM32F7xx_HAL_Driver/Src/stm32f7xx_hal_tim.o
                0x0000000008008e40                HAL_TIM_ConfigClockSource
 .text.HAL_TIM_OC_DelayElapsedCallback
                0x0000000008008fcc       0x14 ./Drivers/STM32F7xx_HAL_Driver/Src/stm32f7xx_hal_tim.o
                0x0000000008008fcc                HAL_TIM_OC_DelayElapsedCallback
 .text.HAL_TIM_IC_CaptureCallback
                0x0000000008008fe0       0x14 ./Drivers/STM32F7xx_HAL_Driver/Src/stm32f7xx_hal_tim.o
                0x0000000008008fe0                HAL_TIM_IC_CaptureCallback
 .text.HAL_TIM_PWM_PulseFinishedCallback
                0x0000000008008ff4       0x14 ./Drivers/STM32F7xx_HAL_Driver/Src/stm32f7xx_hal_tim.o
                0x0000000008008ff4                HAL_TIM_PWM_PulseFinishedCallback
 .text.HAL_TIM_TriggerCallback
                0x0000000008009008       0x14 ./Drivers/STM32F7xx_HAL_Driver/Src/stm32f7xx_hal_tim.o
                0x0000000008009008                HAL_TIM_TriggerCallback
 .text.TIM_Base_SetConfig
                0x000000000800901c      0x140 ./Drivers/STM32F7xx_HAL_Driver/Src/stm32f7xx_hal_tim.o
                0x000000000800901c                TIM_Base_SetConfig
 .text.TIM_TI1_ConfigInputStage
                0x000000000800915c       0x5e ./Drivers/STM32F7xx_HAL_Driver/Src/stm32f7xx_hal_tim.o
 .text.TIM_TI2_ConfigInputStage
                0x00000000080091ba       0x60 ./Drivers/STM32F7xx_HAL_Driver/Src/stm32f7xx_hal_tim.o
 .text.TIM_ITRx_SetConfig
                0x000000000800921a       0x36 ./Drivers/STM32F7xx_HAL_Driver/Src/stm32f7xx_hal_tim.o
 .text.TIM_ETR_SetConfig
                0x0000000008009250       0x40 ./Drivers/STM32F7xx_HAL_Driver/Src/stm32f7xx_hal_tim.o
                0x0000000008009250                TIM_ETR_SetConfig
 .text.HAL_TIMEx_MasterConfigSynchronization
                0x0000000008009290      0x11c ./Drivers/STM32F7xx_HAL_Driver/Src/stm32f7xx_hal_tim_ex.o
                0x0000000008009290                HAL_TIMEx_MasterConfigSynchronization
 .text.HAL_TIMEx_CommutCallback
                0x00000000080093ac       0x14 ./Drivers/STM32F7xx_HAL_Driver/Src/stm32f7xx_hal_tim_ex.o
                0x00000000080093ac                HAL_TIMEx_CommutCallback
 .text.HAL_TIMEx_BreakCallback
                0x00000000080093c0       0x14 ./Drivers/STM32F7xx_HAL_Driver/Src/stm32f7xx_hal_tim_ex.o
                0x00000000080093c0                HAL_TIMEx_BreakCallback
 .text.HAL_TIMEx_Break2Callback
                0x00000000080093d4       0x14 ./Drivers/STM32F7xx_HAL_Driver/Src/stm32f7xx_hal_tim_ex.o
                0x00000000080093d4                HAL_TIMEx_Break2Callback
 .text.HAL_UART_Init
                0x00000000080093e8       0x9c ./Drivers/STM32F7xx_HAL_Driver/Src/stm32f7xx_hal_uart.o
                0x00000000080093e8                HAL_UART_Init
 .text.HAL_UART_Transmit_IT
                0x0000000008009484       0xb8 ./Drivers/STM32F7xx_HAL_Driver/Src/stm32f7xx_hal_uart.o
                0x0000000008009484                HAL_UART_Transmit_IT
 .text.HAL_UART_Receive_IT
                0x000000000800953c       0x7a ./Drivers/STM32F7xx_HAL_Driver/Src/stm32f7xx_hal_uart.o
                0x000000000800953c                HAL_UART_Receive_IT
 *fill*         0x00000000080095b6        0x2 
 .text.HAL_UART_IRQHandler
                0x00000000080095b8      0x3dc ./Drivers/STM32F7xx_HAL_Driver/Src/stm32f7xx_hal_uart.o
                0x00000000080095b8                HAL_UART_IRQHandler
 .text.HAL_UART_ErrorCallback
                0x0000000008009994       0x14 ./Drivers/STM32F7xx_HAL_Driver/Src/stm32f7xx_hal_uart.o
                0x0000000008009994                HAL_UART_ErrorCallback
 .text.HAL_UARTEx_RxEventCallback
                0x00000000080099a8       0x18 ./Drivers/STM32F7xx_HAL_Driver/Src/stm32f7xx_hal_uart.o
                0x00000000080099a8                HAL_UARTEx_RxEventCallback
 .text.HAL_UART_GetState
                0x00000000080099c0       0x26 ./Drivers/STM32F7xx_HAL_Driver/Src/stm32f7xx_hal_uart.o
                0x00000000080099c0                HAL_UART_GetState
 *fill*         0x00000000080099e6        0x2 
 .text.UART_SetConfig
                0x00000000080099e8      0x4c8 ./Drivers/STM32F7xx_HAL_Driver/Src/stm32f7xx_hal_uart.o
                0x00000000080099e8                UART_SetConfig
 .text.UART_AdvFeatureConfig
                0x0000000008009eb0      0x144 ./Drivers/STM32F7xx_HAL_Driver/Src/stm32f7xx_hal_uart.o
                0x0000000008009eb0                UART_AdvFeatureConfig
 .text.UART_CheckIdleState
                0x0000000008009ff4       0x66 ./Drivers/STM32F7xx_HAL_Driver/Src/stm32f7xx_hal_uart.o
                0x0000000008009ff4                UART_CheckIdleState
 .text.UART_WaitOnFlagUntilTimeout
                0x000000000800a05a       0xf8 ./Drivers/STM32F7xx_HAL_Driver/Src/stm32f7xx_hal_uart.o
                0x000000000800a05a                UART_WaitOnFlagUntilTimeout
 *fill*         0x000000000800a152        0x2 
 .text.UART_Start_Receive_IT
                0x000000000800a154      0x110 ./Drivers/STM32F7xx_HAL_Driver/Src/stm32f7xx_hal_uart.o
                0x000000000800a154                UART_Start_Receive_IT
 .text.UART_EndRxTransfer
                0x000000000800a264       0x5e ./Drivers/STM32F7xx_HAL_Driver/Src/stm32f7xx_hal_uart.o
 .text.UART_DMAAbortOnError
                0x000000000800a2c2       0x2c ./Drivers/STM32F7xx_HAL_Driver/Src/stm32f7xx_hal_uart.o
 .text.UART_TxISR_8BIT
                0x000000000800a2ee       0x72 ./Drivers/STM32F7xx_HAL_Driver/Src/stm32f7xx_hal_uart.o
 .text.UART_TxISR_16BIT
                0x000000000800a360       0x7c ./Drivers/STM32F7xx_HAL_Driver/Src/stm32f7xx_hal_uart.o
 .text.UART_EndTransmit_IT
                0x000000000800a3dc       0x32 ./Drivers/STM32F7xx_HAL_Driver/Src/stm32f7xx_hal_uart.o
 .text.UART_RxISR_8BIT
                0x000000000800a40e       0xd4 ./Drivers/STM32F7xx_HAL_Driver/Src/stm32f7xx_hal_uart.o
 .text.UART_RxISR_16BIT
                0x000000000800a4e2       0xd4 ./Drivers/STM32F7xx_HAL_Driver/Src/stm32f7xx_hal_uart.o
 *fill*         0x000000000800a5b6        0x2 
 .text.FMC_SDRAM_Init
                0x000000000800a5b8       0xe4 ./Drivers/STM32F7xx_HAL_Driver/Src/stm32f7xx_ll_fmc.o
                0x000000000800a5b8                FMC_SDRAM_Init
 .text.FMC_SDRAM_Timing_Init
                0x000000000800a69c      0x100 ./Drivers/STM32F7xx_HAL_Driver/Src/stm32f7xx_ll_fmc.o
                0x000000000800a69c                FMC_SDRAM_Timing_Init
 .text.FMC_SDRAM_SendCommand
                0x000000000800a79c       0x48 ./Drivers/STM32F7xx_HAL_Driver/Src/stm32f7xx_ll_fmc.o
                0x000000000800a79c                FMC_SDRAM_SendCommand
 .text.CRC16    0x000000000800a7e4       0x68 ./MODBUS/crc16.o
                0x000000000800a7e4                CRC16
 .text.Timer50usTick
                0x000000000800a84c       0x64 ./MODBUS/modbus.o
                0x000000000800a84c                Timer50usTick
 .text.SetTimeout
                0x000000000800a8b0       0x24 ./MODBUS/modbus.o
                0x000000000800a8b0                SetTimeout
 .text.TimeoutTick
                0x000000000800a8d4       0x24 ./MODBUS/modbus.o
                0x000000000800a8d4                TimeoutTick
 .text.TimeoutPassed
                0x000000000800a8f8       0x20 ./MODBUS/modbus.o
                0x000000000800a8f8                TimeoutPassed
 .text.Set50usTimer
                0x000000000800a918       0x48 ./MODBUS/modbus.o
                0x000000000800a918                Set50usTimer
 .text.Start50usTimer
                0x000000000800a960       0x34 ./MODBUS/modbus.o
                0x000000000800a960                Start50usTimer
 .text.Stop50usTimer
                0x000000000800a994       0x18 ./MODBUS/modbus.o
                0x000000000800a994                Stop50usTimer
 .text.Reset50usTimer
                0x000000000800a9ac       0x2c ./MODBUS/modbus.o
                0x000000000800a9ac                Reset50usTimer
 .text.Ist15Expired
                0x000000000800a9d8       0x18 ./MODBUS/modbus.o
                0x000000000800a9d8                Ist15Expired
 .text.Ist35Expired
                0x000000000800a9f0       0x18 ./MODBUS/modbus.o
                0x000000000800a9f0                Ist35Expired
 .text.Is50usTimerStarted
                0x000000000800aa08       0x18 ./MODBUS/modbus.o
                0x000000000800aa08                Is50usTimerStarted
 .text.SetCharacterReceived
                0x000000000800aa20       0x20 ./MODBUS/modbus.o
                0x000000000800aa20                SetCharacterReceived
 .text.SetCharacterReadyToTransmit
                0x000000000800aa40       0x2c ./MODBUS/modbus.o
                0x000000000800aa40                SetCharacterReadyToTransmit
 .text.MB_SendRequest
                0x000000000800aa6c      0x10c ./MODBUS/modbus.o
                0x000000000800aa6c                MB_SendRequest
 .text.MB_GetResponse
                0x000000000800ab78       0xbc ./MODBUS/modbus.o
                0x000000000800ab78                MB_GetResponse
 .text.MB_Config
                0x000000000800ac34       0x4c ./MODBUS/modbus.o
                0x000000000800ac34                MB_Config
 .text.MB       0x000000000800ac80      0x1dc ./MODBUS/modbus.o
                0x000000000800ac80                MB
 .text.MB_Buf_append
                0x000000000800ae5c       0x48 ./MODBUS/modbus.o
                0x000000000800ae5c                MB_Buf_append
 .text.MB_Buf_pop
                0x000000000800aea4       0xa8 ./MODBUS/modbus.o
                0x000000000800aea4                MB_Buf_pop
 .text.MB_Buf_control
                0x000000000800af4c       0x50 ./MODBUS/modbus.o
                0x000000000800af4c                MB_Buf_control
 .text.MB_Buf_process_master
                0x000000000800af9c        0xe ./MODBUS/modbus.o
                0x000000000800af9c                MB_Buf_process_master
 *fill*         0x000000000800afaa        0x2 
 .text.MB_Buf_clear
                0x000000000800afac       0x48 ./MODBUS/modbus.o
                0x000000000800afac                MB_Buf_clear
 .text.__cvt    0x000000000800aff4       0xc4 C:/ST/STM32CubeIDE_1.13.2/STM32CubeIDE/plugins/com.st.stm32cube.ide.mcu.externaltools.gnu-tools-for-stm32.11.3.rel1.win32_1.1.1.202309131626/tools/bin/../lib/gcc/arm-none-eabi/11.3.1/../../../../arm-none-eabi/lib/thumb/v7e-m+fp/hard\libc_nano.a(libc_a-nano-vfprintf_float.o)
                0x000000000800aff4                __cvt
 .text.__exponent
                0x000000000800b0b8       0x7c C:/ST/STM32CubeIDE_1.13.2/STM32CubeIDE/plugins/com.st.stm32cube.ide.mcu.externaltools.gnu-tools-for-stm32.11.3.rel1.win32_1.1.1.202309131626/tools/bin/../lib/gcc/arm-none-eabi/11.3.1/../../../../arm-none-eabi/lib/thumb/v7e-m+fp/hard\libc_nano.a(libc_a-nano-vfprintf_float.o)
                0x000000000800b0b8                __exponent
 .text._printf_float
                0x000000000800b134      0x46c C:/ST/STM32CubeIDE_1.13.2/STM32CubeIDE/plugins/com.st.stm32cube.ide.mcu.externaltools.gnu-tools-for-stm32.11.3.rel1.win32_1.1.1.202309131626/tools/bin/../lib/gcc/arm-none-eabi/11.3.1/../../../../arm-none-eabi/lib/thumb/v7e-m+fp/hard\libc_nano.a(libc_a-nano-vfprintf_float.o)
                0x000000000800b134                _printf_float
 .text._printf_common
                0x000000000800b5a0       0xda C:/ST/STM32CubeIDE_1.13.2/STM32CubeIDE/plugins/com.st.stm32cube.ide.mcu.externaltools.gnu-tools-for-stm32.11.3.rel1.win32_1.1.1.202309131626/tools/bin/../lib/gcc/arm-none-eabi/11.3.1/../../../../arm-none-eabi/lib/thumb/v7e-m+fp/hard\libc_nano.a(libc_a-nano-vfprintf_i.o)
                0x000000000800b5a0                _printf_common
 *fill*         0x000000000800b67a        0x2 
 .text._printf_i
                0x000000000800b67c      0x244 C:/ST/STM32CubeIDE_1.13.2/STM32CubeIDE/plugins/com.st.stm32cube.ide.mcu.externaltools.gnu-tools-for-stm32.11.3.rel1.win32_1.1.1.202309131626/tools/bin/../lib/gcc/arm-none-eabi/11.3.1/../../../../arm-none-eabi/lib/thumb/v7e-m+fp/hard\libc_nano.a(libc_a-nano-vfprintf_i.o)
                0x000000000800b67c                _printf_i
 .text.std      0x000000000800b8c0       0x6c C:/ST/STM32CubeIDE_1.13.2/STM32CubeIDE/plugins/com.st.stm32cube.ide.mcu.externaltools.gnu-tools-for-stm32.11.3.rel1.win32_1.1.1.202309131626/tools/bin/../lib/gcc/arm-none-eabi/11.3.1/../../../../arm-none-eabi/lib/thumb/v7e-m+fp/hard\libc_nano.a(libc_a-findfp.o)
 .text.stdio_exit_handler
                0x000000000800b92c       0x18 C:/ST/STM32CubeIDE_1.13.2/STM32CubeIDE/plugins/com.st.stm32cube.ide.mcu.externaltools.gnu-tools-for-stm32.11.3.rel1.win32_1.1.1.202309131626/tools/bin/../lib/gcc/arm-none-eabi/11.3.1/../../../../arm-none-eabi/lib/thumb/v7e-m+fp/hard\libc_nano.a(libc_a-findfp.o)
 .text.cleanup_stdio
                0x000000000800b944       0x40 C:/ST/STM32CubeIDE_1.13.2/STM32CubeIDE/plugins/com.st.stm32cube.ide.mcu.externaltools.gnu-tools-for-stm32.11.3.rel1.win32_1.1.1.202309131626/tools/bin/../lib/gcc/arm-none-eabi/11.3.1/../../../../arm-none-eabi/lib/thumb/v7e-m+fp/hard\libc_nano.a(libc_a-findfp.o)
 .text.global_stdio_init.part.0
                0x000000000800b984       0x3c C:/ST/STM32CubeIDE_1.13.2/STM32CubeIDE/plugins/com.st.stm32cube.ide.mcu.externaltools.gnu-tools-for-stm32.11.3.rel1.win32_1.1.1.202309131626/tools/bin/../lib/gcc/arm-none-eabi/11.3.1/../../../../arm-none-eabi/lib/thumb/v7e-m+fp/hard\libc_nano.a(libc_a-findfp.o)
 .text.__sfp_lock_acquire
                0x000000000800b9c0        0xc C:/ST/STM32CubeIDE_1.13.2/STM32CubeIDE/plugins/com.st.stm32cube.ide.mcu.externaltools.gnu-tools-for-stm32.11.3.rel1.win32_1.1.1.202309131626/tools/bin/../lib/gcc/arm-none-eabi/11.3.1/../../../../arm-none-eabi/lib/thumb/v7e-m+fp/hard\libc_nano.a(libc_a-findfp.o)
                0x000000000800b9c0                __sfp_lock_acquire
 .text.__sfp_lock_release
                0x000000000800b9cc        0xc C:/ST/STM32CubeIDE_1.13.2/STM32CubeIDE/plugins/com.st.stm32cube.ide.mcu.externaltools.gnu-tools-for-stm32.11.3.rel1.win32_1.1.1.202309131626/tools/bin/../lib/gcc/arm-none-eabi/11.3.1/../../../../arm-none-eabi/lib/thumb/v7e-m+fp/hard\libc_nano.a(libc_a-findfp.o)
                0x000000000800b9cc                __sfp_lock_release
 .text.__sinit  0x000000000800b9d8       0x30 C:/ST/STM32CubeIDE_1.13.2/STM32CubeIDE/plugins/com.st.stm32cube.ide.mcu.externaltools.gnu-tools-for-stm32.11.3.rel1.win32_1.1.1.202309131626/tools/bin/../lib/gcc/arm-none-eabi/11.3.1/../../../../arm-none-eabi/lib/thumb/v7e-m+fp/hard\libc_nano.a(libc_a-findfp.o)
                0x000000000800b9d8                __sinit
 .text._fwalk_sglue
                0x000000000800ba08       0x3c C:/ST/STM32CubeIDE_1.13.2/STM32CubeIDE/plugins/com.st.stm32cube.ide.mcu.externaltools.gnu-tools-for-stm32.11.3.rel1.win32_1.1.1.202309131626/tools/bin/../lib/gcc/arm-none-eabi/11.3.1/../../../../arm-none-eabi/lib/thumb/v7e-m+fp/hard\libc_nano.a(libc_a-fwalk.o)
                0x000000000800ba08                _fwalk_sglue
 .text.sprintf  0x000000000800ba44       0x40 C:/ST/STM32CubeIDE_1.13.2/STM32CubeIDE/plugins/com.st.stm32cube.ide.mcu.externaltools.gnu-tools-for-stm32.11.3.rel1.win32_1.1.1.202309131626/tools/bin/../lib/gcc/arm-none-eabi/11.3.1/../../../../arm-none-eabi/lib/thumb/v7e-m+fp/hard\libc_nano.a(libc_a-sprintf.o)
                0x000000000800ba44                siprintf
                0x000000000800ba44                sprintf
 .text.__sread  0x000000000800ba84       0x22 C:/ST/STM32CubeIDE_1.13.2/STM32CubeIDE/plugins/com.st.stm32cube.ide.mcu.externaltools.gnu-tools-for-stm32.11.3.rel1.win32_1.1.1.202309131626/tools/bin/../lib/gcc/arm-none-eabi/11.3.1/../../../../arm-none-eabi/lib/thumb/v7e-m+fp/hard\libc_nano.a(libc_a-stdio.o)
                0x000000000800ba84                __sread
 .text.__swrite
                0x000000000800baa6       0x38 C:/ST/STM32CubeIDE_1.13.2/STM32CubeIDE/plugins/com.st.stm32cube.ide.mcu.externaltools.gnu-tools-for-stm32.11.3.rel1.win32_1.1.1.202309131626/tools/bin/../lib/gcc/arm-none-eabi/11.3.1/../../../../arm-none-eabi/lib/thumb/v7e-m+fp/hard\libc_nano.a(libc_a-stdio.o)
                0x000000000800baa6                __swrite
 .text.__sseek  0x000000000800bade       0x24 C:/ST/STM32CubeIDE_1.13.2/STM32CubeIDE/plugins/com.st.stm32cube.ide.mcu.externaltools.gnu-tools-for-stm32.11.3.rel1.win32_1.1.1.202309131626/tools/bin/../lib/gcc/arm-none-eabi/11.3.1/../../../../arm-none-eabi/lib/thumb/v7e-m+fp/hard\libc_nano.a(libc_a-stdio.o)
                0x000000000800bade                __sseek
 .text.__sclose
                0x000000000800bb02        0x8 C:/ST/STM32CubeIDE_1.13.2/STM32CubeIDE/plugins/com.st.stm32cube.ide.mcu.externaltools.gnu-tools-for-stm32.11.3.rel1.win32_1.1.1.202309131626/tools/bin/../lib/gcc/arm-none-eabi/11.3.1/../../../../arm-none-eabi/lib/thumb/v7e-m+fp/hard\libc_nano.a(libc_a-stdio.o)
                0x000000000800bb02                __sclose
 .text.memset   0x000000000800bb0a       0x10 C:/ST/STM32CubeIDE_1.13.2/STM32CubeIDE/plugins/com.st.stm32cube.ide.mcu.externaltools.gnu-tools-for-stm32.11.3.rel1.win32_1.1.1.202309131626/tools/bin/../lib/gcc/arm-none-eabi/11.3.1/../../../../arm-none-eabi/lib/thumb/v7e-m+fp/hard\libc_nano.a(libc_a-memset.o)
                0x000000000800bb0a                memset
 *fill*         0x000000000800bb1a        0x2 
 .text._localeconv_r
                0x000000000800bb1c        0x8 C:/ST/STM32CubeIDE_1.13.2/STM32CubeIDE/plugins/com.st.stm32cube.ide.mcu.externaltools.gnu-tools-for-stm32.11.3.rel1.win32_1.1.1.202309131626/tools/bin/../lib/gcc/arm-none-eabi/11.3.1/../../../../arm-none-eabi/lib/thumb/v7e-m+fp/hard\libc_nano.a(libc_a-localeconv.o)
                0x000000000800bb1c                _localeconv_r
 .text._close_r
                0x000000000800bb24       0x20 C:/ST/STM32CubeIDE_1.13.2/STM32CubeIDE/plugins/com.st.stm32cube.ide.mcu.externaltools.gnu-tools-for-stm32.11.3.rel1.win32_1.1.1.202309131626/tools/bin/../lib/gcc/arm-none-eabi/11.3.1/../../../../arm-none-eabi/lib/thumb/v7e-m+fp/hard\libc_nano.a(libc_a-closer.o)
                0x000000000800bb24                _close_r
 .text._lseek_r
                0x000000000800bb44       0x24 C:/ST/STM32CubeIDE_1.13.2/STM32CubeIDE/plugins/com.st.stm32cube.ide.mcu.externaltools.gnu-tools-for-stm32.11.3.rel1.win32_1.1.1.202309131626/tools/bin/../lib/gcc/arm-none-eabi/11.3.1/../../../../arm-none-eabi/lib/thumb/v7e-m+fp/hard\libc_nano.a(libc_a-lseekr.o)
                0x000000000800bb44                _lseek_r
 .text._read_r  0x000000000800bb68       0x24 C:/ST/STM32CubeIDE_1.13.2/STM32CubeIDE/plugins/com.st.stm32cube.ide.mcu.externaltools.gnu-tools-for-stm32.11.3.rel1.win32_1.1.1.202309131626/tools/bin/../lib/gcc/arm-none-eabi/11.3.1/../../../../arm-none-eabi/lib/thumb/v7e-m+fp/hard\libc_nano.a(libc_a-readr.o)
                0x000000000800bb68                _read_r
 .text._write_r
                0x000000000800bb8c       0x24 C:/ST/STM32CubeIDE_1.13.2/STM32CubeIDE/plugins/com.st.stm32cube.ide.mcu.externaltools.gnu-tools-for-stm32.11.3.rel1.win32_1.1.1.202309131626/tools/bin/../lib/gcc/arm-none-eabi/11.3.1/../../../../arm-none-eabi/lib/thumb/v7e-m+fp/hard\libc_nano.a(libc_a-writer.o)
                0x000000000800bb8c                _write_r
 .text.__errno  0x000000000800bbb0        0xc C:/ST/STM32CubeIDE_1.13.2/STM32CubeIDE/plugins/com.st.stm32cube.ide.mcu.externaltools.gnu-tools-for-stm32.11.3.rel1.win32_1.1.1.202309131626/tools/bin/../lib/gcc/arm-none-eabi/11.3.1/../../../../arm-none-eabi/lib/thumb/v7e-m+fp/hard\libc_nano.a(libc_a-errno.o)
                0x000000000800bbb0                __errno
 .text.__libc_init_array
                0x000000000800bbbc       0x48 C:/ST/STM32CubeIDE_1.13.2/STM32CubeIDE/plugins/com.st.stm32cube.ide.mcu.externaltools.gnu-tools-for-stm32.11.3.rel1.win32_1.1.1.202309131626/tools/bin/../lib/gcc/arm-none-eabi/11.3.1/../../../../arm-none-eabi/lib/thumb/v7e-m+fp/hard\libc_nano.a(libc_a-init.o)
                0x000000000800bbbc                __libc_init_array
 .text.__retarget_lock_init_recursive
                0x000000000800bc04        0x2 C:/ST/STM32CubeIDE_1.13.2/STM32CubeIDE/plugins/com.st.stm32cube.ide.mcu.externaltools.gnu-tools-for-stm32.11.3.rel1.win32_1.1.1.202309131626/tools/bin/../lib/gcc/arm-none-eabi/11.3.1/../../../../arm-none-eabi/lib/thumb/v7e-m+fp/hard\libc_nano.a(libc_a-lock.o)
                0x000000000800bc04                __retarget_lock_init_recursive
 .text.__retarget_lock_acquire_recursive
                0x000000000800bc06        0x2 C:/ST/STM32CubeIDE_1.13.2/STM32CubeIDE/plugins/com.st.stm32cube.ide.mcu.externaltools.gnu-tools-for-stm32.11.3.rel1.win32_1.1.1.202309131626/tools/bin/../lib/gcc/arm-none-eabi/11.3.1/../../../../arm-none-eabi/lib/thumb/v7e-m+fp/hard\libc_nano.a(libc_a-lock.o)
                0x000000000800bc06                __retarget_lock_acquire_recursive
 .text.__retarget_lock_release_recursive
                0x000000000800bc08        0x2 C:/ST/STM32CubeIDE_1.13.2/STM32CubeIDE/plugins/com.st.stm32cube.ide.mcu.externaltools.gnu-tools-for-stm32.11.3.rel1.win32_1.1.1.202309131626/tools/bin/../lib/gcc/arm-none-eabi/11.3.1/../../../../arm-none-eabi/lib/thumb/v7e-m+fp/hard\libc_nano.a(libc_a-lock.o)
                0x000000000800bc08                __retarget_lock_release_recursive
 .text.quorem   0x000000000800bc0a      0x110 C:/ST/STM32CubeIDE_1.13.2/STM32CubeIDE/plugins/com.st.stm32cube.ide.mcu.externaltools.gnu-tools-for-stm32.11.3.rel1.win32_1.1.1.202309131626/tools/bin/../lib/gcc/arm-none-eabi/11.3.1/../../../../arm-none-eabi/lib/thumb/v7e-m+fp/hard\libc_nano.a(libc_a-dtoa.o)
 *fill*         0x000000000800bd1a        0x6 
 .text._dtoa_r  0x000000000800bd20      0xbe4 C:/ST/STM32CubeIDE_1.13.2/STM32CubeIDE/plugins/com.st.stm32cube.ide.mcu.externaltools.gnu-tools-for-stm32.11.3.rel1.win32_1.1.1.202309131626/tools/bin/../lib/gcc/arm-none-eabi/11.3.1/../../../../arm-none-eabi/lib/thumb/v7e-m+fp/hard\libc_nano.a(libc_a-dtoa.o)
                0x000000000800bd20                _dtoa_r
 .text._free_r  0x000000000800c904       0x98 C:/ST/STM32CubeIDE_1.13.2/STM32CubeIDE/plugins/com.st.stm32cube.ide.mcu.externaltools.gnu-tools-for-stm32.11.3.rel1.win32_1.1.1.202309131626/tools/bin/../lib/gcc/arm-none-eabi/11.3.1/../../../../arm-none-eabi/lib/thumb/v7e-m+fp/hard\libc_nano.a(libc_a-freer.o)
                0x000000000800c904                _free_r
 .text.malloc   0x000000000800c99c       0x10 C:/ST/STM32CubeIDE_1.13.2/STM32CubeIDE/plugins/com.st.stm32cube.ide.mcu.externaltools.gnu-tools-for-stm32.11.3.rel1.win32_1.1.1.202309131626/tools/bin/../lib/gcc/arm-none-eabi/11.3.1/../../../../arm-none-eabi/lib/thumb/v7e-m+fp/hard\libc_nano.a(libc_a-malloc.o)
                0x000000000800c99c                malloc
 .text.sbrk_aligned
                0x000000000800c9ac       0x40 C:/ST/STM32CubeIDE_1.13.2/STM32CubeIDE/plugins/com.st.stm32cube.ide.mcu.externaltools.gnu-tools-for-stm32.11.3.rel1.win32_1.1.1.202309131626/tools/bin/../lib/gcc/arm-none-eabi/11.3.1/../../../../arm-none-eabi/lib/thumb/v7e-m+fp/hard\libc_nano.a(libc_a-mallocr.o)
 .text._malloc_r
                0x000000000800c9ec      0x100 C:/ST/STM32CubeIDE_1.13.2/STM32CubeIDE/plugins/com.st.stm32cube.ide.mcu.externaltools.gnu-tools-for-stm32.11.3.rel1.win32_1.1.1.202309131626/tools/bin/../lib/gcc/arm-none-eabi/11.3.1/../../../../arm-none-eabi/lib/thumb/v7e-m+fp/hard\libc_nano.a(libc_a-mallocr.o)
                0x000000000800c9ec                _malloc_r
 .text.__malloc_lock
                0x000000000800caec        0xc C:/ST/STM32CubeIDE_1.13.2/STM32CubeIDE/plugins/com.st.stm32cube.ide.mcu.externaltools.gnu-tools-for-stm32.11.3.rel1.win32_1.1.1.202309131626/tools/bin/../lib/gcc/arm-none-eabi/11.3.1/../../../../arm-none-eabi/lib/thumb/v7e-m+fp/hard\libc_nano.a(libc_a-mlock.o)
                0x000000000800caec                __malloc_lock
 .text.__malloc_unlock
                0x000000000800caf8        0xc C:/ST/STM32CubeIDE_1.13.2/STM32CubeIDE/plugins/com.st.stm32cube.ide.mcu.externaltools.gnu-tools-for-stm32.11.3.rel1.win32_1.1.1.202309131626/tools/bin/../lib/gcc/arm-none-eabi/11.3.1/../../../../arm-none-eabi/lib/thumb/v7e-m+fp/hard\libc_nano.a(libc_a-mlock.o)
                0x000000000800caf8                __malloc_unlock
 .text._Balloc  0x000000000800cb04       0x80 C:/ST/STM32CubeIDE_1.13.2/STM32CubeIDE/plugins/com.st.stm32cube.ide.mcu.externaltools.gnu-tools-for-stm32.11.3.rel1.win32_1.1.1.202309131626/tools/bin/../lib/gcc/arm-none-eabi/11.3.1/../../../../arm-none-eabi/lib/thumb/v7e-m+fp/hard\libc_nano.a(libc_a-mprec.o)
                0x000000000800cb04                _Balloc
 .text._Bfree   0x000000000800cb84       0x44 C:/ST/STM32CubeIDE_1.13.2/STM32CubeIDE/plugins/com.st.stm32cube.ide.mcu.externaltools.gnu-tools-for-stm32.11.3.rel1.win32_1.1.1.202309131626/tools/bin/../lib/gcc/arm-none-eabi/11.3.1/../../../../arm-none-eabi/lib/thumb/v7e-m+fp/hard\libc_nano.a(libc_a-mprec.o)
                0x000000000800cb84                _Bfree
 .text.__multadd
                0x000000000800cbc8       0x8c C:/ST/STM32CubeIDE_1.13.2/STM32CubeIDE/plugins/com.st.stm32cube.ide.mcu.externaltools.gnu-tools-for-stm32.11.3.rel1.win32_1.1.1.202309131626/tools/bin/../lib/gcc/arm-none-eabi/11.3.1/../../../../arm-none-eabi/lib/thumb/v7e-m+fp/hard\libc_nano.a(libc_a-mprec.o)
                0x000000000800cbc8                __multadd
 .text.__hi0bits
                0x000000000800cc54       0x40 C:/ST/STM32CubeIDE_1.13.2/STM32CubeIDE/plugins/com.st.stm32cube.ide.mcu.externaltools.gnu-tools-for-stm32.11.3.rel1.win32_1.1.1.202309131626/tools/bin/../lib/gcc/arm-none-eabi/11.3.1/../../../../arm-none-eabi/lib/thumb/v7e-m+fp/hard\libc_nano.a(libc_a-mprec.o)
                0x000000000800cc54                __hi0bits
 .text.__lo0bits
                0x000000000800cc94       0x5a C:/ST/STM32CubeIDE_1.13.2/STM32CubeIDE/plugins/com.st.stm32cube.ide.mcu.externaltools.gnu-tools-for-stm32.11.3.rel1.win32_1.1.1.202309131626/tools/bin/../lib/gcc/arm-none-eabi/11.3.1/../../../../arm-none-eabi/lib/thumb/v7e-m+fp/hard\libc_nano.a(libc_a-mprec.o)
                0x000000000800cc94                __lo0bits
 *fill*         0x000000000800ccee        0x2 
 .text.__i2b    0x000000000800ccf0       0x2c C:/ST/STM32CubeIDE_1.13.2/STM32CubeIDE/plugins/com.st.stm32cube.ide.mcu.externaltools.gnu-tools-for-stm32.11.3.rel1.win32_1.1.1.202309131626/tools/bin/../lib/gcc/arm-none-eabi/11.3.1/../../../../arm-none-eabi/lib/thumb/v7e-m+fp/hard\libc_nano.a(libc_a-mprec.o)
                0x000000000800ccf0                __i2b
 .text.__multiply
                0x000000000800cd1c      0x154 C:/ST/STM32CubeIDE_1.13.2/STM32CubeIDE/plugins/com.st.stm32cube.ide.mcu.externaltools.gnu-tools-for-stm32.11.3.rel1.win32_1.1.1.202309131626/tools/bin/../lib/gcc/arm-none-eabi/11.3.1/../../../../arm-none-eabi/lib/thumb/v7e-m+fp/hard\libc_nano.a(libc_a-mprec.o)
                0x000000000800cd1c                __multiply
 .text.__pow5mult
                0x000000000800ce70       0xb4 C:/ST/STM32CubeIDE_1.13.2/STM32CubeIDE/plugins/com.st.stm32cube.ide.mcu.externaltools.gnu-tools-for-stm32.11.3.rel1.win32_1.1.1.202309131626/tools/bin/../lib/gcc/arm-none-eabi/11.3.1/../../../../arm-none-eabi/lib/thumb/v7e-m+fp/hard\libc_nano.a(libc_a-mprec.o)
                0x000000000800ce70                __pow5mult
 .text.__lshift
                0x000000000800cf24       0xd8 C:/ST/STM32CubeIDE_1.13.2/STM32CubeIDE/plugins/com.st.stm32cube.ide.mcu.externaltools.gnu-tools-for-stm32.11.3.rel1.win32_1.1.1.202309131626/tools/bin/../lib/gcc/arm-none-eabi/11.3.1/../../../../arm-none-eabi/lib/thumb/v7e-m+fp/hard\libc_nano.a(libc_a-mprec.o)
                0x000000000800cf24                __lshift
 .text.__mcmp   0x000000000800cffc       0x38 C:/ST/STM32CubeIDE_1.13.2/STM32CubeIDE/plugins/com.st.stm32cube.ide.mcu.externaltools.gnu-tools-for-stm32.11.3.rel1.win32_1.1.1.202309131626/tools/bin/../lib/gcc/arm-none-eabi/11.3.1/../../../../arm-none-eabi/lib/thumb/v7e-m+fp/hard\libc_nano.a(libc_a-mprec.o)
                0x000000000800cffc                __mcmp
 .text.__mdiff  0x000000000800d034      0x114 C:/ST/STM32CubeIDE_1.13.2/STM32CubeIDE/plugins/com.st.stm32cube.ide.mcu.externaltools.gnu-tools-for-stm32.11.3.rel1.win32_1.1.1.202309131626/tools/bin/../lib/gcc/arm-none-eabi/11.3.1/../../../../arm-none-eabi/lib/thumb/v7e-m+fp/hard\libc_nano.a(libc_a-mprec.o)
                0x000000000800d034                __mdiff
 .text.__d2b    0x000000000800d148       0xb4 C:/ST/STM32CubeIDE_1.13.2/STM32CubeIDE/plugins/com.st.stm32cube.ide.mcu.externaltools.gnu-tools-for-stm32.11.3.rel1.win32_1.1.1.202309131626/tools/bin/../lib/gcc/arm-none-eabi/11.3.1/../../../../arm-none-eabi/lib/thumb/v7e-m+fp/hard\libc_nano.a(libc_a-mprec.o)
                0x000000000800d148                __d2b
 .text.__ssputs_r
                0x000000000800d1fc       0xb4 C:/ST/STM32CubeIDE_1.13.2/STM32CubeIDE/plugins/com.st.stm32cube.ide.mcu.externaltools.gnu-tools-for-stm32.11.3.rel1.win32_1.1.1.202309131626/tools/bin/../lib/gcc/arm-none-eabi/11.3.1/../../../../arm-none-eabi/lib/thumb/v7e-m+fp/hard\libc_nano.a(libc_a-nano-svfprintf.o)
                0x000000000800d1fc                __ssputs_r
 .text._svfprintf_r
                0x000000000800d2b0      0x1fc C:/ST/STM32CubeIDE_1.13.2/STM32CubeIDE/plugins/com.st.stm32cube.ide.mcu.externaltools.gnu-tools-for-stm32.11.3.rel1.win32_1.1.1.202309131626/tools/bin/../lib/gcc/arm-none-eabi/11.3.1/../../../../arm-none-eabi/lib/thumb/v7e-m+fp/hard\libc_nano.a(libc_a-nano-svfprintf.o)
                0x000000000800d2b0                _svfiprintf_r
                0x000000000800d2b0                _svfprintf_r
 .text.__sflush_r
                0x000000000800d4ac      0x10c C:/ST/STM32CubeIDE_1.13.2/STM32CubeIDE/plugins/com.st.stm32cube.ide.mcu.externaltools.gnu-tools-for-stm32.11.3.rel1.win32_1.1.1.202309131626/tools/bin/../lib/gcc/arm-none-eabi/11.3.1/../../../../arm-none-eabi/lib/thumb/v7e-m+fp/hard\libc_nano.a(libc_a-fflush.o)
                0x000000000800d4ac                __sflush_r
 .text._fflush_r
                0x000000000800d5b8       0x50 C:/ST/STM32CubeIDE_1.13.2/STM32CubeIDE/plugins/com.st.stm32cube.ide.mcu.externaltools.gnu-tools-for-stm32.11.3.rel1.win32_1.1.1.202309131626/tools/bin/../lib/gcc/arm-none-eabi/11.3.1/../../../../arm-none-eabi/lib/thumb/v7e-m+fp/hard\libc_nano.a(libc_a-fflush.o)
                0x000000000800d5b8                _fflush_r
 .text.memmove  0x000000000800d608       0x34 C:/ST/STM32CubeIDE_1.13.2/STM32CubeIDE/plugins/com.st.stm32cube.ide.mcu.externaltools.gnu-tools-for-stm32.11.3.rel1.win32_1.1.1.202309131626/tools/bin/../lib/gcc/arm-none-eabi/11.3.1/../../../../arm-none-eabi/lib/thumb/v7e-m+fp/hard\libc_nano.a(libc_a-memmove.o)
                0x000000000800d608                memmove
 .text._sbrk_r  0x000000000800d63c       0x20 C:/ST/STM32CubeIDE_1.13.2/STM32CubeIDE/plugins/com.st.stm32cube.ide.mcu.externaltools.gnu-tools-for-stm32.11.3.rel1.win32_1.1.1.202309131626/tools/bin/../lib/gcc/arm-none-eabi/11.3.1/../../../../arm-none-eabi/lib/thumb/v7e-m+fp/hard\libc_nano.a(libc_a-sbrkr.o)
                0x000000000800d63c                _sbrk_r
 .text.memcpy   0x000000000800d65c       0x1c C:/ST/STM32CubeIDE_1.13.2/STM32CubeIDE/plugins/com.st.stm32cube.ide.mcu.externaltools.gnu-tools-for-stm32.11.3.rel1.win32_1.1.1.202309131626/tools/bin/../lib/gcc/arm-none-eabi/11.3.1/../../../../arm-none-eabi/lib/thumb/v7e-m+fp/hard\libc_nano.a(libc_a-memcpy-stub.o)
                0x000000000800d65c                memcpy
 .text.__assert_func
                0x000000000800d678       0x3c C:/ST/STM32CubeIDE_1.13.2/STM32CubeIDE/plugins/com.st.stm32cube.ide.mcu.externaltools.gnu-tools-for-stm32.11.3.rel1.win32_1.1.1.202309131626/tools/bin/../lib/gcc/arm-none-eabi/11.3.1/../../../../arm-none-eabi/lib/thumb/v7e-m+fp/hard\libc_nano.a(libc_a-assert.o)
                0x000000000800d678                __assert_func
 .text._calloc_r
                0x000000000800d6b4       0x2c C:/ST/STM32CubeIDE_1.13.2/STM32CubeIDE/plugins/com.st.stm32cube.ide.mcu.externaltools.gnu-tools-for-stm32.11.3.rel1.win32_1.1.1.202309131626/tools/bin/../lib/gcc/arm-none-eabi/11.3.1/../../../../arm-none-eabi/lib/thumb/v7e-m+fp/hard\libc_nano.a(libc_a-callocr.o)
                0x000000000800d6b4                _calloc_r
 .text.__ascii_mbtowc
                0x000000000800d6e0       0x24 C:/ST/STM32CubeIDE_1.13.2/STM32CubeIDE/plugins/com.st.stm32cube.ide.mcu.externaltools.gnu-tools-for-stm32.11.3.rel1.win32_1.1.1.202309131626/tools/bin/../lib/gcc/arm-none-eabi/11.3.1/../../../../arm-none-eabi/lib/thumb/v7e-m+fp/hard\libc_nano.a(libc_a-mbtowc_r.o)
                0x000000000800d6e0                __ascii_mbtowc
 .text._realloc_r
                0x000000000800d704       0x5e C:/ST/STM32CubeIDE_1.13.2/STM32CubeIDE/plugins/com.st.stm32cube.ide.mcu.externaltools.gnu-tools-for-stm32.11.3.rel1.win32_1.1.1.202309131626/tools/bin/../lib/gcc/arm-none-eabi/11.3.1/../../../../arm-none-eabi/lib/thumb/v7e-m+fp/hard\libc_nano.a(libc_a-reallocr.o)
                0x000000000800d704                _realloc_r
 .text.__ascii_wctomb
                0x000000000800d762       0x1a C:/ST/STM32CubeIDE_1.13.2/STM32CubeIDE/plugins/com.st.stm32cube.ide.mcu.externaltools.gnu-tools-for-stm32.11.3.rel1.win32_1.1.1.202309131626/tools/bin/../lib/gcc/arm-none-eabi/11.3.1/../../../../arm-none-eabi/lib/thumb/v7e-m+fp/hard\libc_nano.a(libc_a-wctomb_r.o)
                0x000000000800d762                __ascii_wctomb
 .text.fprintf  0x000000000800d77c       0x24 C:/ST/STM32CubeIDE_1.13.2/STM32CubeIDE/plugins/com.st.stm32cube.ide.mcu.externaltools.gnu-tools-for-stm32.11.3.rel1.win32_1.1.1.202309131626/tools/bin/../lib/gcc/arm-none-eabi/11.3.1/../../../../arm-none-eabi/lib/thumb/v7e-m+fp/hard\libc_nano.a(libc_a-fprintf.o)
                0x000000000800d77c                fiprintf
                0x000000000800d77c                fprintf
 .text.abort    0x000000000800d7a0        0xe C:/ST/STM32CubeIDE_1.13.2/STM32CubeIDE/plugins/com.st.stm32cube.ide.mcu.externaltools.gnu-tools-for-stm32.11.3.rel1.win32_1.1.1.202309131626/tools/bin/../lib/gcc/arm-none-eabi/11.3.1/../../../../arm-none-eabi/lib/thumb/v7e-m+fp/hard\libc_nano.a(libc_a-abort.o)
                0x000000000800d7a0                abort
 .text._malloc_usable_size_r
                0x000000000800d7ae       0x10 C:/ST/STM32CubeIDE_1.13.2/STM32CubeIDE/plugins/com.st.stm32cube.ide.mcu.externaltools.gnu-tools-for-stm32.11.3.rel1.win32_1.1.1.202309131626/tools/bin/../lib/gcc/arm-none-eabi/11.3.1/../../../../arm-none-eabi/lib/thumb/v7e-m+fp/hard\libc_nano.a(libc_a-msizer.o)
                0x000000000800d7ae                _malloc_usable_size_r
 .text.__sfputc_r
                0x000000000800d7be       0x2e C:/ST/STM32CubeIDE_1.13.2/STM32CubeIDE/plugins/com.st.stm32cube.ide.mcu.externaltools.gnu-tools-for-stm32.11.3.rel1.win32_1.1.1.202309131626/tools/bin/../lib/gcc/arm-none-eabi/11.3.1/../../../../arm-none-eabi/lib/thumb/v7e-m+fp/hard\libc_nano.a(libc_a-nano-vfprintf.o)
 .text.__sfputs_r
                0x000000000800d7ec       0x24 C:/ST/STM32CubeIDE_1.13.2/STM32CubeIDE/plugins/com.st.stm32cube.ide.mcu.externaltools.gnu-tools-for-stm32.11.3.rel1.win32_1.1.1.202309131626/tools/bin/../lib/gcc/arm-none-eabi/11.3.1/../../../../arm-none-eabi/lib/thumb/v7e-m+fp/hard\libc_nano.a(libc_a-nano-vfprintf.o)
                0x000000000800d7ec                __sfputs_r
 .text._vfprintf_r
                0x000000000800d810      0x234 C:/ST/STM32CubeIDE_1.13.2/STM32CubeIDE/plugins/com.st.stm32cube.ide.mcu.externaltools.gnu-tools-for-stm32.11.3.rel1.win32_1.1.1.202309131626/tools/bin/../lib/gcc/arm-none-eabi/11.3.1/../../../../arm-none-eabi/lib/thumb/v7e-m+fp/hard\libc_nano.a(libc_a-nano-vfprintf.o)
                0x000000000800d810                _vfprintf_r
                0x000000000800d810                _vfiprintf_r
 .text.__swbuf_r
                0x000000000800da44       0x7a C:/ST/STM32CubeIDE_1.13.2/STM32CubeIDE/plugins/com.st.stm32cube.ide.mcu.externaltools.gnu-tools-for-stm32.11.3.rel1.win32_1.1.1.202309131626/tools/bin/../lib/gcc/arm-none-eabi/11.3.1/../../../../arm-none-eabi/lib/thumb/v7e-m+fp/hard\libc_nano.a(libc_a-wbuf.o)
                0x000000000800da44                __swbuf_r
 *fill*         0x000000000800dabe        0x2 
 .text.__swsetup_r
                0x000000000800dac0       0xb0 C:/ST/STM32CubeIDE_1.13.2/STM32CubeIDE/plugins/com.st.stm32cube.ide.mcu.externaltools.gnu-tools-for-stm32.11.3.rel1.win32_1.1.1.202309131626/tools/bin/../lib/gcc/arm-none-eabi/11.3.1/../../../../arm-none-eabi/lib/thumb/v7e-m+fp/hard\libc_nano.a(libc_a-wsetup.o)
                0x000000000800dac0                __swsetup_r
 .text._raise_r
                0x000000000800db70       0x50 C:/ST/STM32CubeIDE_1.13.2/STM32CubeIDE/plugins/com.st.stm32cube.ide.mcu.externaltools.gnu-tools-for-stm32.11.3.rel1.win32_1.1.1.202309131626/tools/bin/../lib/gcc/arm-none-eabi/11.3.1/../../../../arm-none-eabi/lib/thumb/v7e-m+fp/hard\libc_nano.a(libc_a-signal.o)
                0x000000000800db70                _raise_r
 .text.raise    0x000000000800dbc0       0x10 C:/ST/STM32CubeIDE_1.13.2/STM32CubeIDE/plugins/com.st.stm32cube.ide.mcu.externaltools.gnu-tools-for-stm32.11.3.rel1.win32_1.1.1.202309131626/tools/bin/../lib/gcc/arm-none-eabi/11.3.1/../../../../arm-none-eabi/lib/thumb/v7e-m+fp/hard\libc_nano.a(libc_a-signal.o)
                0x000000000800dbc0                raise
 .text._kill_r  0x000000000800dbd0       0x24 C:/ST/STM32CubeIDE_1.13.2/STM32CubeIDE/plugins/com.st.stm32cube.ide.mcu.externaltools.gnu-tools-for-stm32.11.3.rel1.win32_1.1.1.202309131626/tools/bin/../lib/gcc/arm-none-eabi/11.3.1/../../../../arm-none-eabi/lib/thumb/v7e-m+fp/hard\libc_nano.a(libc_a-signalr.o)
                0x000000000800dbd0                _kill_r
 .text._getpid_r
                0x000000000800dbf4        0x4 C:/ST/STM32CubeIDE_1.13.2/STM32CubeIDE/plugins/com.st.stm32cube.ide.mcu.externaltools.gnu-tools-for-stm32.11.3.rel1.win32_1.1.1.202309131626/tools/bin/../lib/gcc/arm-none-eabi/11.3.1/../../../../arm-none-eabi/lib/thumb/v7e-m+fp/hard\libc_nano.a(libc_a-signalr.o)
                0x000000000800dbf4                _getpid_r
 .text.__swhatbuf_r
                0x000000000800dbf8       0x4c C:/ST/STM32CubeIDE_1.13.2/STM32CubeIDE/plugins/com.st.stm32cube.ide.mcu.externaltools.gnu-tools-for-stm32.11.3.rel1.win32_1.1.1.202309131626/tools/bin/../lib/gcc/arm-none-eabi/11.3.1/../../../../arm-none-eabi/lib/thumb/v7e-m+fp/hard\libc_nano.a(libc_a-makebuf.o)
                0x000000000800dbf8                __swhatbuf_r
 .text.__smakebuf_r
                0x000000000800dc44       0x78 C:/ST/STM32CubeIDE_1.13.2/STM32CubeIDE/plugins/com.st.stm32cube.ide.mcu.externaltools.gnu-tools-for-stm32.11.3.rel1.win32_1.1.1.202309131626/tools/bin/../lib/gcc/arm-none-eabi/11.3.1/../../../../arm-none-eabi/lib/thumb/v7e-m+fp/hard\libc_nano.a(libc_a-makebuf.o)
                0x000000000800dc44                __smakebuf_r
 .text._fstat_r
                0x000000000800dcbc       0x24 C:/ST/STM32CubeIDE_1.13.2/STM32CubeIDE/plugins/com.st.stm32cube.ide.mcu.externaltools.gnu-tools-for-stm32.11.3.rel1.win32_1.1.1.202309131626/tools/bin/../lib/gcc/arm-none-eabi/11.3.1/../../../../arm-none-eabi/lib/thumb/v7e-m+fp/hard\libc_nano.a(libc_a-fstatr.o)
                0x000000000800dcbc                _fstat_r
 .text._isatty_r
                0x000000000800dce0       0x20 C:/ST/STM32CubeIDE_1.13.2/STM32CubeIDE/plugins/com.st.stm32cube.ide.mcu.externaltools.gnu-tools-for-stm32.11.3.rel1.win32_1.1.1.202309131626/tools/bin/../lib/gcc/arm-none-eabi/11.3.1/../../../../arm-none-eabi/lib/thumb/v7e-m+fp/hard\libc_nano.a(libc_a-isattyr.o)
                0x000000000800dce0                _isatty_r
 *(.glue_7)
 .glue_7        0x000000000800dd00        0x0 linker stubs
 *(.glue_7t)
 .glue_7t       0x000000000800dd00        0x0 linker stubs
 *(.eh_frame)
 .eh_frame      0x000000000800dd00        0x0 C:/ST/STM32CubeIDE_1.13.2/STM32CubeIDE/plugins/com.st.stm32cube.ide.mcu.externaltools.gnu-tools-for-stm32.11.3.rel1.win32_1.1.1.202309131626/tools/bin/../lib/gcc/arm-none-eabi/11.3.1/thumb/v7e-m+fp/hard/crtbegin.o
 *(.init)
 .init          0x000000000800dd00        0x4 C:/ST/STM32CubeIDE_1.13.2/STM32CubeIDE/plugins/com.st.stm32cube.ide.mcu.externaltools.gnu-tools-for-stm32.11.3.rel1.win32_1.1.1.202309131626/tools/bin/../lib/gcc/arm-none-eabi/11.3.1/thumb/v7e-m+fp/hard/crti.o
                0x000000000800dd00                _init
 .init          0x000000000800dd04        0x8 C:/ST/STM32CubeIDE_1.13.2/STM32CubeIDE/plugins/com.st.stm32cube.ide.mcu.externaltools.gnu-tools-for-stm32.11.3.rel1.win32_1.1.1.202309131626/tools/bin/../lib/gcc/arm-none-eabi/11.3.1/thumb/v7e-m+fp/hard/crtn.o
 *(.fini)
 .fini          0x000000000800dd0c        0x4 C:/ST/STM32CubeIDE_1.13.2/STM32CubeIDE/plugins/com.st.stm32cube.ide.mcu.externaltools.gnu-tools-for-stm32.11.3.rel1.win32_1.1.1.202309131626/tools/bin/../lib/gcc/arm-none-eabi/11.3.1/thumb/v7e-m+fp/hard/crti.o
                0x000000000800dd0c                _fini
 .fini          0x000000000800dd10        0x8 C:/ST/STM32CubeIDE_1.13.2/STM32CubeIDE/plugins/com.st.stm32cube.ide.mcu.externaltools.gnu-tools-for-stm32.11.3.rel1.win32_1.1.1.202309131626/tools/bin/../lib/gcc/arm-none-eabi/11.3.1/thumb/v7e-m+fp/hard/crtn.o
                0x000000000800dd18                . = ALIGN (0x4)
                0x000000000800dd18                _etext = .

.vfp11_veneer   0x000000000800dd18        0x0
 .vfp11_veneer  0x000000000800dd18        0x0 linker stubs

.v4_bx          0x000000000800dd18        0x0
 .v4_bx         0x000000000800dd18        0x0 linker stubs

.iplt           0x000000000800dd18        0x0
 .iplt          0x000000000800dd18        0x0 C:/ST/STM32CubeIDE_1.13.2/STM32CubeIDE/plugins/com.st.stm32cube.ide.mcu.externaltools.gnu-tools-for-stm32.11.3.rel1.win32_1.1.1.202309131626/tools/bin/../lib/gcc/arm-none-eabi/11.3.1/thumb/v7e-m+fp/hard/crtbegin.o

.rodata         0x000000000800dd18     0x2f6c
                0x000000000800dd18                . = ALIGN (0x4)
 *(.rodata)
 .rodata        0x000000000800dd18       0x48 ./Core/Src/main.o
 *(.rodata*)
 .rodata.AHBPrescTable
                0x000000000800dd60       0x10 ./Core/Src/system_stm32f7xx.o
                0x000000000800dd60                AHBPrescTable
 .rodata.APBPrescTable
                0x000000000800dd70        0x8 ./Core/Src/system_stm32f7xx.o
                0x000000000800dd70                APBPrescTable
 .rodata.Font24_Table
                0x000000000800dd78     0x1ab8 ./Drivers/BSP/STM32746G-Discovery/stm32746g_discovery_lcd.o
                0x000000000800dd78                Font24_Table
 .rodata.Font20_Table
                0x000000000800f830      0xed8 ./Drivers/BSP/STM32746G-Discovery/stm32746g_discovery_lcd.o
                0x000000000800f830                Font20_Table
 .rodata.flagBitshiftOffset.0
                0x0000000008010708        0x8 ./Drivers/STM32F7xx_HAL_Driver/Src/stm32f7xx_hal_dma.o
 .rodata.aucCRCHi
                0x0000000008010710      0x100 ./MODBUS/crc16.o
 .rodata.aucCRCLo
                0x0000000008010810      0x100 ./MODBUS/crc16.o
 .rodata._printf_float.str1.1
                0x0000000008010910       0x12 C:/ST/STM32CubeIDE_1.13.2/STM32CubeIDE/plugins/com.st.stm32cube.ide.mcu.externaltools.gnu-tools-for-stm32.11.3.rel1.win32_1.1.1.202309131626/tools/bin/../lib/gcc/arm-none-eabi/11.3.1/../../../../arm-none-eabi/lib/thumb/v7e-m+fp/hard\libc_nano.a(libc_a-nano-vfprintf_float.o)