../Drivers/CMSIS/Include/core_cm7.h:2229:22:SCB_EnableICache	4	static,ignoring_inline_asm
../Drivers/CMSIS/Include/core_cm7.h:2281:22:SCB_EnableDCache	24	static,ignoring_inline_asm
../Core/Src/main.c:155:6:Communication_Mode	16	static
../Core/Src/main.c:164:6:Communication_Put	16	static
../Core/Src/main.c:168:9:Communication_Get	16	static
../Core/Src/main.c:175:6:Enable50usTimer	8	static
../Core/Src/main.c:179:6:Disable50usTimer	8	static
../Core/Src/main.c:187:6:HAL_GPIO_EXTI_Callback	16	static
../Core/Src/main.c:193:6:DrawPointOfTouch	16	static
../Core/Src/main.c:211:6:DrawCalibrationCross	16	static
../Core/Src/main.c:224:6:HAL_LTDC_LineEventCallback	16	static
../Core/Src/main.c:233:6:HAL_ADC_ConvCpltCallback	16	static
../Core/Src/main.c:243:6:HAL_UART_RxCpltCallback	16	static
../Core/Src/main.c:251:6:HAL_UART_TxCpltCallback	16	static
../Core/Src/main.c:256:6:HAL_TIM_PeriodElapsedCallback	72	static
../Core/Src/main.c:338:5:main	16	static
../Core/Src/main.c:447:6:SystemClock_Config	88	static
../Core/Src/main.c:500:13:MX_ADC1_Init	24	static
../Core/Src/main.c:550:13:MX_ADC3_Init	24	static
../Core/Src/main.c:608:13:MX_DMA2D_Init	8	static
../Core/Src/main.c:645:13:MX_LTDC_Init	112	static
../Core/Src/main.c:733:13:MX_TIM2_Init	40	static
../Core/Src/main.c:778:13:MX_TIM3_Init	40	static
../Core/Src/main.c:823:13:MX_TIM4_Init	40	static
../Core/Src/main.c:868:13:MX_TIM5_Init	40	static
../Core/Src/main.c:913:13:MX_USART1_UART_Init	8	static
../Core/Src/main.c:948:13:MX_USART6_UART_Init	8	static
../Core/Src/main.c:981:13:MX_DMA_Init	16	static
../Core/Src/main.c:995:13:MX_FMC_Init	56	static
../Core/Src/main.c:1098:13:MX_GPIO_Init	72	static
../Core/Src/main.c:1170:6:Error_Handler	4	static
