../Core/Src/stm32f7xx_hal_msp.c:68:6:HAL_MspInit	16	static
../Core/Src/stm32f7xx_hal_msp.c:90:6:HAL_ADC_MspInit	56	static
../Core/Src/stm32f7xx_hal_msp.c:183:6:HAL_ADC_MspDeInit	16	static
../Core/Src/stm32f7xx_hal_msp.c:233:6:HAL_DMA2D_MspInit	24	static
../Core/Src/stm32f7xx_hal_msp.c:255:6:HAL_DMA2D_MspDeInit	16	static
../Core/Src/stm32f7xx_hal_msp.c:277:6:HAL_LTDC_MspInit	208	static
../Core/Src/stm32f7xx_hal_msp.c:435:6:HAL_LTDC_MspDeInit	16	static
../Core/Src/stm32f7xx_hal_msp.c:509:6:HAL_TIM_Base_MspInit	32	static
../Core/Src/stm32f7xx_hal_msp.c:576:6:HAL_TIM_Base_MspDeInit	16	static
../Core/Src/stm32f7xx_hal_msp.c:643:6:HAL_UART_MspInit	192	static
../Core/Src/stm32f7xx_hal_msp.c:737:6:HAL_UART_MspDeInit	16	static
../Core/Src/stm32f7xx_hal_msp.c:786:13:HAL_FMC_MspInit	32	static
../Core/Src/stm32f7xx_hal_msp.c:899:6:HAL_SDRAM_MspInit	16	static
../Core/Src/stm32f7xx_hal_msp.c:911:13:HAL_FMC_MspDeInit	8	static
../Core/Src/stm32f7xx_hal_msp.c:985:6:HAL_SDRAM_MspDeInit	16	static
