stm32f746g_discovery_lcd.c:81:10:BSP_LCD_GetXSize	4	static
stm32f746g_discovery_lcd.c:90:10:BSP_LCD_GetYSize	4	static
stm32f746g_discovery_lcd.c:100:6:BSP_LCD_SetXSize	16	static
stm32f746g_discovery_lcd.c:110:6:BSP_LCD_SetYSize	16	static
stm32f746g_discovery_lcd.c:121:6:BSP_LCD_LayerDefaultInit	16	static
stm32f746g_discovery_lcd.c:155:6:BSP_LCD_LayerRgb565Init	16	static
stm32f746g_discovery_lcd.c:188:6:BSP_LCD_SelectLayer	16	static
stm32f746g_discovery_lcd.c:202:6:BSP_LCD_SetLayerVisible	16	static
stm32f746g_discovery_lcd.c:224:6:BSP_LCD_SetLayerVisible_NoReload	16	static
stm32f746g_discovery_lcd.c:244:6:BSP_LCD_SetTransparency	16	static
stm32f746g_discovery_lcd.c:256:6:BSP_LCD_SetTransparency_NoReload	16	static
stm32f746g_discovery_lcd.c:267:6:BSP_LCD_SetLayerAddress	16	static
stm32f746g_discovery_lcd.c:278:6:BSP_LCD_SetLayerAddress_NoReload	16	static
stm32f746g_discovery_lcd.c:292:6:BSP_LCD_SetLayerWindow	24	static
stm32f746g_discovery_lcd.c:310:6:BSP_LCD_SetLayerWindow_NoReload	24	static
stm32f746g_discovery_lcd.c:325:6:BSP_LCD_SetColorKeying	16	static
stm32f746g_discovery_lcd.c:338:6:BSP_LCD_SetColorKeying_NoReload	16	static
stm32f746g_discovery_lcd.c:350:6:BSP_LCD_ResetColorKeying	16	static
stm32f746g_discovery_lcd.c:361:6:BSP_LCD_ResetColorKeying_NoReload	16	static
stm32f746g_discovery_lcd.c:374:6:BSP_LCD_Reload	16	static
stm32f746g_discovery_lcd.c:384:6:BSP_LCD_SetTextColor	16	static
stm32f746g_discovery_lcd.c:393:10:BSP_LCD_GetTextColor	4	static
stm32f746g_discovery_lcd.c:403:6:BSP_LCD_SetBackColor	16	static
stm32f746g_discovery_lcd.c:412:10:BSP_LCD_GetBackColor	4	static
stm32f746g_discovery_lcd.c:422:6:BSP_LCD_SetFont	16	static
stm32f746g_discovery_lcd.c:431:8:BSP_LCD_GetFont	4	static
stm32f746g_discovery_lcd.c:442:10:BSP_LCD_ReadPixel	32	static
stm32f746g_discovery_lcd.c:477:6:BSP_LCD_Clear	40	static
stm32f746g_discovery_lcd.c:488:6:BSP_LCD_ClearStringLine	32	static
stm32f746g_discovery_lcd.c:508:6:BSP_LCD_DisplayChar	24	static
stm32f746g_discovery_lcd.c:526:6:BSP_LCD_DisplayStringAt	48	static
stm32f746g_discovery_lcd.c:587:6:BSP_LCD_DisplayStringAtLine	16	static
stm32f746g_discovery_lcd.c:599:6:BSP_LCD_DrawHLine	40	static
stm32f746g_discovery_lcd.c:624:6:BSP_LCD_DrawVLine	48	static
stm32f746g_discovery_lcd.c:650:6:BSP_LCD_DrawLine	56	static
stm32f746g_discovery_lcd.c:725:6:BSP_LCD_DrawRect	24	static
stm32f746g_discovery_lcd.c:743:6:BSP_LCD_DrawCircle	40	static
stm32f746g_discovery_lcd.c:790:6:BSP_LCD_DrawPolygon	32	static
stm32f746g_discovery_lcd.c:818:6:BSP_LCD_DrawEllipse	64	static
stm32f746g_discovery_lcd.c:851:6:BSP_LCD_DrawPixel	24	static
stm32f746g_discovery_lcd.c:875:6:BSP_LCD_DrawBitmap	56	static
stm32f746g_discovery_lcd.c:936:6:BSP_LCD_FillRect	48	static
stm32f746g_discovery_lcd.c:963:6:BSP_LCD_FillCircle	32	static
stm32f746g_discovery_lcd.c:1011:6:BSP_LCD_FillPolygon	64	static
stm32f746g_discovery_lcd.c:1079:6:BSP_LCD_FillEllipse	56	static
stm32f746g_discovery_lcd.c:1109:6:BSP_LCD_DisplayOn	8	static
stm32f746g_discovery_lcd.c:1121:6:BSP_LCD_DisplayOff	8	static
stm32f746g_discovery_lcd.c:1140:13:DrawChar	40	static
stm32f746g_discovery_lcd.c:1199:13:FillTriangle	56	static
stm32f746g_discovery_lcd.c:1277:13:LL_FillBuffer	32	static
stm32f746g_discovery_lcd.c:1315:13:LL_ConvertLineToARGB8888	32	static
