../MODBUS/modbus.c:37:6:Timer50usTick	8	static
../MODBUS/modbus.c:46:6:SetTimeout	16	static
../MODBUS/modbus.c:50:6:TimeoutTick	4	static
../MODBUS/modbus.c:55:6:TimeoutPassed	4	static
../MODBUS/modbus.c:61:6:Set50usTimer	16	static
../MODBUS/modbus.c:70:6:Start50usTimer	8	static
../MODBUS/modbus.c:78:6:Stop50usTimer	8	static
../MODBUS/modbus.c:83:6:Reset50usTimer	4	static
../MODBUS/modbus.c:89:6:Ist15Expired	4	static
../MODBUS/modbus.c:93:6:Ist35Expired	4	static
../MODBUS/modbus.c:97:6:Is50usTimerStarted	4	static
../MODBUS/modbus.c:102:6:SetCharacterReceived	16	static
../MODBUS/modbus.c:106:6:SetCharacterReadyToTransmit	8	static
../MODBUS/modbus.c:113:6:MB_SendRequest	24	static
../MODBUS/modbus.c:130:19:MB_GetResponse	24	static
../MODBUS/modbus.c:150:6:MB_Config	16	static
../MODBUS/modbus.c:158:6:MB	8	static
../MODBUS/modbus.c:243:6:MB_Buf_append	16	static
../MODBUS/modbus.c:250:9:MB_Buf_pop	16	static
../MODBUS/modbus.c:269:6:MB_Buf_control	8	static
../MODBUS/modbus.c:278:6:MB_Buf_process_master	4	static
../MODBUS/modbus.c:281:6:MB_Buf_process_slave	24	static
../MODBUS/modbus.c:548:6:MB_Buf_clear	16	static
../MODBUS/modbus.c:557:13:Communication_Put	16	static
../MODBUS/modbus.c:558:16:Communication_Get	4	static
../MODBUS/modbus.c:559:13:Communication_Mode	16	static
../MODBUS/modbus.c:560:13:Enable50usTimer	4	static
../MODBUS/modbus.c:561:13:Disable50usTimer	4	static
